Archive member included to satisfy reference by file (symbol)

/usr/lib/gcc/arm-none-eabi/12.2.0/../../../../arm-none-eabi/lib/thumb/v7e-m+dp/hard/libc_nano.a(libc_a-atexit.o)
                              /usr/lib/gcc/arm-none-eabi/12.2.0/../../../../arm-none-eabi/lib/thumb/v7e-m+dp/hard/crt0.o (atexit)
/usr/lib/gcc/arm-none-eabi/12.2.0/../../../../arm-none-eabi/lib/thumb/v7e-m+dp/hard/libc_nano.a(libc_a-exit.o)
                              /usr/lib/gcc/arm-none-eabi/12.2.0/../../../../arm-none-eabi/lib/thumb/v7e-m+dp/hard/crt0.o (exit)
/usr/lib/gcc/arm-none-eabi/12.2.0/../../../../arm-none-eabi/lib/thumb/v7e-m+dp/hard/libc_nano.a(libc_a-findfp.o)
                              /usr/lib/gcc/arm-none-eabi/12.2.0/../../../../arm-none-eabi/lib/thumb/v7e-m+dp/hard/libc_nano.a(libc_a-exit.o) (__stdio_exit_handler)
/usr/lib/gcc/arm-none-eabi/12.2.0/../../../../arm-none-eabi/lib/thumb/v7e-m+dp/hard/libc_nano.a(libc_a-fwalk.o)
                              /usr/lib/gcc/arm-none-eabi/12.2.0/../../../../arm-none-eabi/lib/thumb/v7e-m+dp/hard/libc_nano.a(libc_a-findfp.o) (_fwalk_sglue)
/usr/lib/gcc/arm-none-eabi/12.2.0/../../../../arm-none-eabi/lib/thumb/v7e-m+dp/hard/libc_nano.a(libc_a-sprintf.o)
                              ./Core/Src/main.o (sprintf)
/usr/lib/gcc/arm-none-eabi/12.2.0/../../../../arm-none-eabi/lib/thumb/v7e-m+dp/hard/libc_nano.a(libc_a-stdio.o)
                              /usr/lib/gcc/arm-none-eabi/12.2.0/../../../../arm-none-eabi/lib/thumb/v7e-m+dp/hard/libc_nano.a(libc_a-findfp.o) (__sread)
/usr/lib/gcc/arm-none-eabi/12.2.0/../../../../arm-none-eabi/lib/thumb/v7e-m+dp/hard/libc_nano.a(libc_a-memset.o)
                              /usr/lib/gcc/arm-none-eabi/12.2.0/../../../../arm-none-eabi/lib/thumb/v7e-m+dp/hard/crt0.o (memset)
/usr/lib/gcc/arm-none-eabi/12.2.0/../../../../arm-none-eabi/lib/thumb/v7e-m+dp/hard/libc_nano.a(libc_a-closer.o)
                              /usr/lib/gcc/arm-none-eabi/12.2.0/../../../../arm-none-eabi/lib/thumb/v7e-m+dp/hard/libc_nano.a(libc_a-stdio.o) (_close_r)
/usr/lib/gcc/arm-none-eabi/12.2.0/../../../../arm-none-eabi/lib/thumb/v7e-m+dp/hard/libc_nano.a(libc_a-reent.o)
                              /usr/lib/gcc/arm-none-eabi/12.2.0/../../../../arm-none-eabi/lib/thumb/v7e-m+dp/hard/libc_nano.a(libc_a-closer.o) (errno)
/usr/lib/gcc/arm-none-eabi/12.2.0/../../../../arm-none-eabi/lib/thumb/v7e-m+dp/hard/libc_nano.a(libc_a-impure.o)
                              /usr/lib/gcc/arm-none-eabi/12.2.0/../../../../arm-none-eabi/lib/thumb/v7e-m+dp/hard/libc_nano.a(libc_a-sprintf.o) (_impure_ptr)
/usr/lib/gcc/arm-none-eabi/12.2.0/../../../../arm-none-eabi/lib/thumb/v7e-m+dp/hard/libc_nano.a(libc_a-lseekr.o)
                              /usr/lib/gcc/arm-none-eabi/12.2.0/../../../../arm-none-eabi/lib/thumb/v7e-m+dp/hard/libc_nano.a(libc_a-stdio.o) (_lseek_r)
/usr/lib/gcc/arm-none-eabi/12.2.0/../../../../arm-none-eabi/lib/thumb/v7e-m+dp/hard/libc_nano.a(libc_a-readr.o)
                              /usr/lib/gcc/arm-none-eabi/12.2.0/../../../../arm-none-eabi/lib/thumb/v7e-m+dp/hard/libc_nano.a(libc_a-stdio.o) (_read_r)
/usr/lib/gcc/arm-none-eabi/12.2.0/../../../../arm-none-eabi/lib/thumb/v7e-m+dp/hard/libc_nano.a(libc_a-writer.o)
                              /usr/lib/gcc/arm-none-eabi/12.2.0/../../../../arm-none-eabi/lib/thumb/v7e-m+dp/hard/libc_nano.a(libc_a-stdio.o) (_write_r)
/usr/lib/gcc/arm-none-eabi/12.2.0/../../../../arm-none-eabi/lib/thumb/v7e-m+dp/hard/libc_nano.a(libc_a-errno.o)
                              ./Core/Src/syscalls.o (__errno)
/usr/lib/gcc/arm-none-eabi/12.2.0/../../../../arm-none-eabi/lib/thumb/v7e-m+dp/hard/libc_nano.a(libc_a-init.o)
                              /usr/lib/gcc/arm-none-eabi/12.2.0/../../../../arm-none-eabi/lib/thumb/v7e-m+dp/hard/crt0.o (__libc_init_array)
/usr/lib/gcc/arm-none-eabi/12.2.0/../../../../arm-none-eabi/lib/thumb/v7e-m+dp/hard/libc_nano.a(libc_a-fini.o)
                              /usr/lib/gcc/arm-none-eabi/12.2.0/../../../../arm-none-eabi/lib/thumb/v7e-m+dp/hard/crt0.o (__libc_fini_array)
/usr/lib/gcc/arm-none-eabi/12.2.0/../../../../arm-none-eabi/lib/thumb/v7e-m+dp/hard/libc_nano.a(libc_a-lock.o)
                              /usr/lib/gcc/arm-none-eabi/12.2.0/../../../../arm-none-eabi/lib/thumb/v7e-m+dp/hard/libc_nano.a(libc_a-findfp.o) (__retarget_lock_init_recursive)
/usr/lib/gcc/arm-none-eabi/12.2.0/../../../../arm-none-eabi/lib/thumb/v7e-m+dp/hard/libc_nano.a(libc_a-__atexit.o)
                              /usr/lib/gcc/arm-none-eabi/12.2.0/../../../../arm-none-eabi/lib/thumb/v7e-m+dp/hard/libc_nano.a(libc_a-atexit.o) (__register_exitproc)
/usr/lib/gcc/arm-none-eabi/12.2.0/../../../../arm-none-eabi/lib/thumb/v7e-m+dp/hard/libc_nano.a(libc_a-__call_atexit.o)
                              /usr/lib/gcc/arm-none-eabi/12.2.0/../../../../arm-none-eabi/lib/thumb/v7e-m+dp/hard/libc_nano.a(libc_a-__atexit.o) (__call_exitprocs)
[...]
Memory Configuration

Name             Origin             Length             Attributes
ITCMRAM          0x0000000000000000 0x0000000000010000 xrw
FLASH            0x0000000008000000 0x0000000000200000 xr
DTCMRAM1         0x0000000020000000 0x0000000000010000 xrw
DTCMRAM2         0x0000000020010000 0x0000000000010000 xrw
RAM              0x0000000024000000 0x0000000000100000 xrw
RAM_CD           0x0000000030000000 0x0000000000020000 xrw
RAM_SRD          0x0000000038000000 0x0000000000008000 xrw
*default*        0x0000000000000000 0xffffffffffffffff

Linker script and memory map

LOAD /usr/lib/gcc/arm-none-eabi/12.2.0/thumb/v7e-m+dp/hard/crti.o
LOAD /usr/lib/gcc/arm-none-eabi/12.2.0/thumb/v7e-m+dp/hard/crtbegin.o
LOAD /usr/lib/gcc/arm-none-eabi/12.2.0/../../../../arm-none-eabi/lib/thumb/v7e-m+dp/hard/crt0.o
LOAD ./Core/Src/main.o
LOAD ./Core/Src/stm32h7xx_hal_msp.o
LOAD ./Core/Src/stm32h7xx_it.o
LOAD ./Core/Src/syscalls.o
LOAD ./Core/Src/sysmem.o
LOAD ./Core/Src/system_stm32h7xx.o
LOAD ./Core/Startup/startup_stm32h7a3zitxq.o
LOAD ./Drivers/STM32H7xx_HAL_Driver/Src/stm32h7xx_hal.o
LOAD ./Drivers/STM32H7xx_HAL_Driver/Src/stm32h7xx_hal_adc.o
LOAD ./Drivers/STM32H7xx_HAL_Driver/Src/stm32h7xx_hal_adc_ex.o
LOAD ./Drivers/STM32H7xx_HAL_Driver/Src/stm32h7xx_hal_cortex.o
LOAD ./Drivers/STM32H7xx_HAL_Driver/Src/stm32h7xx_hal_dma.o
LOAD ./Drivers/STM32H7xx_HAL_Driver/Src/stm32h7xx_hal_dma_ex.o
LOAD ./Drivers/STM32H7xx_HAL_Driver/Src/stm32h7xx_hal_exti.o
LOAD ./Drivers/STM32H7xx_HAL_Driver/Src/stm32h7xx_hal_flash.o
LOAD ./Drivers/STM32H7xx_HAL_Driver/Src/stm32h7xx_hal_flash_ex.o
LOAD ./Drivers/STM32H7xx_HAL_Driver/Src/stm32h7xx_hal_gpio.o
LOAD ./Drivers/STM32H7xx_HAL_Driver/Src/stm32h7xx_hal_hsem.o
LOAD ./Drivers/STM32H7xx_HAL_Driver/Src/stm32h7xx_hal_i2c.o
LOAD ./Drivers/STM32H7xx_HAL_Driver/Src/stm32h7xx_hal_i2c_ex.o
LOAD ./Drivers/STM32H7xx_HAL_Driver/Src/stm32h7xx_hal_mdma.o
LOAD ./Drivers/STM32H7xx_HAL_Driver/Src/stm32h7xx_hal_pwr.o
LOAD ./Drivers/STM32H7xx_HAL_Driver/Src/stm32h7xx_hal_pwr_ex.o
LOAD ./Drivers/STM32H7xx_HAL_Driver/Src/stm32h7xx_hal_rcc.o
LOAD ./Drivers/STM32H7xx_HAL_Driver/Src/stm32h7xx_hal_rcc_ex.o
LOAD ./Drivers/STM32H7xx_HAL_Driver/Src/stm32h7xx_hal_tim.o
LOAD ./Drivers/STM32H7xx_HAL_Driver/Src/stm32h7xx_hal_tim_ex.o
LOAD ./Drivers/STM32H7xx_HAL_Driver/Src/stm32h7xx_hal_uart.o
LOAD ./Drivers/STM32H7xx_HAL_Driver/Src/stm32h7xx_hal_uart_ex.o
LOAD ./ECUAL/STEPPER/STEPPER.o
LOAD ./ECUAL/STEPPER/STEPPER_cfg.o
LOAD ./util/DWT_Delay.o
START GROUP
LOAD /usr/lib/gcc/arm-none-eabi/12.2.0/../../../../arm-none-eabi/lib/thumb/v7e-m+dp/hard/libc_nano.a
LOAD /usr/lib/gcc/arm-none-eabi/12.2.0/../../../../arm-none-eabi/lib/thumb/v7e-m+dp/hard/libm.a
END GROUP
START GROUP
LOAD /usr/lib/gcc/arm-none-eabi/12.2.0/thumb/v7e-m+dp/hard/libgcc.a
LOAD /usr/lib/gcc/arm-none-eabi/12.2.0/../../../../arm-none-eabi/lib/thumb/v7e-m+dp/hard/libc_nano.a
END GROUP
START GROUP
LOAD /usr/lib/gcc/arm-none-eabi/12.2.0/thumb/v7e-m+dp/hard/libgcc.a
LOAD /usr/lib/gcc/arm-none-eabi/12.2.0/../../../../arm-none-eabi/lib/thumb/v7e-m+dp/hard/libc_nano.a
LOAD /usr/lib/gcc/arm-none-eabi/12.2.0/../../../../arm-none-eabi/lib/thumb/v7e-m+dp/hard/libnosys.a
END GROUP
START GROUP
LOAD /usr/lib/gcc/arm-none-eabi/12.2.0/thumb/v7e-m+dp/hard/libgcc.a
LOAD /usr/lib/gcc/arm-none-eabi/12.2.0/../../../../arm-none-eabi/lib/thumb/v7e-m+dp/hard/libc_nano.a
LOAD /usr/lib/gcc/arm-none-eabi/12.2.0/../../../../arm-none-eabi/lib/thumb/v7e-m+dp/hard/libnosys.a
END GROUP
LOAD /usr/lib/gcc/arm-none-eabi/12.2.0/thumb/v7e-m+dp/hard/crtend.o
LOAD /usr/lib/gcc/arm-none-eabi/12.2.0/thumb/v7e-m+dp/hard/crtn.o
                0x0000000024100000                _estack = (ORIGIN (RAM) + LENGTH (RAM))
                0x0000000000000200                _Min_Heap_Size = 0x200
                0x0000000000000400                _Min_Stack_Size = 0x400

.isr_vector     0x0000000008000000      0x2ac
                0x0000000008000000                . = ALIGN (0x4)
 *(.isr_vector)
 .isr_vector    0x0000000008000000      0x2ac ./Core/Startup/startup_stm32h7a3zitxq.o
                0x0000000008000000                g_pfnVectors
                0x00000000080002ac                . = ALIGN (0x4)

.text           0x00000000080002b0     0x90bc
                0x00000000080002b0                . = ALIGN (0x4)
 *(.text)
 .text          0x00000000080002b0       0xa0 /usr/lib/gcc/arm-none-eabi/12.2.0/../../../../arm-none-eabi/lib/thumb/v7e-m+dp/hard/libc_nano.a(libc_a-memchr.o)
                0x00000000080002b0                memchr
 .text          0x0000000008000350       0x30 /usr/lib/gcc/arm-none-eabi/12.2.0/thumb/v7e-m+dp/hard/libgcc.a(_aeabi_uldivmod.o)
                0x0000000008000350                __aeabi_uldivmod
 .text          0x0000000008000380        0x4 /usr/lib/gcc/arm-none-eabi/12.2.0/thumb/v7e-m+dp/hard/libgcc.a(_dvmd_tls.o)
                0x0000000008000380                __aeabi_ldiv0
                0x0000000008000380                __aeabi_idiv0
 *(.text*)
 .text.__do_global_dtors_aux
                0x0000000008000384       0x24 /usr/lib/gcc/arm-none-eabi/12.2.0/thumb/v7e-m+dp/hard/crtbegin.o
 .text.frame_dummy
                0x00000000080003a8       0x1c /usr/lib/gcc/arm-none-eabi/12.2.0/thumb/v7e-m+dp/hard/crtbegin.o
 .text.main     0x00000000080003c4      0x1ac ./Core/Src/main.o
                0x00000000080003c4                main
 .text.SystemClock_Config
                0x0000000008000570       0xfc ./Core/Src/main.o
                0x0000000008000570                SystemClock_Config
 .text.MX_ADC1_Init
                0x000000000800066c       0xf0 ./Core/Src/main.o
 .text.MX_TIM16_Init
                0x000000000800075c       0x50 ./Core/Src/main.o
 .text.MX_TIM17_Init
                0x00000000080007ac       0x4c ./Core/Src/main.o
 .text.MX_USART3_UART_Init
                0x00000000080007f8       0x98 ./Core/Src/main.o
 .text.MX_USB_OTG_HS_USB_Init
                0x0000000008000890        0xe ./Core/Src/main.o
 *fill*         0x000000000800089e        0x2 
 .text.MX_GPIO_Init
                0x00000000080008a0      0x288 ./Core/Src/main.o
 .text.HAL_TIM_PeriodElapsedCallback
                0x0000000008000b28       0x16 ./Core/Src/main.o
                0x0000000008000b28                HAL_TIM_PeriodElapsedCallback
 *fill*         0x0000000008000b3e        0x2 
 .text.measure  0x0000000008000b40      0x144 ./Core/Src/main.o
                0x0000000008000b40                measure
 .text.analyse  0x0000000008000c84      0x1bc ./Core/Src/main.o
                0x0000000008000c84                analyse
 .text.Error_Handler
                0x0000000008000e40        0xc ./Core/Src/main.o
                0x0000000008000e40                Error_Handler
 .text.HAL_MspInit
                0x0000000008000e4c       0x34 ./Core/Src/stm32h7xx_hal_msp.o
                0x0000000008000e4c                HAL_MspInit
 .text.HAL_ADC_MspInit
                0x0000000008000e80       0xe0 ./Core/Src/stm32h7xx_hal_msp.o
                0x0000000008000e80                HAL_ADC_MspInit
 .text.HAL_TIM_Base_MspInit
                0x0000000008000f60       0x80 ./Core/Src/stm32h7xx_hal_msp.o
                0x0000000008000f60                HAL_TIM_Base_MspInit
 .text.HAL_UART_MspInit
                0x0000000008000fe0       0xcc ./Core/Src/stm32h7xx_hal_msp.o
                0x0000000008000fe0                HAL_UART_MspInit
 .text.NMI_Handler
                0x00000000080010ac        0x8 ./Core/Src/stm32h7xx_it.o
                0x00000000080010ac                NMI_Handler
 .text.HardFault_Handler
                0x00000000080010b4        0x8 ./Core/Src/stm32h7xx_it.o
                0x00000000080010b4                HardFault_Handler
 .text.MemManage_Handler
                0x00000000080010bc        0x8 ./Core/Src/stm32h7xx_it.o
                0x00000000080010bc                MemManage_Handler
 .text.BusFault_Handler
                0x00000000080010c4        0x8 ./Core/Src/stm32h7xx_it.o
                0x00000000080010c4                BusFault_Handler
 .text.UsageFault_Handler
                0x00000000080010cc        0x8 ./Core/Src/stm32h7xx_it.o
                0x00000000080010cc                UsageFault_Handler
 .text.SVC_Handler
                0x00000000080010d4        0xe ./Core/Src/stm32h7xx_it.o
                0x00000000080010d4                SVC_Handler
 .text.DebugMon_Handler
                0x00000000080010e2        0xe ./Core/Src/stm32h7xx_it.o
                0x00000000080010e2                DebugMon_Handler
 .text.PendSV_Handler
                0x00000000080010f0        0xe ./Core/Src/stm32h7xx_it.o
                0x00000000080010f0                PendSV_Handler
 .text.SysTick_Handler
                0x00000000080010fe        0xc ./Core/Src/stm32h7xx_it.o
                0x00000000080010fe                SysTick_Handler
 *fill*         0x000000000800110a        0x2 
 .text.TIM17_IRQHandler
                0x000000000800110c       0x14 ./Core/Src/stm32h7xx_it.o
                0x000000000800110c                TIM17_IRQHandler
 .text._sbrk    0x0000000008001120       0x6c ./Core/Src/sysmem.o
                0x0000000008001120                _sbrk
 .text.SystemInit
                0x000000000800118c       0xf0 ./Core/Src/system_stm32h7xx.o
                0x000000000800118c                SystemInit
 .text.Reset_Handler
                0x000000000800127c       0x50 ./Core/Startup/startup_stm32h7a3zitxq.o
                0x000000000800127c                Reset_Handler
 .text.Default_Handler
                0x00000000080012cc        0x2 ./Core/Startup/startup_stm32h7a3zitxq.o
                0x00000000080012cc                RTC_Alarm_IRQHandler
                0x00000000080012cc                EXTI2_IRQHandler
                0x00000000080012cc                TIM8_CC_IRQHandler
                0x00000000080012cc                UART8_IRQHandler
                0x00000000080012cc                BDMA2_Channel1_IRQHandler
                0x00000000080012cc                SPI4_IRQHandler
                0x00000000080012cc                BDMA2_Channel0_IRQHandler
                0x00000000080012cc                TIM1_CC_IRQHandler
                0x00000000080012cc                DMA2_Stream5_IRQHandler
                0x00000000080012cc                JPEG_IRQHandler
                0x00000000080012cc                DMA1_Stream5_IRQHandler
                0x00000000080012cc                EXTI3_IRQHandler
                0x00000000080012cc                LPTIM4_IRQHandler
                0x00000000080012cc                TIM8_TRG_COM_TIM14_IRQHandler
                0x00000000080012cc                LPTIM2_IRQHandler
                0x00000000080012cc                DFSDM1_FLT1_IRQHandler
                0x00000000080012cc                DMAMUX2_OVR_IRQHandler
                0x00000000080012cc                GFXMMU_IRQHandler
                0x00000000080012cc                TIM8_UP_TIM13_IRQHandler
                0x00000000080012cc                I2C3_ER_IRQHandler
                0x00000000080012cc                DFSDM1_FLT2_IRQHandler
                0x00000000080012cc                USART10_IRQHandler
                0x00000000080012cc                MDMA_IRQHandler
                0x00000000080012cc                LPTIM3_IRQHandler
                0x00000000080012cc                BDMA2_Channel3_IRQHandler
                0x00000000080012cc                HSEM1_IRQHandler
                0x00000000080012cc                EXTI0_IRQHandler
                0x00000000080012cc                I2C2_EV_IRQHandler
                0x00000000080012cc                DAC2_IRQHandler
                0x00000000080012cc                DMA1_Stream2_IRQHandler
                0x00000000080012cc                FPU_IRQHandler
                0x00000000080012cc                OTG_HS_WKUP_IRQHandler
                0x00000000080012cc                FDCAN1_IT1_IRQHandler
                0x00000000080012cc                LTDC_ER_IRQHandler
                0x00000000080012cc                DMA2_Stream2_IRQHandler
                0x00000000080012cc                SPI1_IRQHandler
                0x00000000080012cc                OCTOSPI1_IRQHandler
                0x00000000080012cc                TIM6_DAC_IRQHandler
                0x00000000080012cc                BDMA2_Channel6_IRQHandler
                0x00000000080012cc                DMA2_Stream3_IRQHandler
                0x00000000080012cc                OCTOSPI2_IRQHandler
                0x00000000080012cc                SAI2_IRQHandler
                0x00000000080012cc                BDMA1_IRQHandler
                0x00000000080012cc                DFSDM1_FLT3_IRQHandler
                0x00000000080012cc                USART6_IRQHandler
                0x00000000080012cc                USART3_IRQHandler
                0x00000000080012cc                LPTIM5_IRQHandler
                0x00000000080012cc                UART5_IRQHandler
                0x00000000080012cc                DMA2_Stream0_IRQHandler
                0x00000000080012cc                TIM4_IRQHandler
                0x00000000080012cc                I2C1_EV_IRQHandler
                0x00000000080012cc                DMA1_Stream6_IRQHandler
                0x00000000080012cc                DMAMUX1_OVR_IRQHandler
                0x00000000080012cc                DMA1_Stream1_IRQHandler
                0x00000000080012cc                TIM16_IRQHandler
                0x00000000080012cc                UART4_IRQHandler
                0x00000000080012cc                TIM3_IRQHandler
                0x00000000080012cc                RCC_IRQHandler
                0x00000000080012cc                UART9_IRQHandler
                0x00000000080012cc                TIM8_BRK_TIM12_IRQHandler
                0x00000000080012cc                TIM1_TRG_COM_IRQHandler
                0x00000000080012cc                Default_Handler
                0x00000000080012cc                ECC_IRQHandler
                0x00000000080012cc                BDMA2_Channel2_IRQHandler
                0x00000000080012cc                CEC_IRQHandler
                0x00000000080012cc                EXTI15_10_IRQHandler
                0x00000000080012cc                DFSDM1_FLT4_IRQHandler
                0x00000000080012cc                ADC_IRQHandler
                0x00000000080012cc                DMA1_Stream7_IRQHandler
                0x00000000080012cc                SPI5_IRQHandler
                0x00000000080012cc                TIM7_IRQHandler
                0x00000000080012cc                SDMMC1_IRQHandler
                0x00000000080012cc                TIM5_IRQHandler
                0x00000000080012cc                DMA2_Stream7_IRQHandler
                0x00000000080012cc                TIM15_IRQHandler
                0x00000000080012cc                I2C3_EV_IRQHandler
                0x00000000080012cc                DFSDM2_IRQHandler
                0x00000000080012cc                EXTI9_5_IRQHandler
                0x00000000080012cc                RTC_WKUP_IRQHandler
                0x00000000080012cc                LTDC_IRQHandler
                0x00000000080012cc                SPDIF_RX_IRQHandler
                0x00000000080012cc                PVD_PVM_IRQHandler
                0x00000000080012cc                SPI2_IRQHandler
                0x00000000080012cc                OTG_HS_EP1_IN_IRQHandler
                0x00000000080012cc                DFSDM1_FLT5_IRQHandler
                0x00000000080012cc                DMA1_Stream0_IRQHandler
                0x00000000080012cc                CRS_IRQHandler
                0x00000000080012cc                EXTI4_IRQHandler
                0x00000000080012cc                DFSDM1_FLT6_IRQHandler
                0x00000000080012cc                RNG_IRQHandler
                0x00000000080012cc                FDCAN2_IT1_IRQHandler
                0x00000000080012cc                COMP_IRQHandler
                0x00000000080012cc                TIM1_UP_IRQHandler
                0x00000000080012cc                OTG_HS_EP1_OUT_IRQHandler
                0x00000000080012cc                WWDG_IRQHandler
                0x00000000080012cc                SPI6_IRQHandler
                0x00000000080012cc                MDIOS_IRQHandler
                0x00000000080012cc                I2C4_EV_IRQHandler
                0x00000000080012cc                FDCAN2_IT0_IRQHandler
                0x00000000080012cc                LPUART1_IRQHandler
                0x00000000080012cc                FDCAN1_IT0_IRQHandler
                0x00000000080012cc                TIM2_IRQHandler
                0x00000000080012cc                BDMA2_Channel5_IRQHandler
                0x00000000080012cc                OTG_HS_IRQHandler
                0x00000000080012cc                DMA2D_IRQHandler
                0x00000000080012cc                TIM1_BRK_IRQHandler
                0x00000000080012cc                EXTI1_IRQHandler
                0x00000000080012cc                SDMMC2_IRQHandler
                0x00000000080012cc                DTS_IRQHandler
                0x00000000080012cc                UART7_IRQHandler
                0x00000000080012cc                MDIOS_WKUP_IRQHandler
                0x00000000080012cc                USART2_IRQHandler
                0x00000000080012cc                DFSDM1_FLT0_IRQHandler
                0x00000000080012cc                I2C2_ER_IRQHandler
                0x00000000080012cc                DMA2_Stream1_IRQHandler
                0x00000000080012cc                DFSDM1_FLT7_IRQHandler
                0x00000000080012cc                FLASH_IRQHandler
                0x00000000080012cc                DMA2_Stream4_IRQHandler
                0x00000000080012cc                USART1_IRQHandler
                0x00000000080012cc                SPI3_IRQHandler
                0x00000000080012cc                WAKEUP_PIN_IRQHandler
                0x00000000080012cc                DMA1_Stream4_IRQHandler
                0x00000000080012cc                I2C1_ER_IRQHandler
                0x00000000080012cc                FMC_IRQHandler
                0x00000000080012cc                BDMA2_Channel7_IRQHandler
                0x00000000080012cc                FDCAN_CAL_IRQHandler
                0x00000000080012cc                SWPMI1_IRQHandler
                0x00000000080012cc                LPTIM1_IRQHandler
                0x00000000080012cc                DCMI_PSSI_IRQHandler
                0x00000000080012cc                I2C4_ER_IRQHandler
                0x00000000080012cc                DMA2_Stream6_IRQHandler
                0x00000000080012cc                SAI1_IRQHandler
                0x00000000080012cc                DMA1_Stream3_IRQHandler
                0x00000000080012cc                RTC_TAMP_STAMP_CSS_LSE_IRQHandler
                0x00000000080012cc                BDMA2_Channel4_IRQHandler
 *fill*         0x00000000080012ce        0x2 
 .text.HAL_Init
                0x00000000080012d0       0x78 ./Drivers/STM32H7xx_HAL_Driver/Src/stm32h7xx_hal.o
                0x00000000080012d0                HAL_Init
 .text.HAL_InitTick
                0x0000000008001348       0x6c ./Drivers/STM32H7xx_HAL_Driver/Src/stm32h7xx_hal.o
                0x0000000008001348                HAL_InitTick
 .text.HAL_IncTick
                0x00000000080013b4       0x28 ./Drivers/STM32H7xx_HAL_Driver/Src/stm32h7xx_hal.o
                0x00000000080013b4                HAL_IncTick
 .text.HAL_GetTick
                0x00000000080013dc       0x18 ./Drivers/STM32H7xx_HAL_Driver/Src/stm32h7xx_hal.o
                0x00000000080013dc                HAL_GetTick
 .text.LL_ADC_SetCommonClock
                0x00000000080013f4       0x26 ./Drivers/STM32H7xx_HAL_Driver/Src/stm32h7xx_hal_adc.o
 .text.LL_ADC_SetCommonPathInternalCh
                0x000000000800141a       0x26 ./Drivers/STM32H7xx_HAL_Driver/Src/stm32h7xx_hal_adc.o
 .text.LL_ADC_GetCommonPathInternalCh
                0x0000000008001440       0x1c ./Drivers/STM32H7xx_HAL_Driver/Src/stm32h7xx_hal_adc.o
 .text.LL_ADC_SetOffset
                0x000000000800145c       0x40 ./Drivers/STM32H7xx_HAL_Driver/Src/stm32h7xx_hal_adc.o
 .text.LL_ADC_SetDataRightShift
                0x000000000800149c       0x32 ./Drivers/STM32H7xx_HAL_Driver/Src/stm32h7xx_hal_adc.o
 .text.LL_ADC_SetOffsetSignedSaturation
                0x00000000080014ce       0x36 ./Drivers/STM32H7xx_HAL_Driver/Src/stm32h7xx_hal_adc.o
 .text.LL_ADC_REG_IsTriggerSourceSWStart
                0x0000000008001504       0x26 ./Drivers/STM32H7xx_HAL_Driver/Src/stm32h7xx_hal_adc.o
 .text.LL_ADC_REG_SetSequencerRanks
                0x000000000800152a       0x58 ./Drivers/STM32H7xx_HAL_Driver/Src/stm32h7xx_hal_adc.o
 .text.LL_ADC_SetChannelSamplingTime
                0x0000000008001582       0x56 ./Drivers/STM32H7xx_HAL_Driver/Src/stm32h7xx_hal_adc.o
 .text.LL_ADC_SetChannelSingleDiff
                0x00000000080015d8       0x48 ./Drivers/STM32H7xx_HAL_Driver/Src/stm32h7xx_hal_adc.o
 .text.LL_ADC_GetMultimode
                0x0000000008001620       0x1c ./Drivers/STM32H7xx_HAL_Driver/Src/stm32h7xx_hal_adc.o
 .text.LL_ADC_GetMultiDMATransfer
                0x000000000800163c       0x1c ./Drivers/STM32H7xx_HAL_Driver/Src/stm32h7xx_hal_adc.o
 .text.LL_ADC_DisableDeepPowerDown
                0x0000000008001658       0x24 ./Drivers/STM32H7xx_HAL_Driver/Src/stm32h7xx_hal_adc.o
 .text.LL_ADC_IsDeepPowerDownEnabled
                0x000000000800167c       0x28 ./Drivers/STM32H7xx_HAL_Driver/Src/stm32h7xx_hal_adc.o
 .text.LL_ADC_EnableInternalRegulator
                0x00000000080016a4       0x28 ./Drivers/STM32H7xx_HAL_Driver/Src/stm32h7xx_hal_adc.o
 .text.LL_ADC_IsInternalRegulatorEnabled
                0x00000000080016cc       0x28 ./Drivers/STM32H7xx_HAL_Driver/Src/stm32h7xx_hal_adc.o
 .text.LL_ADC_Enable
                0x00000000080016f4       0x28 ./Drivers/STM32H7xx_HAL_Driver/Src/stm32h7xx_hal_adc.o
 .text.LL_ADC_IsEnabled
                0x000000000800171c       0x26 ./Drivers/STM32H7xx_HAL_Driver/Src/stm32h7xx_hal_adc.o
 *fill*         0x0000000008001742        0x2 
 .text.LL_ADC_REG_StartConversion
                0x0000000008001744       0x28 ./Drivers/STM32H7xx_HAL_Driver/Src/stm32h7xx_hal_adc.o
 .text.LL_ADC_REG_IsConversionOngoing
                0x000000000800176c       0x26 ./Drivers/STM32H7xx_HAL_Driver/Src/stm32h7xx_hal_adc.o
 .text.LL_ADC_INJ_IsConversionOngoing
                0x0000000008001792       0x26 ./Drivers/STM32H7xx_HAL_Driver/Src/stm32h7xx_hal_adc.o
 .text.HAL_ADC_Init
                0x00000000080017b8      0x2b4 ./Drivers/STM32H7xx_HAL_Driver/Src/stm32h7xx_hal_adc.o
                0x00000000080017b8                HAL_ADC_Init
 .text.HAL_ADC_Start
                0x0000000008001a6c      0x174 ./Drivers/STM32H7xx_HAL_Driver/Src/stm32h7xx_hal_adc.o
                0x0000000008001a6c                HAL_ADC_Start
 .text.HAL_ADC_PollForConversion
                0x0000000008001be0      0x1b0 ./Drivers/STM32H7xx_HAL_Driver/Src/stm32h7xx_hal_adc.o
                0x0000000008001be0                HAL_ADC_PollForConversion
 .text.HAL_ADC_GetValue
                0x0000000008001d90       0x1a ./Drivers/STM32H7xx_HAL_Driver/Src/stm32h7xx_hal_adc.o
                0x0000000008001d90                HAL_ADC_GetValue
 *fill*         0x0000000008001daa        0x2 
 .text.HAL_ADC_ConfigChannel
                0x0000000008001dac      0x5cc ./Drivers/STM32H7xx_HAL_Driver/Src/stm32h7xx_hal_adc.o
                0x0000000008001dac                HAL_ADC_ConfigChannel
 .text.ADC_Enable
                0x0000000008002378       0xf8 ./Drivers/STM32H7xx_HAL_Driver/Src/stm32h7xx_hal_adc.o
                0x0000000008002378                ADC_Enable
 .text.ADC_ConfigureBoostMode
                0x0000000008002470      0x198 ./Drivers/STM32H7xx_HAL_Driver/Src/stm32h7xx_hal_adc.o
                0x0000000008002470                ADC_ConfigureBoostMode
 .text.LL_ADC_IsEnabled
                0x0000000008002608       0x26 ./Drivers/STM32H7xx_HAL_Driver/Src/stm32h7xx_hal_adc_ex.o
 .text.LL_ADC_REG_IsConversionOngoing
                0x000000000800262e       0x26 ./Drivers/STM32H7xx_HAL_Driver/Src/stm32h7xx_hal_adc_ex.o
 .text.HAL_ADCEx_MultiModeConfigChannel
                0x0000000008002654      0x138 ./Drivers/STM32H7xx_HAL_Driver/Src/stm32h7xx_hal_adc_ex.o
                0x0000000008002654                HAL_ADCEx_MultiModeConfigChannel
 .text.__NVIC_SetPriorityGrouping
                0x000000000800278c       0x48 ./Drivers/STM32H7xx_HAL_Driver/Src/stm32h7xx_hal_cortex.o
 .text.__NVIC_GetPriorityGrouping
                0x00000000080027d4       0x1c ./Drivers/STM32H7xx_HAL_Driver/Src/stm32h7xx_hal_cortex.o
 .text.__NVIC_EnableIRQ
                0x00000000080027f0       0x3c ./Drivers/STM32H7xx_HAL_Driver/Src/stm32h7xx_hal_cortex.o
 .text.__NVIC_SetPriority
                0x000000000800282c       0x54 ./Drivers/STM32H7xx_HAL_Driver/Src/stm32h7xx_hal_cortex.o
 .text.NVIC_EncodePriority
                0x0000000008002880       0x66 ./Drivers/STM32H7xx_HAL_Driver/Src/stm32h7xx_hal_cortex.o
 *fill*         0x00000000080028e6        0x2 
 .text.SysTick_Config
                0x00000000080028e8       0x44 ./Drivers/STM32H7xx_HAL_Driver/Src/stm32h7xx_hal_cortex.o
 .text.HAL_NVIC_SetPriorityGrouping
                0x000000000800292c       0x16 ./Drivers/STM32H7xx_HAL_Driver/Src/stm32h7xx_hal_cortex.o
                0x000000000800292c                HAL_NVIC_SetPriorityGrouping
 .text.HAL_NVIC_SetPriority
                0x0000000008002942       0x34 ./Drivers/STM32H7xx_HAL_Driver/Src/stm32h7xx_hal_cortex.o
                0x0000000008002942                HAL_NVIC_SetPriority
 .text.HAL_NVIC_EnableIRQ
                0x0000000008002976       0x1c ./Drivers/STM32H7xx_HAL_Driver/Src/stm32h7xx_hal_cortex.o
                0x0000000008002976                HAL_NVIC_EnableIRQ
 .text.HAL_SYSTICK_Config
                0x0000000008002992       0x18 ./Drivers/STM32H7xx_HAL_Driver/Src/stm32h7xx_hal_cortex.o
                0x0000000008002992                HAL_SYSTICK_Config
 *fill*         0x00000000080029aa        0x2 
 .text.HAL_GPIO_Init
                0x00000000080029ac      0x360 ./Drivers/STM32H7xx_HAL_Driver/Src/stm32h7xx_hal_gpio.o
                0x00000000080029ac                HAL_GPIO_Init
 .text.HAL_GPIO_WritePin
                0x0000000008002d0c       0x32 ./Drivers/STM32H7xx_HAL_Driver/Src/stm32h7xx_hal_gpio.o
                0x0000000008002d0c                HAL_GPIO_WritePin
 *fill*         0x0000000008002d3e        0x2 
 .text.HAL_PWREx_ConfigSupply
                0x0000000008002d40       0xb4 ./Drivers/STM32H7xx_HAL_Driver/Src/stm32h7xx_hal_pwr_ex.o
                0x0000000008002d40                HAL_PWREx_ConfigSupply
 .text.HAL_RCC_OscConfig
                0x0000000008002df4      0x808 ./Drivers/STM32H7xx_HAL_Driver/Src/stm32h7xx_hal_rcc.o
                0x0000000008002df4                HAL_RCC_OscConfig
 .text.HAL_RCC_ClockConfig
                0x00000000080035fc      0x36c ./Drivers/STM32H7xx_HAL_Driver/Src/stm32h7xx_hal_rcc.o
                0x00000000080035fc                HAL_RCC_ClockConfig
 .text.HAL_RCC_GetSysClockFreq
                0x0000000008003968      0x2f4 ./Drivers/STM32H7xx_HAL_Driver/Src/stm32h7xx_hal_rcc.o
                0x0000000008003968                HAL_RCC_GetSysClockFreq
 .text.HAL_RCC_GetHCLKFreq
                0x0000000008003c5c       0x60 ./Drivers/STM32H7xx_HAL_Driver/Src/stm32h7xx_hal_rcc.o
                0x0000000008003c5c                HAL_RCC_GetHCLKFreq
 .text.HAL_RCC_GetPCLK1Freq
                0x0000000008003cbc       0x2c ./Drivers/STM32H7xx_HAL_Driver/Src/stm32h7xx_hal_rcc.o
                0x0000000008003cbc                HAL_RCC_GetPCLK1Freq
 .text.HAL_RCC_GetPCLK2Freq
                0x0000000008003ce8       0x2c ./Drivers/STM32H7xx_HAL_Driver/Src/stm32h7xx_hal_rcc.o
                0x0000000008003ce8                HAL_RCC_GetPCLK2Freq
 .text.HAL_RCCEx_PeriphCLKConfig
                0x0000000008003d14      0xe18 ./Drivers/STM32H7xx_HAL_Driver/Src/stm32h7xx_hal_rcc_ex.o
                0x0000000008003d14                HAL_RCCEx_PeriphCLKConfig
 .text.HAL_RCCEx_GetPeriphCLKFreq
                0x0000000008004b2c      0x85c ./Drivers/STM32H7xx_HAL_Driver/Src/stm32h7xx_hal_rcc_ex.o
                0x0000000008004b2c                HAL_RCCEx_GetPeriphCLKFreq
 .text.HAL_RCCEx_GetD3PCLK1Freq
                0x0000000008005388       0x2c ./Drivers/STM32H7xx_HAL_Driver/Src/stm32h7xx_hal_rcc_ex.o
                0x0000000008005388                HAL_RCCEx_GetD3PCLK1Freq
 .text.HAL_RCCEx_GetPLL2ClockFreq
                0x00000000080053b4      0x2a8 ./Drivers/STM32H7xx_HAL_Driver/Src/stm32h7xx_hal_rcc_ex.o
                0x00000000080053b4                HAL_RCCEx_GetPLL2ClockFreq
 .text.HAL_RCCEx_GetPLL3ClockFreq
                0x000000000800565c      0x2a8 ./Drivers/STM32H7xx_HAL_Driver/Src/stm32h7xx_hal_rcc_ex.o
                0x000000000800565c                HAL_RCCEx_GetPLL3ClockFreq
 .text.HAL_RCCEx_GetPLL1ClockFreq
                0x0000000008005904      0x2a4 ./Drivers/STM32H7xx_HAL_Driver/Src/stm32h7xx_hal_rcc_ex.o
                0x0000000008005904                HAL_RCCEx_GetPLL1ClockFreq
 .text.RCCEx_PLL2_Config
                0x0000000008005ba8      0x164 ./Drivers/STM32H7xx_HAL_Driver/Src/stm32h7xx_hal_rcc_ex.o
 .text.RCCEx_PLL3_Config
                0x0000000008005d0c      0x164 ./Drivers/STM32H7xx_HAL_Driver/Src/stm32h7xx_hal_rcc_ex.o
 .text.HAL_TIM_Base_Init
                0x0000000008005e70       0xae ./Drivers/STM32H7xx_HAL_Driver/Src/stm32h7xx_hal_tim.o
                0x0000000008005e70                HAL_TIM_Base_Init
 *fill*         0x0000000008005f1e        0x2 
 .text.HAL_TIM_Base_Start
                0x0000000008005f20       0xe0 ./Drivers/STM32H7xx_HAL_Driver/Src/stm32h7xx_hal_tim.o
                0x0000000008005f20                HAL_TIM_Base_Start
 .text.HAL_TIM_Base_Start_IT
                0x0000000008006000       0xf0 ./Drivers/STM32H7xx_HAL_Driver/Src/stm32h7xx_hal_tim.o
                0x0000000008006000                HAL_TIM_Base_Start_IT
 .text.HAL_TIM_Base_Stop_IT
                0x00000000080060f0       0x5e ./Drivers/STM32H7xx_HAL_Driver/Src/stm32h7xx_hal_tim.o
                0x00000000080060f0                HAL_TIM_Base_Stop_IT
 .text.HAL_TIM_IRQHandler
                0x000000000800614e      0x23e ./Drivers/STM32H7xx_HAL_Driver/Src/stm32h7xx_hal_tim.o
                0x000000000800614e                HAL_TIM_IRQHandler
 .text.HAL_TIM_ConfigClockSource
                0x000000000800638c      0x1f0 ./Drivers/STM32H7xx_HAL_Driver/Src/stm32h7xx_hal_tim.o
                0x000000000800638c                HAL_TIM_ConfigClockSource
 .text.HAL_TIM_OC_DelayElapsedCallback
                0x000000000800657c       0x14 ./Drivers/STM32H7xx_HAL_Driver/Src/stm32h7xx_hal_tim.o
                0x000000000800657c                HAL_TIM_OC_DelayElapsedCallback
 .text.HAL_TIM_IC_CaptureCallback
                0x0000000008006590       0x14 ./Drivers/STM32H7xx_HAL_Driver/Src/stm32h7xx_hal_tim.o
                0x0000000008006590                HAL_TIM_IC_CaptureCallback
 .text.HAL_TIM_PWM_PulseFinishedCallback
                0x00000000080065a4       0x14 ./Drivers/STM32H7xx_HAL_Driver/Src/stm32h7xx_hal_tim.o
                0x00000000080065a4                HAL_TIM_PWM_PulseFinishedCallback
 .text.HAL_TIM_TriggerCallback
                0x00000000080065b8       0x14 ./Drivers/STM32H7xx_HAL_Driver/Src/stm32h7xx_hal_tim.o
                0x00000000080065b8                HAL_TIM_TriggerCallback
 .text.TIM_Base_SetConfig
                0x00000000080065cc      0x134 ./Drivers/STM32H7xx_HAL_Driver/Src/stm32h7xx_hal_tim.o
                0x00000000080065cc                TIM_Base_SetConfig
 .text.TIM_TI1_ConfigInputStage
                0x0000000008006700       0x5e ./Drivers/STM32H7xx_HAL_Driver/Src/stm32h7xx_hal_tim.o
 .text.TIM_TI2_ConfigInputStage
                0x000000000800675e       0x60 ./Drivers/STM32H7xx_HAL_Driver/Src/stm32h7xx_hal_tim.o
 *fill*         0x00000000080067be        0x2 
 .text.TIM_ITRx_SetConfig
                0x00000000080067c0       0x3c ./Drivers/STM32H7xx_HAL_Driver/Src/stm32h7xx_hal_tim.o
 .text.TIM_ETR_SetConfig
                0x00000000080067fc       0x40 ./Drivers/STM32H7xx_HAL_Driver/Src/stm32h7xx_hal_tim.o
                0x00000000080067fc                TIM_ETR_SetConfig
 .text.HAL_TIMEx_MasterConfigSynchronization
                0x000000000800683c      0x11c ./Drivers/STM32H7xx_HAL_Driver/Src/stm32h7xx_hal_tim_ex.o
                0x000000000800683c                HAL_TIMEx_MasterConfigSynchronization
 .text.HAL_TIMEx_CommutCallback
                0x0000000008006958       0x14 ./Drivers/STM32H7xx_HAL_Driver/Src/stm32h7xx_hal_tim_ex.o
                0x0000000008006958                HAL_TIMEx_CommutCallback
 .text.HAL_TIMEx_BreakCallback
                0x000000000800696c       0x14 ./Drivers/STM32H7xx_HAL_Driver/Src/stm32h7xx_hal_tim_ex.o
                0x000000000800696c                HAL_TIMEx_BreakCallback
 .text.HAL_TIMEx_Break2Callback
                0x0000000008006980       0x14 ./Drivers/STM32H7xx_HAL_Driver/Src/stm32h7xx_hal_tim_ex.o
                0x0000000008006980                HAL_TIMEx_Break2Callback
 .text.HAL_UART_Init
                0x0000000008006994       0xa0 ./Drivers/STM32H7xx_HAL_Driver/Src/stm32h7xx_hal_uart.o
                0x0000000008006994                HAL_UART_Init
 .text.HAL_UART_Transmit
                0x0000000008006a34      0x12c ./Drivers/STM32H7xx_HAL_Driver/Src/stm32h7xx_hal_uart.o
                0x0000000008006a34                HAL_UART_Transmit
 .text.UART_SetConfig
                0x0000000008006b60      0xcd8 ./Drivers/STM32H7xx_HAL_Driver/Src/stm32h7xx_hal_uart.o
                0x0000000008006b60                UART_SetConfig
 .text.UART_AdvFeatureConfig
                0x0000000008007838      0x144 ./Drivers/STM32H7xx_HAL_Driver/Src/stm32h7xx_hal_uart.o
                0x0000000008007838                UART_AdvFeatureConfig
 .text.UART_CheckIdleState
                0x000000000800797c       0x96 ./Drivers/STM32H7xx_HAL_Driver/Src/stm32h7xx_hal_uart.o
                0x000000000800797c                UART_CheckIdleState
 .text.UART_WaitOnFlagUntilTimeout
                0x0000000008007a12      0x190 ./Drivers/STM32H7xx_HAL_Driver/Src/stm32h7xx_hal_uart.o
                0x0000000008007a12                UART_WaitOnFlagUntilTimeout
 .text.HAL_UARTEx_DisableFifoMode
                0x0000000008007ba2       0x72 ./Drivers/STM32H7xx_HAL_Driver/Src/stm32h7xx_hal_uart_ex.o
                0x0000000008007ba2                HAL_UARTEx_DisableFifoMode
 .text.HAL_UARTEx_SetTxFifoThreshold
                0x0000000008007c14       0x7c ./Drivers/STM32H7xx_HAL_Driver/Src/stm32h7xx_hal_uart_ex.o
                0x0000000008007c14                HAL_UARTEx_SetTxFifoThreshold
 .text.HAL_UARTEx_SetRxFifoThreshold
                0x0000000008007c90       0x7c ./Drivers/STM32H7xx_HAL_Driver/Src/stm32h7xx_hal_uart_ex.o
                0x0000000008007c90                HAL_UARTEx_SetRxFifoThreshold
 .text.UARTEx_SetNbDataToProcess
                0x0000000008007d0c       0x9c ./Drivers/STM32H7xx_HAL_Driver/Src/stm32h7xx_hal_uart_ex.o
 .text.STEPPERS_Init
                0x0000000008007da8      0x274 ./ECUAL/STEPPER/STEPPER.o
                0x0000000008007da8                STEPPERS_Init
 .text.STEPPERS_Init_TMR
                0x000000000800801c       0x94 ./ECUAL/STEPPER/STEPPER.o
                0x000000000800801c                STEPPERS_Init_TMR
 .text.STEPPER_SetSpeed
                0x00000000080080b0       0xb8 ./ECUAL/STEPPER/STEPPER.o
                0x00000000080080b0                STEPPER_SetSpeed
 .text.STEPPER_One_Step
                0x0000000008008168      0x4b4 ./ECUAL/STEPPER/STEPPER.o
 .text.STEPPER_TMR_OVF_ISR
                0x000000000800861c       0xec ./ECUAL/STEPPER/STEPPER.o
                0x000000000800861c                STEPPER_TMR_OVF_ISR
 .text.DWT_Delay_Init
                0x0000000008008708       0x60 ./util/DWT_Delay.o
                0x0000000008008708                DWT_Delay_Init
 .text.sprintf  0x0000000008008768       0x40 /usr/lib/gcc/arm-none-eabi/12.2.0/../../../../arm-none-eabi/lib/thumb/v7e-m+dp/hard/libc_nano.a(libc_a-sprintf.o)
                0x0000000008008768                sprintf
                0x0000000008008768                siprintf
 .text.memset   0x00000000080087a8       0x10 /usr/lib/gcc/arm-none-eabi/12.2.0/../../../../arm-none-eabi/lib/thumb/v7e-m+dp/hard/libc_nano.a(libc_a-memset.o)
                0x00000000080087a8                memset
 .text.__errno  0x00000000080087b8        0xc /usr/lib/gcc/arm-none-eabi/12.2.0/../../../../arm-none-eabi/lib/thumb/v7e-m+dp/hard/libc_nano.a(libc_a-errno.o)
                0x00000000080087b8                __errno
 .text.__libc_init_array
                0x00000000080087c4       0x48 /usr/lib/gcc/arm-none-eabi/12.2.0/../../../../arm-none-eabi/lib/thumb/v7e-m+dp/hard/libc_nano.a(libc_a-init.o)
                0x00000000080087c4                __libc_init_array
 .text.__retarget_lock_acquire_recursive
                0x000000000800880c        0x2 /usr/lib/gcc/arm-none-eabi/12.2.0/../../../../arm-none-eabi/lib/thumb/v7e-m+dp/hard/libc_nano.a(libc_a-lock.o)
                0x000000000800880c                __retarget_lock_acquire_recursive
 .text.__retarget_lock_release_recursive
                0x000000000800880e        0x2 /usr/lib/gcc/arm-none-eabi/12.2.0/../../../../arm-none-eabi/lib/thumb/v7e-m+dp/hard/libc_nano.a(libc_a-lock.o)
                0x000000000800880e                __retarget_lock_release_recursive
 .text._free_r  0x0000000008008810       0x94 /usr/lib/gcc/arm-none-eabi/12.2.0/../../../../arm-none-eabi/lib/thumb/v7e-m+dp/hard/libc_nano.a(libc_a-freer.o)
                0x0000000008008810                _free_r
 .text.sbrk_aligned
                0x00000000080088a4       0x44 /usr/lib/gcc/arm-none-eabi/12.2.0/../../../../arm-none-eabi/lib/thumb/v7e-m+dp/hard/libc_nano.a(libc_a-mallocr.o)
 .text._malloc_r
                0x00000000080088e8       0xf0 /usr/lib/gcc/arm-none-eabi/12.2.0/../../../../arm-none-eabi/lib/thumb/v7e-m+dp/hard/libc_nano.a(libc_a-mallocr.o)
                0x00000000080088e8                _malloc_r
 .text.__malloc_lock
                0x00000000080089d8        0xc /usr/lib/gcc/arm-none-eabi/12.2.0/../../../../arm-none-eabi/lib/thumb/v7e-m+dp/hard/libc_nano.a(libc_a-mlock.o)
                0x00000000080089d8                __malloc_lock
 .text.__malloc_unlock
                0x00000000080089e4        0xc /usr/lib/gcc/arm-none-eabi/12.2.0/../../../../arm-none-eabi/lib/thumb/v7e-m+dp/hard/libc_nano.a(libc_a-mlock.o)
                0x00000000080089e4                __malloc_unlock
 .text.__ssputs_r
                0x00000000080089f0       0xb6 /usr/lib/gcc/arm-none-eabi/12.2.0/../../../../arm-none-eabi/lib/thumb/v7e-m+dp/hard/libc_nano.a(libc_a-nano-svfprintf.o)
                0x00000000080089f0                __ssputs_r
 *fill*         0x0000000008008aa6        0x2 
 .text._svfprintf_r
                0x0000000008008aa8      0x1f8 /usr/lib/gcc/arm-none-eabi/12.2.0/../../../../arm-none-eabi/lib/thumb/v7e-m+dp/hard/libc_nano.a(libc_a-nano-svfprintf.o)
                0x0000000008008aa8                _svfprintf_r
                0x0000000008008aa8                _svfiprintf_r
 .text._printf_common
                0x0000000008008ca0       0xda /usr/lib/gcc/arm-none-eabi/12.2.0/../../../../arm-none-eabi/lib/thumb/v7e-m+dp/hard/libc_nano.a(libc_a-nano-vfprintf_i.o)
                0x0000000008008ca0                _printf_common
 *fill*         0x0000000008008d7a        0x2 
 .text._printf_i
                0x0000000008008d7c      0x25c /usr/lib/gcc/arm-none-eabi/12.2.0/../../../../arm-none-eabi/lib/thumb/v7e-m+dp/hard/libc_nano.a(libc_a-nano-vfprintf_i.o)
                0x0000000008008d7c                _printf_i
 .text.memmove  0x0000000008008fd8       0x34 /usr/lib/gcc/arm-none-eabi/12.2.0/../../../../arm-none-eabi/lib/thumb/v7e-m+dp/hard/libc_nano.a(libc_a-memmove.o)
                0x0000000008008fd8                memmove
 .text._sbrk_r  0x000000000800900c       0x20 /usr/lib/gcc/arm-none-eabi/12.2.0/../../../../arm-none-eabi/lib/thumb/v7e-m+dp/hard/libc_nano.a(libc_a-sbrkr.o)
                0x000000000800900c                _sbrk_r
 .text.memcpy   0x000000000800902c       0x1c /usr/lib/gcc/arm-none-eabi/12.2.0/../../../../arm-none-eabi/lib/thumb/v7e-m+dp/hard/libc_nano.a(libc_a-memcpy-stub.o)
                0x000000000800902c                memcpy
 .text._realloc_r
                0x0000000008009048       0x5c /usr/lib/gcc/arm-none-eabi/12.2.0/../../../../arm-none-eabi/lib/thumb/v7e-m+dp/hard/libc_nano.a(libc_a-reallocr.o)
                0x0000000008009048                _realloc_r
 .text._malloc_usable_size_r
                0x00000000080090a4       0x10 /usr/lib/gcc/arm-none-eabi/12.2.0/../../../../arm-none-eabi/lib/thumb/v7e-m+dp/hard/libc_nano.a(libc_a-msizer.o)
                0x00000000080090a4                _malloc_usable_size_r
 .text.__udivmoddi4
                0x00000000080090b4      0x2a0 /usr/lib/gcc/arm-none-eabi/12.2.0/thumb/v7e-m+dp/hard/libgcc.a(_udivmoddi4.o)
                0x00000000080090b4                __udivmoddi4
 *(.glue_7)
 .glue_7        0x0000000008009354        0x0 linker stubs
 *(.glue_7t)
 .glue_7t       0x0000000008009354        0x0 linker stubs
 *(.eh_frame)
 .eh_frame      0x0000000008009354        0x0 /usr/lib/gcc/arm-none-eabi/12.2.0/thumb/v7e-m+dp/hard/crtbegin.o
 *(.init)
 .init          0x0000000008009354        0x4 /usr/lib/gcc/arm-none-eabi/12.2.0/thumb/v7e-m+dp/hard/crti.o
                0x0000000008009354                _init
 .init          0x0000000008009358        0x8 /usr/lib/gcc/arm-none-eabi/12.2.0/thumb/v7e-m+dp/hard/crtn.o
 *(.fini)
 .fini          0x0000000008009360        0x4 /usr/lib/gcc/arm-none-eabi/12.2.0/thumb/v7e-m+dp/hard/crti.o
                0x0000000008009360                _fini
 .fini          0x0000000008009364        0x8 /usr/lib/gcc/arm-none-eabi/12.2.0/thumb/v7e-m+dp/hard/crtn.o
                0x000000000800936c                . = ALIGN (0x4)
                0x000000000800936c                _etext = .

.vfp11_veneer   0x000000000800936c        0x0
 .vfp11_veneer  0x000000000800936c        0x0 linker stubs

.v4_bx          0x000000000800936c        0x0
 .v4_bx         0x000000000800936c        0x0 linker stubs

.iplt           0x000000000800936c        0x0
 .iplt          0x000000000800936c        0x0 /usr/lib/gcc/arm-none-eabi/12.2.0/thumb/v7e-m+dp/hard/crtbegin.o

.rodata         0x000000000800936c       0xf4
                0x000000000800936c                . = ALIGN (0x4)
 *(.rodata)
 .rodata        0x000000000800936c       0x6c ./Core/Src/main.o
 *(.rodata*)
 .rodata.D1CorePrescTable
                0x00000000080093d8       0x10 ./Core/Src/system_stm32h7xx.o
                0x00000000080093d8                D1CorePrescTable
 .rodata.UARTPrescTable
                0x00000000080093e8       0x18 ./Drivers/STM32H7xx_HAL_Driver/Src/stm32h7xx_hal_uart.o
                0x00000000080093e8                UARTPrescTable
 .rodata.numerator.1
                0x0000000008009400        0x8 ./Drivers/STM32H7xx_HAL_Driver/Src/stm32h7xx_hal_uart_ex.o
 .rodata.denominator.0
                0x0000000008009408        0x8 ./Drivers/STM32H7xx_HAL_Driver/Src/stm32h7xx_hal_uart_ex.o
 .rodata.STEPPER_CfgParam
                0x0000000008009410       0x1c ./ECUAL/STEPPER/STEPPER_cfg.o
                0x0000000008009410                STEPPER_CfgParam
 .rodata._svfprintf_r.str1.1
                0x000000000800942c       0x11 /usr/lib/gcc/arm-none-eabi/12.2.0/../../../../arm-none-eabi/lib/thumb/v7e-m+dp/hard/libc_nano.a(libc_a-nano-svfprintf.o)
 .rodata._printf_i.str1.1
                0x000000000800943d       0x22 /usr/lib/gcc/arm-none-eabi/12.2.0/../../../../arm-none-eabi/lib/thumb/v7e-m+dp/hard/libc_nano.a(libc_a-nano-vfprintf_i.o)
                0x0000000008009460                . = ALIGN (0x4)
 *fill*         0x000000000800945f        0x1 

.ARM.extab
 *(.ARM.extab* .gnu.linkonce.armextab.*)

.ARM            0x0000000008009460        0x8
                0x0000000008009460                __exidx_start = .
 *(.ARM.exidx*)
 .ARM.exidx     0x0000000008009460        0x8 /usr/lib/gcc/arm-none-eabi/12.2.0/../../../../arm-none-eabi/lib/thumb/v7e-m+dp/hard/libc_nano.a(libc_a-memchr.o)
 .ARM.exidx.text.__udivmoddi4
                0x0000000008009468        0x0 /usr/lib/gcc/arm-none-eabi/12.2.0/thumb/v7e-m+dp/hard/libgcc.a(_udivmoddi4.o)
                                          0x8 (size before relaxing)
                0x0000000008009468                __exidx_end = .

.rel.dyn        0x0000000008009468        0x0
 .rel.iplt      0x0000000008009468        0x0 /usr/lib/gcc/arm-none-eabi/12.2.0/thumb/v7e-m+dp/hard/crtbegin.o

.preinit_array  0x0000000008009468        0x0
                0x0000000008009468                PROVIDE (__preinit_array_start = .)
 *(.preinit_array*)
                0x0000000008009468                PROVIDE (__preinit_array_end = .)

.init_array     0x0000000008009468        0x4
                0x0000000008009468                PROVIDE (__init_array_start = .)
 *(SORT_BY_NAME(.init_array.*))
 *(.init_array*)
 .init_array    0x0000000008009468        0x4 /usr/lib/gcc/arm-none-eabi/12.2.0/thumb/v7e-m+dp/hard/crtbegin.o
                0x000000000800946c                PROVIDE (__init_array_end = .)

.fini_array     0x000000000800946c        0x4
                0x000000000800946c                PROVIDE (__fini_array_start = .)
 *(SORT_BY_NAME(.fini_array.*))
 *(.fini_array*)
 .fini_array    0x000000000800946c        0x4 /usr/lib/gcc/arm-none-eabi/12.2.0/thumb/v7e-m+dp/hard/crtbegin.o
                0x0000000008009470                PROVIDE (__fini_array_end = .)
                0x0000000008009470                _sidata = LOADADDR (.data)

.data           0x0000000024000000       0xa0 load address 0x0000000008009470
                0x0000000024000000                . = ALIGN (0x4)
                0x0000000024000000                _sdata = .
 *(.data)
 *(.data*)
 .data.SystemCoreClock
                0x0000000024000000        0x4 ./Core/Src/system_stm32h7xx.o
                0x0000000024000000                SystemCoreClock
 .data.SystemD2Clock
                0x0000000024000004        0x4 ./Core/Src/system_stm32h7xx.o
                0x0000000024000004                SystemD2Clock
 .data.uwTickPrio
                0x0000000024000008        0x4 ./Drivers/STM32H7xx_HAL_Driver/Src/stm32h7xx_hal.o
                0x0000000024000008                uwTickPrio
 .data.uwTickFreq
                0x000000002400000c        0x1 ./Drivers/STM32H7xx_HAL_Driver/Src/stm32h7xx_hal.o
                0x000000002400000c                uwTickFreq
 *fill*         0x000000002400000d        0x3 
 .data.UNIPOLAR_WD_PATTERN
                0x0000000024000010       0x10 ./ECUAL/STEPPER/STEPPER.o
 .data.UNIPOLAR_FS_PATTERN
                0x0000000024000020       0x10 ./ECUAL/STEPPER/STEPPER.o
 .data.UNIPOLAR_HS_PATTERN
                0x0000000024000030       0x20 ./ECUAL/STEPPER/STEPPER.o
 .data._impure_ptr
                0x0000000024000050        0x4 /usr/lib/gcc/arm-none-eabi/12.2.0/../../../../arm-none-eabi/lib/thumb/v7e-m+dp/hard/libc_nano.a(libc_a-impure.o)
                0x0000000024000050                _impure_ptr
 .data._impure_data
                0x0000000024000054       0x4c /usr/lib/gcc/arm-none-eabi/12.2.0/../../../../arm-none-eabi/lib/thumb/v7e-m+dp/hard/libc_nano.a(libc_a-impure.o)
                0x0000000024000054                _impure_data
 *(.RamFunc)
 *(.RamFunc*)
                0x00000000240000a0                . = ALIGN (0x4)
                0x00000000240000a0                _edata = .

.igot.plt       0x00000000240000a0        0x0 load address 0x0000000008009510
 .igot.plt      0x00000000240000a0        0x0 /usr/lib/gcc/arm-none-eabi/12.2.0/thumb/v7e-m+dp/hard/crtbegin.o
                0x00000000240000a0                . = ALIGN (0x4)

.bss            0x00000000240000a0    0x31098 load address 0x0000000008009510
                0x00000000240000a0                _sbss = .
                0x00000000240000a0                __bss_start__ = _sbss
 *(.bss)
 *(.bss*)
 .bss.completed.1
                0x00000000240000a0        0x1 /usr/lib/gcc/arm-none-eabi/12.2.0/thumb/v7e-m+dp/hard/crtbegin.o
 *fill*         0x00000000240000a1        0x3 
 .bss.object.0  0x00000000240000a4       0x18 /usr/lib/gcc/arm-none-eabi/12.2.0/thumb/v7e-m+dp/hard/crtbegin.o
 .bss.hadc1     0x00000000240000bc       0x64 ./Core/Src/main.o
                0x00000000240000bc                hadc1
 .bss.htim16    0x0000000024000120       0x4c ./Core/Src/main.o
                0x0000000024000120                htim16
 .bss.htim17    0x000000002400016c       0x4c ./Core/Src/main.o
                0x000000002400016c                htim17
 .bss.huart3    0x00000000240001b8       0x90 ./Core/Src/main.o
                0x00000000240001b8                huart3
 .bss.Meas      0x0000000024000248    0x30d54 ./Core/Src/main.o
                0x0000000024000248                Meas
 .bss.uart_buf  0x0000000024030f9c       0x32 ./Core/Src/main.o
                0x0000000024030f9c                uart_buf
 *fill*         0x0000000024030fce        0x2 
 .bss.uart_buf_len
                0x0000000024030fd0        0x4 ./Core/Src/main.o
                0x0000000024030fd0                uart_buf_len
 .bss.__sbrk_heap_end
                0x0000000024030fd4        0x4 ./Core/Src/sysmem.o
 .bss.uwTick    0x0000000024030fd8        0x4 ./Drivers/STM32H7xx_HAL_Driver/Src/stm32h7xx_hal.o
                0x0000000024030fd8                uwTick
 .bss.gs_STEPPER_info
                0x0000000024030fdc       0x14 ./ECUAL/STEPPER/STEPPER.o
 .bss.__sf      0x0000000024030ff0      0x138 /usr/lib/gcc/arm-none-eabi/12.2.0/../../../../arm-none-eabi/lib/thumb/v7e-m+dp/hard/libc_nano.a(libc_a-findfp.o)
                0x0000000024030ff0                __sf
 .bss.errno     0x0000000024031128        0x4 /usr/lib/gcc/arm-none-eabi/12.2.0/../../../../arm-none-eabi/lib/thumb/v7e-m+dp/hard/libc_nano.a(libc_a-reent.o)
                0x0000000024031128                errno
 .bss.__lock___malloc_recursive_mutex
                0x000000002403112c        0x1 /usr/lib/gcc/arm-none-eabi/12.2.0/../../../../arm-none-eabi/lib/thumb/v7e-m+dp/hard/libc_nano.a(libc_a-lock.o)
                0x000000002403112c                __lock___malloc_recursive_mutex
 *fill*         0x000000002403112d        0x3 
 .bss.__malloc_sbrk_start
                0x0000000024031130        0x4 /usr/lib/gcc/arm-none-eabi/12.2.0/../../../../arm-none-eabi/lib/thumb/v7e-m+dp/hard/libc_nano.a(libc_a-mallocr.o)
                0x0000000024031130                __malloc_sbrk_start
 .bss.__malloc_free_list
                0x0000000024031134        0x4 /usr/lib/gcc/arm-none-eabi/12.2.0/../../../../arm-none-eabi/lib/thumb/v7e-m+dp/hard/libc_nano.a(libc_a-mallocr.o)
                0x0000000024031134                __malloc_free_list
 *(COMMON)
                0x0000000024031138                . = ALIGN (0x4)
                0x0000000024031138                _ebss = .
                0x0000000024031138                __bss_end__ = _ebss

._user_heap_stack
                0x0000000024031138      0x600 load address 0x0000000008009510
                0x0000000024031138                . = ALIGN (0x8)
                [!provide]                        PROVIDE (end = .)
                0x0000000024031138                PROVIDE (_end = .)
                0x0000000024031338                . = (. + _Min_Heap_Size)
 *fill*         0x0000000024031138      0x200 
                0x0000000024031738                . = (. + _Min_Stack_Size)
 *fill*         0x0000000024031338      0x400 
                0x0000000024031738                . = ALIGN (0x8)

/DISCARD/
 libc.a(*)
 libm.a(*)
 libgcc.a(*)

.ARM.attributes
                0x0000000000000000       0x2e
 *(.ARM.attributes)
 .ARM.attributes
                0x0000000000000000       0x20 /usr/lib/gcc/arm-none-eabi/12.2.0/thumb/v7e-m+dp/hard/crti.o
 .ARM.attributes
                0x0000000000000020       0x32 /usr/lib/gcc/arm-none-eabi/12.2.0/thumb/v7e-m+dp/hard/crtbegin.o
 .ARM.attributes
                0x0000000000000052       0x32 ./Core/Src/main.o
 .ARM.attributes
                0x0000000000000084       0x32 ./Core/Src/stm32h7xx_hal_msp.o
 .ARM.attributes
                0x00000000000000b6       0x32 ./Core/Src/stm32h7xx_it.o
 .ARM.attributes
                0x00000000000000e8       0x32 ./Core/Src/sysmem.o
 .ARM.attributes
                0x000000000000011a       0x32 ./Core/Src/system_stm32h7xx.o
 .ARM.attributes
                0x000000000000014c       0x21 ./Core/Startup/startup_stm32h7a3zitxq.o
 .ARM.attributes
                0x000000000000016d       0x32 ./Drivers/STM32H7xx_HAL_Driver/Src/stm32h7xx_hal.o
 .ARM.attributes
                0x000000000000019f       0x32 ./Drivers/STM32H7xx_HAL_Driver/Src/stm32h7xx_hal_adc.o
 .ARM.attributes
                0x00000000000001d1       0x32 ./Drivers/STM32H7xx_HAL_Driver/Src/stm32h7xx_hal_adc_ex.o
 .ARM.attributes
                0x0000000000000203       0x32 ./Drivers/STM32H7xx_HAL_Driver/Src/stm32h7xx_hal_cortex.o
 .ARM.attributes
                0x0000000000000235       0x32 ./Drivers/STM32H7xx_HAL_Driver/Src/stm32h7xx_hal_gpio.o
 .ARM.attributes
                0x0000000000000267       0x32 ./Drivers/STM32H7xx_HAL_Driver/Src/stm32h7xx_hal_pwr_ex.o
 .ARM.attributes
                0x0000000000000299       0x32 ./Drivers/STM32H7xx_HAL_Driver/Src/stm32h7xx_hal_rcc.o
 .ARM.attributes
                0x00000000000002cb       0x32 ./Drivers/STM32H7xx_HAL_Driver/Src/stm32h7xx_hal_rcc_ex.o
 .ARM.attributes
                0x00000000000002fd       0x32 ./Drivers/STM32H7xx_HAL_Driver/Src/stm32h7xx_hal_tim.o
 .ARM.attributes
                0x000000000000032f       0x32 ./Drivers/STM32H7xx_HAL_Driver/Src/stm32h7xx_hal_tim_ex.o
 .ARM.attributes
                0x0000000000000361       0x32 ./Drivers/STM32H7xx_HAL_Driver/Src/stm32h7xx_hal_uart.o
 .ARM.attributes
                0x0000000000000393       0x32 ./Drivers/STM32H7xx_HAL_Driver/Src/stm32h7xx_hal_uart_ex.o
 .ARM.attributes
                0x00000000000003c5       0x32 ./ECUAL/STEPPER/STEPPER.o
 .ARM.attributes
                0x00000000000003f7       0x32 ./ECUAL/STEPPER/STEPPER_cfg.o
 .ARM.attributes
                0x0000000000000429       0x32 ./util/DWT_Delay.o
 .ARM.attributes
                0x000000000000045b       0x32 /usr/lib/gcc/arm-none-eabi/12.2.0/../../../../arm-none-eabi/lib/thumb/v7e-m+dp/hard/libc_nano.a(libc_a-findfp.o)
 .ARM.attributes
                0x000000000000048d       0x32 /usr/lib/gcc/arm-none-eabi/12.2.0/../../../../arm-none-eabi/lib/thumb/v7e-m+dp/hard/libc_nano.a(libc_a-sprintf.o)
 .ARM.attributes
                0x00000000000004bf       0x32 /usr/lib/gcc/arm-none-eabi/12.2.0/../../../../arm-none-eabi/lib/thumb/v7e-m+dp/hard/libc_nano.a(libc_a-memset.o)
 .ARM.attributes
                0x00000000000004f1       0x32 /usr/lib/gcc/arm-none-eabi/12.2.0/../../../../arm-none-eabi/lib/thumb/v7e-m+dp/hard/libc_nano.a(libc_a-reent.o)
 .ARM.attributes
                0x0000000000000523       0x32 /usr/lib/gcc/arm-none-eabi/12.2.0/../../../../arm-none-eabi/lib/thumb/v7e-m+dp/hard/libc_nano.a(libc_a-impure.o)
 .ARM.attributes
                0x0000000000000555       0x32 /usr/lib/gcc/arm-none-eabi/12.2.0/../../../../arm-none-eabi/lib/thumb/v7e-m+dp/hard/libc_nano.a(libc_a-errno.o)
 .ARM.attributes
                0x0000000000000587       0x32 /usr/lib/gcc/arm-none-eabi/12.2.0/../../../../arm-none-eabi/lib/thumb/v7e-m+dp/hard/libc_nano.a(libc_a-init.o)
 .ARM.attributes
                0x00000000000005b9       0x32 /usr/lib/gcc/arm-none-eabi/12.2.0/../../../../arm-none-eabi/lib/thumb/v7e-m+dp/hard/libc_nano.a(libc_a-lock.o)
 .ARM.attributes
                0x00000000000005eb       0x32 /usr/lib/gcc/arm-none-eabi/12.2.0/../../../../arm-none-eabi/lib/thumb/v7e-m+dp/hard/libc_nano.a(libc_a-freer.o)
 .ARM.attributes
                0x000000000000061d       0x32 /usr/lib/gcc/arm-none-eabi/12.2.0/../../../../arm-none-eabi/lib/thumb/v7e-m+dp/hard/libc_nano.a(libc_a-mallocr.o)
 .ARM.attributes
                0x000000000000064f       0x32 /usr/lib/gcc/arm-none-eabi/12.2.0/../../../../arm-none-eabi/lib/thumb/v7e-m+dp/hard/libc_nano.a(libc_a-mlock.o)
 .ARM.attributes
                0x0000000000000681       0x32 /usr/lib/gcc/arm-none-eabi/12.2.0/../../../../arm-none-eabi/lib/thumb/v7e-m+dp/hard/libc_nano.a(libc_a-nano-svfprintf.o)
 .ARM.attributes
                0x00000000000006b3       0x32 /usr/lib/gcc/arm-none-eabi/12.2.0/../../../../arm-none-eabi/lib/thumb/v7e-m+dp/hard/libc_nano.a(libc_a-nano-vfprintf_i.o)
 .ARM.attributes
                0x00000000000006e5       0x32 /usr/lib/gcc/arm-none-eabi/12.2.0/../../../../arm-none-eabi/lib/thumb/v7e-m+dp/hard/libc_nano.a(libc_a-memmove.o)
 .ARM.attributes
                0x0000000000000717       0x32 /usr/lib/gcc/arm-none-eabi/12.2.0/../../../../arm-none-eabi/lib/thumb/v7e-m+dp/hard/libc_nano.a(libc_a-sbrkr.o)
 .ARM.attributes
                0x0000000000000749       0x1c /usr/lib/gcc/arm-none-eabi/12.2.0/../../../../arm-none-eabi/lib/thumb/v7e-m+dp/hard/libc_nano.a(libc_a-memchr.o)
 .ARM.attributes
                0x0000000000000765       0x32 /usr/lib/gcc/arm-none-eabi/12.2.0/../../../../arm-none-eabi/lib/thumb/v7e-m+dp/hard/libc_nano.a(libc_a-memcpy-stub.o)
 .ARM.attributes
                0x0000000000000797       0x32 /usr/lib/gcc/arm-none-eabi/12.2.0/../../../../arm-none-eabi/lib/thumb/v7e-m+dp/hard/libc_nano.a(libc_a-reallocr.o)
 .ARM.attributes
                0x00000000000007c9       0x32 /usr/lib/gcc/arm-none-eabi/12.2.0/../../../../arm-none-eabi/lib/thumb/v7e-m+dp/hard/libc_nano.a(libc_a-msizer.o)
 .ARM.attributes
                0x00000000000007fb       0x20 /usr/lib/gcc/arm-none-eabi/12.2.0/thumb/v7e-m+dp/hard/libgcc.a(_aeabi_uldivmod.o)
 .ARM.attributes
                0x000000000000081b       0x32 /usr/lib/gcc/arm-none-eabi/12.2.0/thumb/v7e-m+dp/hard/libgcc.a(_udivmoddi4.o)
 .ARM.attributes
                0x000000000000084d       0x20 /usr/lib/gcc/arm-none-eabi/12.2.0/thumb/v7e-m+dp/hard/libgcc.a(_dvmd_tls.o)
 .ARM.attributes
                0x000000000000086d       0x20 /usr/lib/gcc/arm-none-eabi/12.2.0/thumb/v7e-m+dp/hard/crtn.o
OUTPUT(h7a3zi_combine.elf elf32-littlearm)
LOAD linker stubs
LOAD /usr/lib/gcc/arm-none-eabi/12.2.0/../../../../arm-none-eabi/lib/thumb/v7e-m+dp/hard/libc.a
LOAD /usr/lib/gcc/arm-none-eabi/12.2.0/../../../../arm-none-eabi/lib/thumb/v7e-m+dp/hard/libm.a
LOAD /usr/lib/gcc/arm-none-eabi/12.2.0/thumb/v7e-m+dp/hard/libgcc.a

.debug_info     0x0000000000000000    0x22f57
 .debug_info    0x0000000000000000     0x1ec9 ./Core/Src/main.o
 .debug_info    0x0000000000001ec9     0x1cfe ./Core/Src/stm32h7xx_hal_msp.o
 .debug_info    0x0000000000003bc7      0x81d ./Core/Src/stm32h7xx_it.o
 .debug_info    0x00000000000043e4      0x168 ./Core/Src/sysmem.o
 .debug_info    0x000000000000454c      0xc73 ./Core/Src/system_stm32h7xx.o
 .debug_info    0x00000000000051bf       0x2e ./Core/Startup/startup_stm32h7a3zitxq.o
 .debug_info    0x00000000000051ed     0x13f1 ./Drivers/STM32H7xx_HAL_Driver/Src/stm32h7xx_hal.o
 .debug_info    0x00000000000065de     0x1dde ./Drivers/STM32H7xx_HAL_Driver/Src/stm32h7xx_hal_adc.o
 .debug_info    0x00000000000083bc     0x1f1d ./Drivers/STM32H7xx_HAL_Driver/Src/stm32h7xx_hal_adc_ex.o
 .debug_info    0x000000000000a2d9     0x1042 ./Drivers/STM32H7xx_HAL_Driver/Src/stm32h7xx_hal_cortex.o
 .debug_info    0x000000000000b31b      0xb2b ./Drivers/STM32H7xx_HAL_Driver/Src/stm32h7xx_hal_gpio.o
 .debug_info    0x000000000000be46      0xef7 ./Drivers/STM32H7xx_HAL_Driver/Src/stm32h7xx_hal_pwr_ex.o
 .debug_info    0x000000000000cd3d      0xec0 ./Drivers/STM32H7xx_HAL_Driver/Src/stm32h7xx_hal_rcc.o
 .debug_info    0x000000000000dbfd     0x11d9 ./Drivers/STM32H7xx_HAL_Driver/Src/stm32h7xx_hal_rcc_ex.o
 .debug_info    0x000000000000edd6     0x2b59 ./Drivers/STM32H7xx_HAL_Driver/Src/stm32h7xx_hal_tim.o
 .debug_info    0x000000000001192f     0x188f ./Drivers/STM32H7xx_HAL_Driver/Src/stm32h7xx_hal_tim_ex.o
 .debug_info    0x00000000000131be     0x49b4 ./Drivers/STM32H7xx_HAL_Driver/Src/stm32h7xx_hal_uart.o
 .debug_info    0x0000000000017b72      0xf65 ./Drivers/STM32H7xx_HAL_Driver/Src/stm32h7xx_hal_uart_ex.o
 .debug_info    0x0000000000018ad7     0x13de ./ECUAL/STEPPER/STEPPER.o
 .debug_info    0x0000000000019eb5      0x20a ./ECUAL/STEPPER/STEPPER_cfg.o
 .debug_info    0x000000000001a0bf      0x27d ./util/DWT_Delay.o
 .debug_info    0x000000000001a33c      0xfa9 /usr/lib/gcc/arm-none-eabi/12.2.0/../../../../arm-none-eabi/lib/thumb/v7e-m+dp/hard/libc_nano.a(libc_a-findfp.o)
 .debug_info    0x000000000001b2e5      0x87f /usr/lib/gcc/arm-none-eabi/12.2.0/../../../../arm-none-eabi/lib/thumb/v7e-m+dp/hard/libc_nano.a(libc_a-sprintf.o)
 .debug_info    0x000000000001bb64       0xe0 /usr/lib/gcc/arm-none-eabi/12.2.0/../../../../arm-none-eabi/lib/thumb/v7e-m+dp/hard/libc_nano.a(libc_a-memset.o)
 .debug_info    0x000000000001bc44      0x855 /usr/lib/gcc/arm-none-eabi/12.2.0/../../../../arm-none-eabi/lib/thumb/v7e-m+dp/hard/libc_nano.a(libc_a-reent.o)
 .debug_info    0x000000000001c499      0x715 /usr/lib/gcc/arm-none-eabi/12.2.0/../../../../arm-none-eabi/lib/thumb/v7e-m+dp/hard/libc_nano.a(libc_a-impure.o)
 .debug_info    0x000000000001cbae      0x6fb /usr/lib/gcc/arm-none-eabi/12.2.0/../../../../arm-none-eabi/lib/thumb/v7e-m+dp/hard/libc_nano.a(libc_a-errno.o)
 .debug_info    0x000000000001d2a9      0x10b /usr/lib/gcc/arm-none-eabi/12.2.0/../../../../arm-none-eabi/lib/thumb/v7e-m+dp/hard/libc_nano.a(libc_a-init.o)
 .debug_info    0x000000000001d3b4      0x20a /usr/lib/gcc/arm-none-eabi/12.2.0/../../../../arm-none-eabi/lib/thumb/v7e-m+dp/hard/libc_nano.a(libc_a-lock.o)
 .debug_info    0x000000000001d5be      0x84b /usr/lib/gcc/arm-none-eabi/12.2.0/../../../../arm-none-eabi/lib/thumb/v7e-m+dp/hard/libc_nano.a(libc_a-freer.o)
 .debug_info    0x000000000001de09      0x9b6 /usr/lib/gcc/arm-none-eabi/12.2.0/../../../../arm-none-eabi/lib/thumb/v7e-m+dp/hard/libc_nano.a(libc_a-mallocr.o)
 .debug_info    0x000000000001e7bf      0x76b /usr/lib/gcc/arm-none-eabi/12.2.0/../../../../arm-none-eabi/lib/thumb/v7e-m+dp/hard/libc_nano.a(libc_a-mlock.o)
 .debug_info    0x000000000001ef2a     0x10c5 /usr/lib/gcc/arm-none-eabi/12.2.0/../../../../arm-none-eabi/lib/thumb/v7e-m+dp/hard/libc_nano.a(libc_a-nano-svfprintf.o)
 .debug_info    0x000000000001ffef      0xde2 /usr/lib/gcc/arm-none-eabi/12.2.0/../../../../arm-none-eabi/lib/thumb/v7e-m+dp/hard/libc_nano.a(libc_a-nano-vfprintf_i.o)
 .debug_info    0x0000000000020dd1      0x10f /usr/lib/gcc/arm-none-eabi/12.2.0/../../../../arm-none-eabi/lib/thumb/v7e-m+dp/hard/libc_nano.a(libc_a-memmove.o)
 .debug_info    0x0000000000020ee0      0x77c /usr/lib/gcc/arm-none-eabi/12.2.0/../../../../arm-none-eabi/lib/thumb/v7e-m+dp/hard/libc_nano.a(libc_a-sbrkr.o)
 .debug_info    0x000000000002165c       0x25 /usr/lib/gcc/arm-none-eabi/12.2.0/../../../../arm-none-eabi/lib/thumb/v7e-m+dp/hard/libc_nano.a(libc_a-memchr.o)
 .debug_info    0x0000000000021681      0x121 /usr/lib/gcc/arm-none-eabi/12.2.0/../../../../arm-none-eabi/lib/thumb/v7e-m+dp/hard/libc_nano.a(libc_a-memcpy-stub.o)
 .debug_info    0x00000000000217a2      0x8c7 /usr/lib/gcc/arm-none-eabi/12.2.0/../../../../arm-none-eabi/lib/thumb/v7e-m+dp/hard/libc_nano.a(libc_a-reallocr.o)
 .debug_info    0x0000000000022069      0x794 /usr/lib/gcc/arm-none-eabi/12.2.0/../../../../arm-none-eabi/lib/thumb/v7e-m+dp/hard/libc_nano.a(libc_a-msizer.o)
 .debug_info    0x00000000000227fd       0x24 /usr/lib/gcc/arm-none-eabi/12.2.0/thumb/v7e-m+dp/hard/libgcc.a(_aeabi_uldivmod.o)
 .debug_info    0x0000000000022821      0x6fd /usr/lib/gcc/arm-none-eabi/12.2.0/thumb/v7e-m+dp/hard/libgcc.a(_udivmoddi4.o)
 .debug_info    0x0000000000022f1e       0x39 /usr/lib/gcc/arm-none-eabi/12.2.0/thumb/v7e-m+dp/hard/libgcc.a(_dvmd_tls.o)

.debug_abbrev   0x0000000000000000     0x509c
 .debug_abbrev  0x0000000000000000      0x38e ./Core/Src/main.o
 .debug_abbrev  0x000000000000038e      0x272 ./Core/Src/stm32h7xx_hal_msp.o
 .debug_abbrev  0x0000000000000600      0x190 ./Core/Src/stm32h7xx_it.o
 .debug_abbrev  0x0000000000000790       0xbc ./Core/Src/sysmem.o
 .debug_abbrev  0x000000000000084c      0x14a ./Core/Src/system_stm32h7xx.o
 .debug_abbrev  0x0000000000000996       0x1d ./Core/Startup/startup_stm32h7a3zitxq.o
 .debug_abbrev  0x00000000000009b3      0x291 ./Drivers/STM32H7xx_HAL_Driver/Src/stm32h7xx_hal.o
 .debug_abbrev  0x0000000000000c44      0x2d3 ./Drivers/STM32H7xx_HAL_Driver/Src/stm32h7xx_hal_adc.o
 .debug_abbrev  0x0000000000000f17      0x31b ./Drivers/STM32H7xx_HAL_Driver/Src/stm32h7xx_hal_adc_ex.o
 .debug_abbrev  0x0000000000001232      0x339 ./Drivers/STM32H7xx_HAL_Driver/Src/stm32h7xx_hal_cortex.o
 .debug_abbrev  0x000000000000156b      0x1fa ./Drivers/STM32H7xx_HAL_Driver/Src/stm32h7xx_hal_gpio.o
 .debug_abbrev  0x0000000000001765      0x297 ./Drivers/STM32H7xx_HAL_Driver/Src/stm32h7xx_hal_pwr_ex.o
 .debug_abbrev  0x00000000000019fc      0x2c4 ./Drivers/STM32H7xx_HAL_Driver/Src/stm32h7xx_hal_rcc.o
 .debug_abbrev  0x0000000000001cc0      0x27a ./Drivers/STM32H7xx_HAL_Driver/Src/stm32h7xx_hal_rcc_ex.o
 .debug_abbrev  0x0000000000001f3a      0x26f ./Drivers/STM32H7xx_HAL_Driver/Src/stm32h7xx_hal_tim.o
 .debug_abbrev  0x00000000000021a9      0x28f ./Drivers/STM32H7xx_HAL_Driver/Src/stm32h7xx_hal_tim_ex.o
 .debug_abbrev  0x0000000000002438      0x34e ./Drivers/STM32H7xx_HAL_Driver/Src/stm32h7xx_hal_uart.o
 .debug_abbrev  0x0000000000002786      0x2d3 ./Drivers/STM32H7xx_HAL_Driver/Src/stm32h7xx_hal_uart_ex.o
 .debug_abbrev  0x0000000000002a59      0x2b6 ./ECUAL/STEPPER/STEPPER.o
 .debug_abbrev  0x0000000000002d0f       0xd9 ./ECUAL/STEPPER/STEPPER_cfg.o
 .debug_abbrev  0x0000000000002de8       0xd4 ./util/DWT_Delay.o
 .debug_abbrev  0x0000000000002ebc      0x424 /usr/lib/gcc/arm-none-eabi/12.2.0/../../../../arm-none-eabi/lib/thumb/v7e-m+dp/hard/libc_nano.a(libc_a-findfp.o)
 .debug_abbrev  0x00000000000032e0      0x21c /usr/lib/gcc/arm-none-eabi/12.2.0/../../../../arm-none-eabi/lib/thumb/v7e-m+dp/hard/libc_nano.a(libc_a-sprintf.o)
 .debug_abbrev  0x00000000000034fc       0x9e /usr/lib/gcc/arm-none-eabi/12.2.0/../../../../arm-none-eabi/lib/thumb/v7e-m+dp/hard/libc_nano.a(libc_a-memset.o)
 .debug_abbrev  0x000000000000359a      0x1ed /usr/lib/gcc/arm-none-eabi/12.2.0/../../../../arm-none-eabi/lib/thumb/v7e-m+dp/hard/libc_nano.a(libc_a-reent.o)
 .debug_abbrev  0x0000000000003787      0x149 /usr/lib/gcc/arm-none-eabi/12.2.0/../../../../arm-none-eabi/lib/thumb/v7e-m+dp/hard/libc_nano.a(libc_a-impure.o)
 .debug_abbrev  0x00000000000038d0      0x15e /usr/lib/gcc/arm-none-eabi/12.2.0/../../../../arm-none-eabi/lib/thumb/v7e-m+dp/hard/libc_nano.a(libc_a-errno.o)
 .debug_abbrev  0x0000000000003a2e       0xc9 /usr/lib/gcc/arm-none-eabi/12.2.0/../../../../arm-none-eabi/lib/thumb/v7e-m+dp/hard/libc_nano.a(libc_a-init.o)
 .debug_abbrev  0x0000000000003af7      0x115 /usr/lib/gcc/arm-none-eabi/12.2.0/../../../../arm-none-eabi/lib/thumb/v7e-m+dp/hard/libc_nano.a(libc_a-lock.o)
 .debug_abbrev  0x0000000000003c0c      0x236 /usr/lib/gcc/arm-none-eabi/12.2.0/../../../../arm-none-eabi/lib/thumb/v7e-m+dp/hard/libc_nano.a(libc_a-freer.o)
 .debug_abbrev  0x0000000000003e42      0x24a /usr/lib/gcc/arm-none-eabi/12.2.0/../../../../arm-none-eabi/lib/thumb/v7e-m+dp/hard/libc_nano.a(libc_a-mallocr.o)
 .debug_abbrev  0x000000000000408c      0x1bf /usr/lib/gcc/arm-none-eabi/12.2.0/../../../../arm-none-eabi/lib/thumb/v7e-m+dp/hard/libc_nano.a(libc_a-mlock.o)
 .debug_abbrev  0x000000000000424b      0x31e /usr/lib/gcc/arm-none-eabi/12.2.0/../../../../arm-none-eabi/lib/thumb/v7e-m+dp/hard/libc_nano.a(libc_a-nano-svfprintf.o)
 .debug_abbrev  0x0000000000004569      0x28e /usr/lib/gcc/arm-none-eabi/12.2.0/../../../../arm-none-eabi/lib/thumb/v7e-m+dp/hard/libc_nano.a(libc_a-nano-vfprintf_i.o)
 .debug_abbrev  0x00000000000047f7       0xac /usr/lib/gcc/arm-none-eabi/12.2.0/../../../../arm-none-eabi/lib/thumb/v7e-m+dp/hard/libc_nano.a(libc_a-memmove.o)
 .debug_abbrev  0x00000000000048a3      0x1da /usr/lib/gcc/arm-none-eabi/12.2.0/../../../../arm-none-eabi/lib/thumb/v7e-m+dp/hard/libc_nano.a(libc_a-sbrkr.o)
 .debug_abbrev  0x0000000000004a7d       0x14 /usr/lib/gcc/arm-none-eabi/12.2.0/../../../../arm-none-eabi/lib/thumb/v7e-m+dp/hard/libc_nano.a(libc_a-memchr.o)
 .debug_abbrev  0x0000000000004a91       0xc1 /usr/lib/gcc/arm-none-eabi/12.2.0/../../../../arm-none-eabi/lib/thumb/v7e-m+dp/hard/libc_nano.a(libc_a-memcpy-stub.o)
 .debug_abbrev  0x0000000000004b52      0x217 /usr/lib/gcc/arm-none-eabi/12.2.0/../../../../arm-none-eabi/lib/thumb/v7e-m+dp/hard/libc_nano.a(libc_a-reallocr.o)
 .debug_abbrev  0x0000000000004d69      0x196 /usr/lib/gcc/arm-none-eabi/12.2.0/../../../../arm-none-eabi/lib/thumb/v7e-m+dp/hard/libc_nano.a(libc_a-msizer.o)
 .debug_abbrev  0x0000000000004eff       0x14 /usr/lib/gcc/arm-none-eabi/12.2.0/thumb/v7e-m+dp/hard/libgcc.a(_aeabi_uldivmod.o)
 .debug_abbrev  0x0000000000004f13      0x16a /usr/lib/gcc/arm-none-eabi/12.2.0/thumb/v7e-m+dp/hard/libgcc.a(_udivmoddi4.o)
 .debug_abbrev  0x000000000000507d       0x1f /usr/lib/gcc/arm-none-eabi/12.2.0/thumb/v7e-m+dp/hard/libgcc.a(_dvmd_tls.o)

.debug_aranges  0x0000000000000000     0x1840
 .debug_aranges
                0x0000000000000000       0x78 ./Core/Src/main.o
 .debug_aranges
                0x0000000000000078       0x50 ./Core/Src/stm32h7xx_hal_msp.o
 .debug_aranges
                0x00000000000000c8       0x68 ./Core/Src/stm32h7xx_it.o
 .debug_aranges
                0x0000000000000130       0x20 ./Core/Src/sysmem.o
 .debug_aranges
                0x0000000000000150       0x28 ./Core/Src/system_stm32h7xx.o
 .debug_aranges
                0x0000000000000178       0x28 ./Core/Startup/startup_stm32h7a3zitxq.o
 .debug_aranges
                0x00000000000001a0      0x1a0 ./Drivers/STM32H7xx_HAL_Driver/Src/stm32h7xx_hal.o
 .debug_aranges
                0x0000000000000340      0x228 ./Drivers/STM32H7xx_HAL_Driver/Src/stm32h7xx_hal_adc.o
 .debug_aranges
                0x0000000000000568      0x1d8 ./Drivers/STM32H7xx_HAL_Driver/Src/stm32h7xx_hal_adc_ex.o
 .debug_aranges
                0x0000000000000740      0x120 ./Drivers/STM32H7xx_HAL_Driver/Src/stm32h7xx_hal_cortex.o
 .debug_aranges
                0x0000000000000860       0x58 ./Drivers/STM32H7xx_HAL_Driver/Src/stm32h7xx_hal_gpio.o
 .debug_aranges
                0x00000000000008b8      0x188 ./Drivers/STM32H7xx_HAL_Driver/Src/stm32h7xx_hal_pwr_ex.o
 .debug_aranges
                0x0000000000000a40       0x88 ./Drivers/STM32H7xx_HAL_Driver/Src/stm32h7xx_hal_rcc.o
 .debug_aranges
                0x0000000000000ac8       0xf0 ./Drivers/STM32H7xx_HAL_Driver/Src/stm32h7xx_hal_rcc_ex.o
 .debug_aranges
                0x0000000000000bb8      0x3e0 ./Drivers/STM32H7xx_HAL_Driver/Src/stm32h7xx_hal_tim.o
 .debug_aranges
                0x0000000000000f98      0x198 ./Drivers/STM32H7xx_HAL_Driver/Src/stm32h7xx_hal_tim_ex.o
 .debug_aranges
                0x0000000000001130      0x248 ./Drivers/STM32H7xx_HAL_Driver/Src/stm32h7xx_hal_uart.o
 .debug_aranges
                0x0000000000001378       0xa0 ./Drivers/STM32H7xx_HAL_Driver/Src/stm32h7xx_hal_uart_ex.o
 .debug_aranges
                0x0000000000001418       0x68 ./ECUAL/STEPPER/STEPPER.o
 .debug_aranges
                0x0000000000001480       0x18 ./ECUAL/STEPPER/STEPPER_cfg.o
 .debug_aranges
                0x0000000000001498       0x20 ./util/DWT_Delay.o
 .debug_aranges
                0x00000000000014b8       0x78 /usr/lib/gcc/arm-none-eabi/12.2.0/../../../../arm-none-eabi/lib/thumb/v7e-m+dp/hard/libc_nano.a(libc_a-findfp.o)
 .debug_aranges
                0x0000000000001530       0x28 /usr/lib/gcc/arm-none-eabi/12.2.0/../../../../arm-none-eabi/lib/thumb/v7e-m+dp/hard/libc_nano.a(libc_a-sprintf.o)
 .debug_aranges
                0x0000000000001558       0x20 /usr/lib/gcc/arm-none-eabi/12.2.0/../../../../arm-none-eabi/lib/thumb/v7e-m+dp/hard/libc_nano.a(libc_a-memset.o)
 .debug_aranges
                0x0000000000001578       0x20 /usr/lib/gcc/arm-none-eabi/12.2.0/../../../../arm-none-eabi/lib/thumb/v7e-m+dp/hard/libc_nano.a(libc_a-reent.o)
 .debug_aranges
                0x0000000000001598       0x18 /usr/lib/gcc/arm-none-eabi/12.2.0/../../../../arm-none-eabi/lib/thumb/v7e-m+dp/hard/libc_nano.a(libc_a-impure.o)
 .debug_aranges
                0x00000000000015b0       0x20 /usr/lib/gcc/arm-none-eabi/12.2.0/../../../../arm-none-eabi/lib/thumb/v7e-m+dp/hard/libc_nano.a(libc_a-errno.o)
 .debug_aranges
                0x00000000000015d0       0x20 /usr/lib/gcc/arm-none-eabi/12.2.0/../../../../arm-none-eabi/lib/thumb/v7e-m+dp/hard/libc_nano.a(libc_a-init.o)
 .debug_aranges
                0x00000000000015f0       0x68 /usr/lib/gcc/arm-none-eabi/12.2.0/../../../../arm-none-eabi/lib/thumb/v7e-m+dp/hard/libc_nano.a(libc_a-lock.o)
 .debug_aranges
                0x0000000000001658       0x20 /usr/lib/gcc/arm-none-eabi/12.2.0/../../../../arm-none-eabi/lib/thumb/v7e-m+dp/hard/libc_nano.a(libc_a-freer.o)
 .debug_aranges
                0x0000000000001678       0x28 /usr/lib/gcc/arm-none-eabi/12.2.0/../../../../arm-none-eabi/lib/thumb/v7e-m+dp/hard/libc_nano.a(libc_a-mallocr.o)
 .debug_aranges
                0x00000000000016a0       0x28 /usr/lib/gcc/arm-none-eabi/12.2.0/../../../../arm-none-eabi/lib/thumb/v7e-m+dp/hard/libc_nano.a(libc_a-mlock.o)
 .debug_aranges
                0x00000000000016c8       0x30 /usr/lib/gcc/arm-none-eabi/12.2.0/../../../../arm-none-eabi/lib/thumb/v7e-m+dp/hard/libc_nano.a(libc_a-nano-svfprintf.o)
 .debug_aranges
                0x00000000000016f8       0x28 /usr/lib/gcc/arm-none-eabi/12.2.0/../../../../arm-none-eabi/lib/thumb/v7e-m+dp/hard/libc_nano.a(libc_a-nano-vfprintf_i.o)
 .debug_aranges
                0x0000000000001720       0x20 /usr/lib/gcc/arm-none-eabi/12.2.0/../../../../arm-none-eabi/lib/thumb/v7e-m+dp/hard/libc_nano.a(libc_a-memmove.o)
 .debug_aranges
                0x0000000000001740       0x20 /usr/lib/gcc/arm-none-eabi/12.2.0/../../../../arm-none-eabi/lib/thumb/v7e-m+dp/hard/libc_nano.a(libc_a-sbrkr.o)
 .debug_aranges
                0x0000000000001760       0x20 /usr/lib/gcc/arm-none-eabi/12.2.0/../../../../arm-none-eabi/lib/thumb/v7e-m+dp/hard/libc_nano.a(libc_a-memchr.o)
 .debug_aranges
                0x0000000000001780       0x20 /usr/lib/gcc/arm-none-eabi/12.2.0/../../../../arm-none-eabi/lib/thumb/v7e-m+dp/hard/libc_nano.a(libc_a-memcpy-stub.o)
 .debug_aranges
                0x00000000000017a0       0x20 /usr/lib/gcc/arm-none-eabi/12.2.0/../../../../arm-none-eabi/lib/thumb/v7e-m+dp/hard/libc_nano.a(libc_a-reallocr.o)
 .debug_aranges
                0x00000000000017c0       0x20 /usr/lib/gcc/arm-none-eabi/12.2.0/../../../../arm-none-eabi/lib/thumb/v7e-m+dp/hard/libc_nano.a(libc_a-msizer.o)
 .debug_aranges
                0x00000000000017e0       0x20 /usr/lib/gcc/arm-none-eabi/12.2.0/thumb/v7e-m+dp/hard/libgcc.a(_aeabi_uldivmod.o)
 .debug_aranges
                0x0000000000001800       0x20 /usr/lib/gcc/arm-none-eabi/12.2.0/thumb/v7e-m+dp/hard/libgcc.a(_udivmoddi4.o)
 .debug_aranges
                0x0000000000001820       0x20 /usr/lib/gcc/arm-none-eabi/12.2.0/thumb/v7e-m+dp/hard/libgcc.a(_dvmd_tls.o)

.debug_rnglists
                0x0000000000000000     0x132b
 .debug_rnglists
                0x0000000000000000       0x5c ./Core/Src/main.o
 .debug_rnglists
                0x000000000000005c       0x3a ./Core/Src/stm32h7xx_hal_msp.o
 .debug_rnglists
                0x0000000000000096       0x49 ./Core/Src/stm32h7xx_it.o
 .debug_rnglists
                0x00000000000000df       0x13 ./Core/Src/sysmem.o
 .debug_rnglists
                0x00000000000000f2       0x1b ./Core/Src/system_stm32h7xx.o
 .debug_rnglists
                0x000000000000010d       0x19 ./Core/Startup/startup_stm32h7a3zitxq.o
 .debug_rnglists
                0x0000000000000126      0x137 ./Drivers/STM32H7xx_HAL_Driver/Src/stm32h7xx_hal.o
 .debug_rnglists
                0x000000000000025d      0x1a9 ./Drivers/STM32H7xx_HAL_Driver/Src/stm32h7xx_hal_adc.o
 .debug_rnglists
                0x0000000000000406      0x16f ./Drivers/STM32H7xx_HAL_Driver/Src/stm32h7xx_hal_adc_ex.o
 .debug_rnglists
                0x0000000000000575       0xd4 ./Drivers/STM32H7xx_HAL_Driver/Src/stm32h7xx_hal_cortex.o
 .debug_rnglists
                0x0000000000000649       0x3f ./Drivers/STM32H7xx_HAL_Driver/Src/stm32h7xx_hal_gpio.o
 .debug_rnglists
                0x0000000000000688      0x126 ./Drivers/STM32H7xx_HAL_Driver/Src/stm32h7xx_hal_pwr_ex.o
 .debug_rnglists
                0x00000000000007ae       0x68 ./Drivers/STM32H7xx_HAL_Driver/Src/stm32h7xx_hal_rcc.o
 .debug_rnglists
                0x0000000000000816       0xba ./Drivers/STM32H7xx_HAL_Driver/Src/stm32h7xx_hal_rcc_ex.o
 .debug_rnglists
                0x00000000000008d0      0x328 ./Drivers/STM32H7xx_HAL_Driver/Src/stm32h7xx_hal_tim.o
 .debug_rnglists
                0x0000000000000bf8      0x14d ./Drivers/STM32H7xx_HAL_Driver/Src/stm32h7xx_hal_tim_ex.o
 .debug_rnglists
                0x0000000000000d45      0x1f9 ./Drivers/STM32H7xx_HAL_Driver/Src/stm32h7xx_hal_uart.o
 .debug_rnglists
                0x0000000000000f3e       0x79 ./Drivers/STM32H7xx_HAL_Driver/Src/stm32h7xx_hal_uart_ex.o
 .debug_rnglists
                0x0000000000000fb7       0x50 ./ECUAL/STEPPER/STEPPER.o
 .debug_rnglists
                0x0000000000001007       0x13 ./util/DWT_Delay.o
 .debug_rnglists
                0x000000000000101a       0x7a /usr/lib/gcc/arm-none-eabi/12.2.0/../../../../arm-none-eabi/lib/thumb/v7e-m+dp/hard/libc_nano.a(libc_a-findfp.o)
 .debug_rnglists
                0x0000000000001094       0x19 /usr/lib/gcc/arm-none-eabi/12.2.0/../../../../arm-none-eabi/lib/thumb/v7e-m+dp/hard/libc_nano.a(libc_a-sprintf.o)
 .debug_rnglists
                0x00000000000010ad       0x13 /usr/lib/gcc/arm-none-eabi/12.2.0/../../../../arm-none-eabi/lib/thumb/v7e-m+dp/hard/libc_nano.a(libc_a-memset.o)
 .debug_rnglists
                0x00000000000010c0       0x30 /usr/lib/gcc/arm-none-eabi/12.2.0/../../../../arm-none-eabi/lib/thumb/v7e-m+dp/hard/libc_nano.a(libc_a-reent.o)
 .debug_rnglists
                0x00000000000010f0       0x13 /usr/lib/gcc/arm-none-eabi/12.2.0/../../../../arm-none-eabi/lib/thumb/v7e-m+dp/hard/libc_nano.a(libc_a-errno.o)
 .debug_rnglists
                0x0000000000001103       0x13 /usr/lib/gcc/arm-none-eabi/12.2.0/../../../../arm-none-eabi/lib/thumb/v7e-m+dp/hard/libc_nano.a(libc_a-init.o)
 .debug_rnglists
                0x0000000000001116       0x49 /usr/lib/gcc/arm-none-eabi/12.2.0/../../../../arm-none-eabi/lib/thumb/v7e-m+dp/hard/libc_nano.a(libc_a-lock.o)
 .debug_rnglists
                0x000000000000115f       0x14 /usr/lib/gcc/arm-none-eabi/12.2.0/../../../../arm-none-eabi/lib/thumb/v7e-m+dp/hard/libc_nano.a(libc_a-freer.o)
 .debug_rnglists
                0x0000000000001173       0x29 /usr/lib/gcc/arm-none-eabi/12.2.0/../../../../arm-none-eabi/lib/thumb/v7e-m+dp/hard/libc_nano.a(libc_a-mallocr.o)
 .debug_rnglists
                0x000000000000119c       0x19 /usr/lib/gcc/arm-none-eabi/12.2.0/../../../../arm-none-eabi/lib/thumb/v7e-m+dp/hard/libc_nano.a(libc_a-mlock.o)
 .debug_rnglists
                0x00000000000011b5       0x44 /usr/lib/gcc/arm-none-eabi/12.2.0/../../../../arm-none-eabi/lib/thumb/v7e-m+dp/hard/libc_nano.a(libc_a-nano-svfprintf.o)
 .debug_rnglists
                0x00000000000011f9       0x66 /usr/lib/gcc/arm-none-eabi/12.2.0/../../../../arm-none-eabi/lib/thumb/v7e-m+dp/hard/libc_nano.a(libc_a-nano-vfprintf_i.o)
 .debug_rnglists
                0x000000000000125f       0x13 /usr/lib/gcc/arm-none-eabi/12.2.0/../../../../arm-none-eabi/lib/thumb/v7e-m+dp/hard/libc_nano.a(libc_a-memmove.o)
 .debug_rnglists
                0x0000000000001272       0x13 /usr/lib/gcc/arm-none-eabi/12.2.0/../../../../arm-none-eabi/lib/thumb/v7e-m+dp/hard/libc_nano.a(libc_a-sbrkr.o)
 .debug_rnglists
                0x0000000000001285       0x13 /usr/lib/gcc/arm-none-eabi/12.2.0/../../../../arm-none-eabi/lib/thumb/v7e-m+dp/hard/libc_nano.a(libc_a-memcpy-stub.o)
 .debug_rnglists
                0x0000000000001298       0x13 /usr/lib/gcc/arm-none-eabi/12.2.0/../../../../arm-none-eabi/lib/thumb/v7e-m+dp/hard/libc_nano.a(libc_a-reallocr.o)
 .debug_rnglists
                0x00000000000012ab       0x13 /usr/lib/gcc/arm-none-eabi/12.2.0/../../../../arm-none-eabi/lib/thumb/v7e-m+dp/hard/libc_nano.a(libc_a-msizer.o)
 .debug_rnglists
                0x00000000000012be       0x6d /usr/lib/gcc/arm-none-eabi/12.2.0/thumb/v7e-m+dp/hard/libgcc.a(_udivmoddi4.o)

.debug_macro    0x0000000000000000    0x32f8f
 .debug_macro   0x0000000000000000      0x351 ./Core/Src/main.o
 .debug_macro   0x0000000000000351      0xacc ./Core/Src/main.o
 .debug_macro   0x0000000000000e1d      0x23e ./Core/Src/main.o
 .debug_macro   0x000000000000105b       0x2e ./Core/Src/main.o
 .debug_macro   0x0000000000001089       0x42 ./Core/Src/main.o
 .debug_macro   0x00000000000010cb       0x22 ./Core/Src/main.o
 .debug_macro   0x00000000000010ed       0x8e ./Core/Src/main.o
 .debug_macro   0x000000000000117b       0x51 ./Core/Src/main.o
 .debug_macro   0x00000000000011cc      0x103 ./Core/Src/main.o
 .debug_macro   0x00000000000012cf       0x6a ./Core/Src/main.o
 .debug_macro   0x0000000000001339      0x1df ./Core/Src/main.o
 .debug_macro   0x0000000000001518       0x1c ./Core/Src/main.o
 .debug_macro   0x0000000000001534       0x22 ./Core/Src/main.o
 .debug_macro   0x0000000000001556       0xfb ./Core/Src/main.o
 .debug_macro   0x0000000000001651     0x1305 ./Core/Src/main.o
 .debug_macro   0x0000000000002956      0x11f ./Core/Src/main.o
 .debug_macro   0x0000000000002a75       0x27 ./Core/Src/main.o
 .debug_macro   0x0000000000002a9c    0x1e8d1 ./Core/Src/main.o
 .debug_macro   0x000000000002136d       0x6d ./Core/Src/main.o
 .debug_macro   0x00000000000213da     0x3d29 ./Core/Src/main.o
 .debug_macro   0x0000000000025103      0x189 ./Core/Src/main.o
 .debug_macro   0x000000000002528c       0x61 ./Core/Src/main.o
 .debug_macro   0x00000000000252ed       0x29 ./Core/Src/main.o
 .debug_macro   0x0000000000025316       0x43 ./Core/Src/main.o
 .debug_macro   0x0000000000025359       0x34 ./Core/Src/main.o
 .debug_macro   0x000000000002538d       0x16 ./Core/Src/main.o
 .debug_macro   0x00000000000253a3       0x43 ./Core/Src/main.o
 .debug_macro   0x00000000000253e6       0x34 ./Core/Src/main.o
 .debug_macro   0x000000000002541a       0x10 ./Core/Src/main.o
 .debug_macro   0x000000000002542a       0x58 ./Core/Src/main.o
 .debug_macro   0x0000000000025482       0x8e ./Core/Src/main.o
 .debug_macro   0x0000000000025510       0x1c ./Core/Src/main.o
 .debug_macro   0x000000000002552c      0x177 ./Core/Src/main.o
 .debug_macro   0x00000000000256a3      0x369 ./Core/Src/main.o
 .debug_macro   0x0000000000025a0c      0x19b ./Core/Src/main.o
 .debug_macro   0x0000000000025ba7       0x5d ./Core/Src/main.o
 .debug_macro   0x0000000000025c04     0x24ee ./Core/Src/main.o
 .debug_macro   0x00000000000280f2     0x1010 ./Core/Src/main.o
 .debug_macro   0x0000000000029102      0x14d ./Core/Src/main.o
 .debug_macro   0x000000000002924f      0x114 ./Core/Src/main.o
 .debug_macro   0x0000000000029363      0x3bf ./Core/Src/main.o
 .debug_macro   0x0000000000029722       0xac ./Core/Src/main.o
 .debug_macro   0x00000000000297ce      0x70a ./Core/Src/main.o
 .debug_macro   0x0000000000029ed8      0x20c ./Core/Src/main.o
 .debug_macro   0x000000000002a0e4       0x66 ./Core/Src/main.o
 .debug_macro   0x000000000002a14a      0x3c9 ./Core/Src/main.o
 .debug_macro   0x000000000002a513      0x3eb ./Core/Src/main.o
 .debug_macro   0x000000000002a8fe      0x275 ./Core/Src/main.o
 .debug_macro   0x000000000002ab73     0x1021 ./Core/Src/main.o
 .debug_macro   0x000000000002bb94      0x6be ./Core/Src/main.o
 .debug_macro   0x000000000002c252      0x34b ./Core/Src/main.o
 .debug_macro   0x000000000002c59d      0x6c8 ./Core/Src/main.o
 .debug_macro   0x000000000002cc65      0x520 ./Core/Src/main.o
 .debug_macro   0x000000000002d185       0x58 ./Core/Src/main.o
 .debug_macro   0x000000000002d1dd       0x4a ./Core/Src/main.o
 .debug_macro   0x000000000002d227      0x22c ./Core/Src/main.o
 .debug_macro   0x000000000002d453       0x67 ./Core/Src/main.o
 .debug_macro   0x000000000002d4ba       0xa5 ./Core/Src/main.o
 .debug_macro   0x000000000002d55f      0x1bd ./Core/Src/main.o
 .debug_macro   0x000000000002d71c      0x2dc ./Core/Src/main.o
 .debug_macro   0x000000000002d9f8       0x35 ./Core/Src/main.o
 .debug_macro   0x000000000002da2d      0xb16 ./Core/Src/main.o
 .debug_macro   0x000000000002e543      0x29f ./Core/Src/main.o
 .debug_macro   0x000000000002e7e2      0x67e ./Core/Src/main.o
 .debug_macro   0x000000000002ee60       0xa6 ./Core/Src/main.o
 .debug_macro   0x000000000002ef06      0x5be ./Core/Src/main.o
 .debug_macro   0x000000000002f4c4      0x124 ./Core/Src/main.o
 .debug_macro   0x000000000002f5e8       0x52 ./Core/Src/main.o
 .debug_macro   0x000000000002f63a       0x22 ./Core/Src/main.o
 .debug_macro   0x000000000002f65c       0x1c ./Core/Src/main.o
 .debug_macro   0x000000000002f678       0x35 ./Core/Src/main.o
 .debug_macro   0x000000000002f6ad       0x10 ./Core/Src/main.o
 .debug_macro   0x000000000002f6bd       0x1c ./Core/Src/main.o
 .debug_macro   0x000000000002f6d9       0x16 ./Core/Src/main.o
 .debug_macro   0x000000000002f6ef      0x146 ./Core/Src/main.o
 .debug_macro   0x000000000002f835       0x16 ./Core/Src/main.o
 .debug_macro   0x000000000002f84b      0x2da ./Core/Src/stm32h7xx_hal_msp.o
 .debug_macro   0x000000000002fb25      0x2e4 ./Core/Src/stm32h7xx_it.o
 .debug_macro   0x000000000002fe09       0xff ./Core/Src/sysmem.o
 .debug_macro   0x000000000002ff08      0x23b ./Core/Src/sysmem.o
 .debug_macro   0x0000000000030143      0x2cb ./Core/Src/system_stm32h7xx.o
 .debug_macro   0x000000000003040e      0x2f5 ./Drivers/STM32H7xx_HAL_Driver/Src/stm32h7xx_hal.o
 .debug_macro   0x0000000000030703      0x2ef ./Drivers/STM32H7xx_HAL_Driver/Src/stm32h7xx_hal_adc.o
 .debug_macro   0x00000000000309f2      0x2d7 ./Drivers/STM32H7xx_HAL_Driver/Src/stm32h7xx_hal_adc_ex.o
 .debug_macro   0x0000000000030cc9      0x2cb ./Drivers/STM32H7xx_HAL_Driver/Src/stm32h7xx_hal_cortex.o
 .debug_macro   0x0000000000030f94      0x2d2 ./Drivers/STM32H7xx_HAL_Driver/Src/stm32h7xx_hal_gpio.o
 .debug_macro   0x0000000000031266      0x304 ./Drivers/STM32H7xx_HAL_Driver/Src/stm32h7xx_hal_pwr_ex.o
 .debug_macro   0x000000000003156a      0x2ef ./Drivers/STM32H7xx_HAL_Driver/Src/stm32h7xx_hal_rcc.o
 .debug_macro   0x0000000000031859      0x2e9 ./Drivers/STM32H7xx_HAL_Driver/Src/stm32h7xx_hal_rcc_ex.o
 .debug_macro   0x0000000000031b42      0x2cc ./Drivers/STM32H7xx_HAL_Driver/Src/stm32h7xx_hal_tim.o
 .debug_macro   0x0000000000031e0e      0x2d1 ./Drivers/STM32H7xx_HAL_Driver/Src/stm32h7xx_hal_tim_ex.o
 .debug_macro   0x00000000000320df      0x2f6 ./Drivers/STM32H7xx_HAL_Driver/Src/stm32h7xx_hal_uart.o
 .debug_macro   0x00000000000323d5      0x2d7 ./Drivers/STM32H7xx_HAL_Driver/Src/stm32h7xx_hal_uart_ex.o
 .debug_macro   0x00000000000326ac      0x2e8 ./ECUAL/STEPPER/STEPPER.o
 .debug_macro   0x0000000000032994      0x2da ./ECUAL/STEPPER/STEPPER_cfg.o
 .debug_macro   0x0000000000032c6e       0x4c ./ECUAL/STEPPER/STEPPER_cfg.o
 .debug_macro   0x0000000000032cba      0x2d5 ./util/DWT_Delay.o

.debug_line     0x0000000000000000    0x19f3e
 .debug_line    0x0000000000000000      0xb79 ./Core/Src/main.o
 .debug_line    0x0000000000000b79      0x6e4 ./Core/Src/stm32h7xx_hal_msp.o
 .debug_line    0x000000000000125d      0x699 ./Core/Src/stm32h7xx_it.o
 .debug_line    0x00000000000018f6      0x215 ./Core/Src/sysmem.o
 .debug_line    0x0000000000001b0b      0x76f ./Core/Src/system_stm32h7xx.o
 .debug_line    0x000000000000227a       0x7a ./Core/Startup/startup_stm32h7a3zitxq.o
 .debug_line    0x00000000000022f4      0xb7c ./Drivers/STM32H7xx_HAL_Driver/Src/stm32h7xx_hal.o
 .debug_line    0x0000000000002e70     0x1dc0 ./Drivers/STM32H7xx_HAL_Driver/Src/stm32h7xx_hal_adc.o
 .debug_line    0x0000000000004c30     0x1a88 ./Drivers/STM32H7xx_HAL_Driver/Src/stm32h7xx_hal_adc_ex.o
 .debug_line    0x00000000000066b8      0xb74 ./Drivers/STM32H7xx_HAL_Driver/Src/stm32h7xx_hal_cortex.o
 .debug_line    0x000000000000722c      0xa47 ./Drivers/STM32H7xx_HAL_Driver/Src/stm32h7xx_hal_gpio.o
 .debug_line    0x0000000000007c73      0xcfa ./Drivers/STM32H7xx_HAL_Driver/Src/stm32h7xx_hal_pwr_ex.o
 .debug_line    0x000000000000896d     0x107c ./Drivers/STM32H7xx_HAL_Driver/Src/stm32h7xx_hal_rcc.o
 .debug_line    0x00000000000099e9     0x17f4 ./Drivers/STM32H7xx_HAL_Driver/Src/stm32h7xx_hal_rcc_ex.o
 .debug_line    0x000000000000b1dd     0x3c55 ./Drivers/STM32H7xx_HAL_Driver/Src/stm32h7xx_hal_tim.o
 .debug_line    0x000000000000ee32     0x1c16 ./Drivers/STM32H7xx_HAL_Driver/Src/stm32h7xx_hal_tim_ex.o
 .debug_line    0x0000000000010a48     0x3c48 ./Drivers/STM32H7xx_HAL_Driver/Src/stm32h7xx_hal_uart.o
 .debug_line    0x0000000000014690      0xc4d ./Drivers/STM32H7xx_HAL_Driver/Src/stm32h7xx_hal_uart_ex.o
 .debug_line    0x00000000000152dd      0xa60 ./ECUAL/STEPPER/STEPPER.o
 .debug_line    0x0000000000015d3d      0x5a8 ./ECUAL/STEPPER/STEPPER_cfg.o
 .debug_line    0x00000000000162e5      0x5e2 ./util/DWT_Delay.o
 .debug_line    0x00000000000168c7      0x533 /usr/lib/gcc/arm-none-eabi/12.2.0/../../../../arm-none-eabi/lib/thumb/v7e-m+dp/hard/libc_nano.a(libc_a-findfp.o)
 .debug_line    0x0000000000016dfa      0x24d /usr/lib/gcc/arm-none-eabi/12.2.0/../../../../arm-none-eabi/lib/thumb/v7e-m+dp/hard/libc_nano.a(libc_a-sprintf.o)
 .debug_line    0x0000000000017047      0x123 /usr/lib/gcc/arm-none-eabi/12.2.0/../../../../arm-none-eabi/lib/thumb/v7e-m+dp/hard/libc_nano.a(libc_a-memset.o)
 .debug_line    0x000000000001716a      0x274 /usr/lib/gcc/arm-none-eabi/12.2.0/../../../../arm-none-eabi/lib/thumb/v7e-m+dp/hard/libc_nano.a(libc_a-reent.o)
 .debug_line    0x00000000000173de      0x108 /usr/lib/gcc/arm-none-eabi/12.2.0/../../../../arm-none-eabi/lib/thumb/v7e-m+dp/hard/libc_nano.a(libc_a-impure.o)
 .debug_line    0x00000000000174e6      0x12a /usr/lib/gcc/arm-none-eabi/12.2.0/../../../../arm-none-eabi/lib/thumb/v7e-m+dp/hard/libc_nano.a(libc_a-errno.o)
 .debug_line    0x0000000000017610      0x135 /usr/lib/gcc/arm-none-eabi/12.2.0/../../../../arm-none-eabi/lib/thumb/v7e-m+dp/hard/libc_nano.a(libc_a-init.o)
 .debug_line    0x0000000000017745      0x17d /usr/lib/gcc/arm-none-eabi/12.2.0/../../../../arm-none-eabi/lib/thumb/v7e-m+dp/hard/libc_nano.a(libc_a-lock.o)
 .debug_line    0x00000000000178c2      0x2b2 /usr/lib/gcc/arm-none-eabi/12.2.0/../../../../arm-none-eabi/lib/thumb/v7e-m+dp/hard/libc_nano.a(libc_a-freer.o)
 .debug_line    0x0000000000017b74      0x47a /usr/lib/gcc/arm-none-eabi/12.2.0/../../../../arm-none-eabi/lib/thumb/v7e-m+dp/hard/libc_nano.a(libc_a-mallocr.o)
 .debug_line    0x0000000000017fee      0x18a /usr/lib/gcc/arm-none-eabi/12.2.0/../../../../arm-none-eabi/lib/thumb/v7e-m+dp/hard/libc_nano.a(libc_a-mlock.o)
 .debug_line    0x0000000000018178      0x800 /usr/lib/gcc/arm-none-eabi/12.2.0/../../../../arm-none-eabi/lib/thumb/v7e-m+dp/hard/libc_nano.a(libc_a-nano-svfprintf.o)
 .debug_line    0x0000000000018978      0x6ec /usr/lib/gcc/arm-none-eabi/12.2.0/../../../../arm-none-eabi/lib/thumb/v7e-m+dp/hard/libc_nano.a(libc_a-nano-vfprintf_i.o)
 .debug_line    0x0000000000019064      0x161 /usr/lib/gcc/arm-none-eabi/12.2.0/../../../../arm-none-eabi/lib/thumb/v7e-m+dp/hard/libc_nano.a(libc_a-memmove.o)
 .debug_line    0x00000000000191c5      0x1b8 /usr/lib/gcc/arm-none-eabi/12.2.0/../../../../arm-none-eabi/lib/thumb/v7e-m+dp/hard/libc_nano.a(libc_a-sbrkr.o)
 .debug_line    0x000000000001937d       0x84 /usr/lib/gcc/arm-none-eabi/12.2.0/../../../../arm-none-eabi/lib/thumb/v7e-m+dp/hard/libc_nano.a(libc_a-memchr.o)
 .debug_line    0x0000000000019401      0x191 /usr/lib/gcc/arm-none-eabi/12.2.0/../../../../arm-none-eabi/lib/thumb/v7e-m+dp/hard/libc_nano.a(libc_a-memcpy-stub.o)
 .debug_line    0x0000000000019592      0x211 /usr/lib/gcc/arm-none-eabi/12.2.0/../../../../arm-none-eabi/lib/thumb/v7e-m+dp/hard/libc_nano.a(libc_a-reallocr.o)
 .debug_line    0x00000000000197a3      0x1a2 /usr/lib/gcc/arm-none-eabi/12.2.0/../../../../arm-none-eabi/lib/thumb/v7e-m+dp/hard/libc_nano.a(libc_a-msizer.o)
 .debug_line    0x0000000000019945       0x4e /usr/lib/gcc/arm-none-eabi/12.2.0/thumb/v7e-m+dp/hard/libgcc.a(_aeabi_uldivmod.o)
 .debug_line    0x0000000000019993      0x561 /usr/lib/gcc/arm-none-eabi/12.2.0/thumb/v7e-m+dp/hard/libgcc.a(_udivmoddi4.o)
 .debug_line    0x0000000000019ef4       0x4a /usr/lib/gcc/arm-none-eabi/12.2.0/thumb/v7e-m+dp/hard/libgcc.a(_dvmd_tls.o)

.debug_str      0x0000000000000000   0x155600
 .debug_str     0x0000000000000000   0x14d593 ./Core/Src/main.o
                                     0x14de18 (size before relaxing)
 .debug_str     0x000000000014d593      0xacc ./Core/Src/stm32h7xx_hal_msp.o
                                     0x14dcf7 (size before relaxing)
 .debug_str     0x000000000014e05f       0xed ./Core/Src/stm32h7xx_it.o
                                     0x14c9d6 (size before relaxing)
 .debug_str     0x000000000014e14c      0x795 ./Core/Src/sysmem.o
                                       0x5f38 (size before relaxing)
 .debug_str     0x000000000014e8e1      0x30e ./Core/Src/system_stm32h7xx.o
                                     0x14c357 (size before relaxing)
 .debug_str     0x000000000014ebef       0x43 ./Core/Startup/startup_stm32h7a3zitxq.o
                                         0x70 (size before relaxing)
 .debug_str     0x000000000014ec32      0x7f7 ./Drivers/STM32H7xx_HAL_Driver/Src/stm32h7xx_hal.o
                                     0x14d22b (size before relaxing)
 .debug_str     0x000000000014f429      0xaea ./Drivers/STM32H7xx_HAL_Driver/Src/stm32h7xx_hal_adc.o
                                     0x14d0a1 (size before relaxing)
 .debug_str     0x000000000014ff13      0x7c4 ./Drivers/STM32H7xx_HAL_Driver/Src/stm32h7xx_hal_adc_ex.o
                                     0x14d101 (size before relaxing)
 .debug_str     0x00000000001506d7      0x326 ./Drivers/STM32H7xx_HAL_Driver/Src/stm32h7xx_hal_cortex.o
                                     0x14cc3b (size before relaxing)
 .debug_str     0x00000000001509fd       0xec ./Drivers/STM32H7xx_HAL_Driver/Src/stm32h7xx_hal_gpio.o
                                     0x14c308 (size before relaxing)