Archive member included to satisfy reference by file (symbol)

/opt/stm32cubeide/plugins/com.st.stm32cube.ide.mcu.externaltools.gnu-tools-for-stm32.10.3-2021.10.linux64_1.0.0.202111181127/tools/bin/../lib/gcc/arm-none-eabi/10.3.1/../../../../arm-none-eabi/lib/thumb/v7e-m+dp/hard/libc_nano.a(lib_a-errno.o)
                              ./Core/Src/syscalls.o (__errno)
/opt/stm32cubeide/plugins/com.st.stm32cube.ide.mcu.externaltools.gnu-tools-for-stm32.10.3-2021.10.linux64_1.0.0.202111181127/tools/bin/../lib/gcc/arm-none-eabi/10.3.1/../../../../arm-none-eabi/lib/thumb/v7e-m+dp/hard/libc_nano.a(lib_a-exit.o)
                              /opt/stm32cubeide/plugins/com.st.stm32cube.ide.mcu.externaltools.gnu-tools-for-stm32.10.3-2021.10.linux64_1.0.0.202111181127/tools/bin/../lib/gcc/arm-none-eabi/10.3.1/../../../../arm-none-eabi/lib/thumb/v7e-m+dp/hard/crt0.o (exit)
/opt/stm32cubeide/plugins/com.st.stm32cube.ide.mcu.externaltools.gnu-tools-for-stm32.10.3-2021.10.linux64_1.0.0.202111181127/tools/bin/../lib/gcc/arm-none-eabi/10.3.1/../../../../arm-none-eabi/lib/thumb/v7e-m+dp/hard/libc_nano.a(lib_a-impure.o)
                              /opt/stm32cubeide/plugins/com.st.stm32cube.ide.mcu.externaltools.gnu-tools-for-stm32.10.3-2021.10.linux64_1.0.0.202111181127/tools/bin/../lib/gcc/arm-none-eabi/10.3.1/../../../../arm-none-eabi/lib/thumb/v7e-m+dp/hard/libc_nano.a(lib_a-exit.o) (_global_impure_ptr)
/opt/stm32cubeide/plugins/com.st.stm32cube.ide.mcu.externaltools.gnu-tools-for-stm32.10.3-2021.10.linux64_1.0.0.202111181127/tools/bin/../lib/gcc/arm-none-eabi/10.3.1/../../../../arm-none-eabi/lib/thumb/v7e-m+dp/hard/libc_nano.a(lib_a-init.o)
                              /opt/stm32cubeide/plugins/com.st.stm32cube.ide.mcu.externaltools.gnu-tools-for-stm32.10.3-2021.10.linux64_1.0.0.202111181127/tools/bin/../lib/gcc/arm-none-eabi/10.3.1/../../../../arm-none-eabi/lib/thumb/v7e-m+dp/hard/crt0.o (__libc_init_array)
/opt/stm32cubeide/plugins/com.st.stm32cube.ide.mcu.externaltools.gnu-tools-for-stm32.10.3-2021.10.linux64_1.0.0.202111181127/tools/bin/../lib/gcc/arm-none-eabi/10.3.1/../../../../arm-none-eabi/lib/thumb/v7e-m+dp/hard/libc_nano.a(lib_a-memset.o)
                              /opt/stm32cubeide/plugins/com.st.stm32cube.ide.mcu.externaltools.gnu-tools-for-stm32.10.3-2021.10.linux64_1.0.0.202111181127/tools/bin/../lib/gcc/arm-none-eabi/10.3.1/../../../../arm-none-eabi/lib/thumb/v7e-m+dp/hard/crt0.o (memset)
/opt/stm32cubeide/plugins/com.st.stm32cube.ide.mcu.externaltools.gnu-tools-for-stm32.10.3-2021.10.linux64_1.0.0.202111181127/tools/bin/../lib/gcc/arm-none-eabi/10.3.1/../../../../arm-none-eabi/lib/thumb/v7e-m+dp/hard/libc_nano.a(lib_a-sprintf.o)
                              ./Core/Src/main.o (sprintf)
/opt/stm32cubeide/plugins/com.st.stm32cube.ide.mcu.externaltools.gnu-tools-for-stm32.10.3-2021.10.linux64_1.0.0.202111181127/tools/bin/../lib/gcc/arm-none-eabi/10.3.1/../../../../arm-none-eabi/lib/thumb/v7e-m+dp/hard/libc_nano.a(lib_a-nano-svfprintf.o)
                              /opt/stm32cubeide/plugins/com.st.stm32cube.ide.mcu.externaltools.gnu-tools-for-stm32.10.3-2021.10.linux64_1.0.0.202111181127/tools/bin/../lib/gcc/arm-none-eabi/10.3.1/../../../../arm-none-eabi/lib/thumb/v7e-m+dp/hard/libc_nano.a(lib_a-sprintf.o) (_svfprintf_r)
/opt/stm32cubeide/plugins/com.st.stm32cube.ide.mcu.externaltools.gnu-tools-for-stm32.10.3-2021.10.linux64_1.0.0.202111181127/tools/bin/../lib/gcc/arm-none-eabi/10.3.1/../../../../arm-none-eabi/lib/thumb/v7e-m+dp/hard/libc_nano.a(lib_a-nano-vfprintf_i.o)
                              /opt/stm32cubeide/plugins/com.st.stm32cube.ide.mcu.externaltools.gnu-tools-for-stm32.10.3-2021.10.linux64_1.0.0.202111181127/tools/bin/../lib/gcc/arm-none-eabi/10.3.1/../../../../arm-none-eabi/lib/thumb/v7e-m+dp/hard/libc_nano.a(lib_a-nano-svfprintf.o) (_printf_i)
/opt/stm32cubeide/plugins/com.st.stm32cube.ide.mcu.externaltools.gnu-tools-for-stm32.10.3-2021.10.linux64_1.0.0.202111181127/tools/bin/../lib/gcc/arm-none-eabi/10.3.1/../../../../arm-none-eabi/lib/thumb/v7e-m+dp/hard/libc_nano.a(lib_a-memchr.o)
                              /opt/stm32cubeide/plugins/com.st.stm32cube.ide.mcu.externaltools.gnu-tools-for-stm32.10.3-2021.10.linux64_1.0.0.202111181127/tools/bin/../lib/gcc/arm-none-eabi/10.3.1/../../../../arm-none-eabi/lib/thumb/v7e-m+dp/hard/libc_nano.a(lib_a-nano-svfprintf.o) (memchr)
/opt/stm32cubeide/plugins/com.st.stm32cube.ide.mcu.externaltools.gnu-tools-for-stm32.10.3-2021.10.linux64_1.0.0.202111181127/tools/bin/../lib/gcc/arm-none-eabi/10.3.1/../../../../arm-none-eabi/lib/thumb/v7e-m+dp/hard/libc_nano.a(lib_a-memcpy-stub.o)
                              /opt/stm32cubeide/plugins/com.st.stm32cube.ide.mcu.externaltools.gnu-tools-for-stm32.10.3-2021.10.linux64_1.0.0.202111181127/tools/bin/../lib/gcc/arm-none-eabi/10.3.1/../../../../arm-none-eabi/lib/thumb/v7e-m+dp/hard/libc_nano.a(lib_a-nano-svfprintf.o) (memcpy)
[...]
Memory Configuration

Name             Origin             Length             Attributes
ITCMRAM          0x0000000000000000 0x0000000000010000 xrw
FLASH            0x0000000008000000 0x0000000000200000 xr
DTCMRAM1         0x0000000020000000 0x0000000000010000 xrw
DTCMRAM2         0x0000000020010000 0x0000000000010000 xrw
RAM              0x0000000024000000 0x0000000000100000 xrw
RAM_CD           0x0000000030000000 0x0000000000020000 xrw
RAM_SRD          0x0000000038000000 0x0000000000008000 xrw
*default*        0x0000000000000000 0xffffffffffffffff

Linker script and memory map

LOAD /opt/stm32cubeide/plugins/com.st.stm32cube.ide.mcu.externaltools.gnu-tools-for-stm32.10.3-2021.10.linux64_1.0.0.202111181127/tools/bin/../lib/gcc/arm-none-eabi/10.3.1/thumb/v7e-m+dp/hard/crti.o
LOAD /opt/stm32cubeide/plugins/com.st.stm32cube.ide.mcu.externaltools.gnu-tools-for-stm32.10.3-2021.10.linux64_1.0.0.202111181127/tools/bin/../lib/gcc/arm-none-eabi/10.3.1/thumb/v7e-m+dp/hard/crtbegin.o
LOAD /opt/stm32cubeide/plugins/com.st.stm32cube.ide.mcu.externaltools.gnu-tools-for-stm32.10.3-2021.10.linux64_1.0.0.202111181127/tools/bin/../lib/gcc/arm-none-eabi/10.3.1/../../../../arm-none-eabi/lib/thumb/v7e-m+dp/hard/crt0.o
LOAD ./Core/Src/main.o
LOAD ./Core/Src/stm32h7xx_hal_msp.o
LOAD ./Core/Src/stm32h7xx_it.o
LOAD ./Core/Src/syscalls.o
LOAD ./Core/Src/sysmem.o
LOAD ./Core/Src/system_stm32h7xx.o
LOAD ./Core/Startup/startup_stm32h7a3zitxq.o
LOAD ./Drivers/STM32H7xx_HAL_Driver/Src/stm32h7xx_hal.o
LOAD ./Drivers/STM32H7xx_HAL_Driver/Src/stm32h7xx_hal_adc.o
LOAD ./Drivers/STM32H7xx_HAL_Driver/Src/stm32h7xx_hal_adc_ex.o
LOAD ./Drivers/STM32H7xx_HAL_Driver/Src/stm32h7xx_hal_cortex.o
LOAD ./Drivers/STM32H7xx_HAL_Driver/Src/stm32h7xx_hal_dma.o
LOAD ./Drivers/STM32H7xx_HAL_Driver/Src/stm32h7xx_hal_dma_ex.o
LOAD ./Drivers/STM32H7xx_HAL_Driver/Src/stm32h7xx_hal_exti.o
LOAD ./Drivers/STM32H7xx_HAL_Driver/Src/stm32h7xx_hal_flash.o
LOAD ./Drivers/STM32H7xx_HAL_Driver/Src/stm32h7xx_hal_flash_ex.o
LOAD ./Drivers/STM32H7xx_HAL_Driver/Src/stm32h7xx_hal_gpio.o
LOAD ./Drivers/STM32H7xx_HAL_Driver/Src/stm32h7xx_hal_hsem.o
LOAD ./Drivers/STM32H7xx_HAL_Driver/Src/stm32h7xx_hal_i2c.o
LOAD ./Drivers/STM32H7xx_HAL_Driver/Src/stm32h7xx_hal_i2c_ex.o
LOAD ./Drivers/STM32H7xx_HAL_Driver/Src/stm32h7xx_hal_mdma.o
LOAD ./Drivers/STM32H7xx_HAL_Driver/Src/stm32h7xx_hal_pwr.o
LOAD ./Drivers/STM32H7xx_HAL_Driver/Src/stm32h7xx_hal_pwr_ex.o
LOAD ./Drivers/STM32H7xx_HAL_Driver/Src/stm32h7xx_hal_rcc.o
LOAD ./Drivers/STM32H7xx_HAL_Driver/Src/stm32h7xx_hal_rcc_ex.o
LOAD ./Drivers/STM32H7xx_HAL_Driver/Src/stm32h7xx_hal_tim.o
LOAD ./Drivers/STM32H7xx_HAL_Driver/Src/stm32h7xx_hal_tim_ex.o
LOAD ./Drivers/STM32H7xx_HAL_Driver/Src/stm32h7xx_hal_uart.o
LOAD ./Drivers/STM32H7xx_HAL_Driver/Src/stm32h7xx_hal_uart_ex.o
LOAD ./ECUAL/STEPPER/STEPPER.o
LOAD ./ECUAL/STEPPER/STEPPER_cfg.o
LOAD ./util/DWT_Delay.o
START GROUP
LOAD /opt/stm32cubeide/plugins/com.st.stm32cube.ide.mcu.externaltools.gnu-tools-for-stm32.10.3-2021.10.linux64_1.0.0.202111181127/tools/bin/../lib/gcc/arm-none-eabi/10.3.1/../../../../arm-none-eabi/lib/thumb/v7e-m+dp/hard/libc_nano.a
LOAD /opt/stm32cubeide/plugins/com.st.stm32cube.ide.mcu.externaltools.gnu-tools-for-stm32.10.3-2021.10.linux64_1.0.0.202111181127/tools/bin/../lib/gcc/arm-none-eabi/10.3.1/../../../../arm-none-eabi/lib/thumb/v7e-m+dp/hard/libm.a
END GROUP
START GROUP
LOAD /opt/stm32cubeide/plugins/com.st.stm32cube.ide.mcu.externaltools.gnu-tools-for-stm32.10.3-2021.10.linux64_1.0.0.202111181127/tools/bin/../lib/gcc/arm-none-eabi/10.3.1/thumb/v7e-m+dp/hard/libgcc.a
LOAD /opt/stm32cubeide/plugins/com.st.stm32cube.ide.mcu.externaltools.gnu-tools-for-stm32.10.3-2021.10.linux64_1.0.0.202111181127/tools/bin/../lib/gcc/arm-none-eabi/10.3.1/../../../../arm-none-eabi/lib/thumb/v7e-m+dp/hard/libc_nano.a
END GROUP
START GROUP
LOAD /opt/stm32cubeide/plugins/com.st.stm32cube.ide.mcu.externaltools.gnu-tools-for-stm32.10.3-2021.10.linux64_1.0.0.202111181127/tools/bin/../lib/gcc/arm-none-eabi/10.3.1/thumb/v7e-m+dp/hard/libgcc.a
LOAD /opt/stm32cubeide/plugins/com.st.stm32cube.ide.mcu.externaltools.gnu-tools-for-stm32.10.3-2021.10.linux64_1.0.0.202111181127/tools/bin/../lib/gcc/arm-none-eabi/10.3.1/../../../../arm-none-eabi/lib/thumb/v7e-m+dp/hard/libc_nano.a
LOAD /opt/stm32cubeide/plugins/com.st.stm32cube.ide.mcu.externaltools.gnu-tools-for-stm32.10.3-2021.10.linux64_1.0.0.202111181127/tools/bin/../lib/gcc/arm-none-eabi/10.3.1/../../../../arm-none-eabi/lib/thumb/v7e-m+dp/hard/libnosys.a
END GROUP
START GROUP
LOAD /opt/stm32cubeide/plugins/com.st.stm32cube.ide.mcu.externaltools.gnu-tools-for-stm32.10.3-2021.10.linux64_1.0.0.202111181127/tools/bin/../lib/gcc/arm-none-eabi/10.3.1/thumb/v7e-m+dp/hard/libgcc.a
LOAD /opt/stm32cubeide/plugins/com.st.stm32cube.ide.mcu.externaltools.gnu-tools-for-stm32.10.3-2021.10.linux64_1.0.0.202111181127/tools/bin/../lib/gcc/arm-none-eabi/10.3.1/../../../../arm-none-eabi/lib/thumb/v7e-m+dp/hard/libc_nano.a
LOAD /opt/stm32cubeide/plugins/com.st.stm32cube.ide.mcu.externaltools.gnu-tools-for-stm32.10.3-2021.10.linux64_1.0.0.202111181127/tools/bin/../lib/gcc/arm-none-eabi/10.3.1/../../../../arm-none-eabi/lib/thumb/v7e-m+dp/hard/libnosys.a
END GROUP
LOAD /opt/stm32cubeide/plugins/com.st.stm32cube.ide.mcu.externaltools.gnu-tools-for-stm32.10.3-2021.10.linux64_1.0.0.202111181127/tools/bin/../lib/gcc/arm-none-eabi/10.3.1/thumb/v7e-m+dp/hard/crtend.o
LOAD /opt/stm32cubeide/plugins/com.st.stm32cube.ide.mcu.externaltools.gnu-tools-for-stm32.10.3-2021.10.linux64_1.0.0.202111181127/tools/bin/../lib/gcc/arm-none-eabi/10.3.1/thumb/v7e-m+dp/hard/crtn.o
                0x0000000024100000                _estack = (ORIGIN (RAM) + LENGTH (RAM))
                0x0000000000000200                _Min_Heap_Size = 0x200
                0x0000000000000400                _Min_Stack_Size = 0x400

.isr_vector     0x0000000008000000      0x2ac
                0x0000000008000000                . = ALIGN (0x4)
 *(.isr_vector)
 .isr_vector    0x0000000008000000      0x2ac ./Core/Startup/startup_stm32h7a3zitxq.o
                0x0000000008000000                g_pfnVectors
                0x00000000080002ac                . = ALIGN (0x4)

.text           0x00000000080002ac     0x7238
                0x00000000080002ac                . = ALIGN (0x4)
 *(.text)
 .text          0x00000000080002ac       0x40 /opt/stm32cubeide/plugins/com.st.stm32cube.ide.mcu.externaltools.gnu-tools-for-stm32.10.3-2021.10.linux64_1.0.0.202111181127/tools/bin/../lib/gcc/arm-none-eabi/10.3.1/thumb/v7e-m+dp/hard/crtbegin.o
 .text          0x00000000080002ec       0x30 /opt/stm32cubeide/plugins/com.st.stm32cube.ide.mcu.externaltools.gnu-tools-for-stm32.10.3-2021.10.linux64_1.0.0.202111181127/tools/bin/../lib/gcc/arm-none-eabi/10.3.1/thumb/v7e-m+dp/hard/libgcc.a(_aeabi_uldivmod.o)
                0x00000000080002ec                __aeabi_uldivmod
 .text          0x000000000800031c      0x2d0 /opt/stm32cubeide/plugins/com.st.stm32cube.ide.mcu.externaltools.gnu-tools-for-stm32.10.3-2021.10.linux64_1.0.0.202111181127/tools/bin/../lib/gcc/arm-none-eabi/10.3.1/thumb/v7e-m+dp/hard/libgcc.a(_udivmoddi4.o)
                0x000000000800031c                __udivmoddi4
 .text          0x00000000080005ec        0x4 /opt/stm32cubeide/plugins/com.st.stm32cube.ide.mcu.externaltools.gnu-tools-for-stm32.10.3-2021.10.linux64_1.0.0.202111181127/tools/bin/../lib/gcc/arm-none-eabi/10.3.1/thumb/v7e-m+dp/hard/libgcc.a(_dvmd_tls.o)
                0x00000000080005ec                __aeabi_ldiv0
                0x00000000080005ec                __aeabi_idiv0
 *(.text*)
 .text.main     0x00000000080005f0       0x68 ./Core/Src/main.o
                0x00000000080005f0                main
 .text.SystemClock_Config
                0x0000000008000658       0xfc ./Core/Src/main.o
                0x0000000008000658                SystemClock_Config
 .text.MX_ADC1_Init
                0x0000000008000754       0xf0 ./Core/Src/main.o
 .text.MX_TIM16_Init
                0x0000000008000844       0x50 ./Core/Src/main.o
 .text.MX_TIM17_Init
                0x0000000008000894       0x4c ./Core/Src/main.o
 .text.MX_USART3_UART_Init
                0x00000000080008e0       0x98 ./Core/Src/main.o
 .text.MX_USB_OTG_HS_USB_Init
                0x0000000008000978        0xe ./Core/Src/main.o
 *fill*         0x0000000008000986        0x2 
 .text.MX_GPIO_Init
                0x0000000008000988      0x288 ./Core/Src/main.o
 .text.HAL_TIM_PeriodElapsedCallback
                0x0000000008000c10       0x16 ./Core/Src/main.o
                0x0000000008000c10                HAL_TIM_PeriodElapsedCallback
 .text.Error_Handler
                0x0000000008000c26        0xa ./Core/Src/main.o
                0x0000000008000c26                Error_Handler
 .text.HAL_MspInit
                0x0000000008000c30       0x34 ./Core/Src/stm32h7xx_hal_msp.o
                0x0000000008000c30                HAL_MspInit
 .text.HAL_ADC_MspInit
                0x0000000008000c64       0xe0 ./Core/Src/stm32h7xx_hal_msp.o
                0x0000000008000c64                HAL_ADC_MspInit
 .text.HAL_TIM_Base_MspInit
                0x0000000008000d44       0x80 ./Core/Src/stm32h7xx_hal_msp.o
                0x0000000008000d44                HAL_TIM_Base_MspInit
 .text.HAL_UART_MspInit
                0x0000000008000dc4       0xcc ./Core/Src/stm32h7xx_hal_msp.o
                0x0000000008000dc4                HAL_UART_MspInit
 .text.NMI_Handler
                0x0000000008000e90        0x6 ./Core/Src/stm32h7xx_it.o
                0x0000000008000e90                NMI_Handler
 .text.HardFault_Handler
                0x0000000008000e96        0x6 ./Core/Src/stm32h7xx_it.o
                0x0000000008000e96                HardFault_Handler
 .text.MemManage_Handler
                0x0000000008000e9c        0x6 ./Core/Src/stm32h7xx_it.o
                0x0000000008000e9c                MemManage_Handler
 .text.BusFault_Handler
                0x0000000008000ea2        0x6 ./Core/Src/stm32h7xx_it.o
                0x0000000008000ea2                BusFault_Handler
 .text.UsageFault_Handler
                0x0000000008000ea8        0x6 ./Core/Src/stm32h7xx_it.o
                0x0000000008000ea8                UsageFault_Handler
 .text.SVC_Handler
                0x0000000008000eae        0xe ./Core/Src/stm32h7xx_it.o
                0x0000000008000eae                SVC_Handler
 .text.DebugMon_Handler
                0x0000000008000ebc        0xe ./Core/Src/stm32h7xx_it.o
                0x0000000008000ebc                DebugMon_Handler
 .text.PendSV_Handler
                0x0000000008000eca        0xe ./Core/Src/stm32h7xx_it.o
                0x0000000008000eca                PendSV_Handler
 .text.SysTick_Handler
                0x0000000008000ed8        0xc ./Core/Src/stm32h7xx_it.o
                0x0000000008000ed8                SysTick_Handler
 .text.TIM17_IRQHandler
                0x0000000008000ee4       0x14 ./Core/Src/stm32h7xx_it.o
                0x0000000008000ee4                TIM17_IRQHandler
 .text.SystemInit
                0x0000000008000ef8       0xf0 ./Core/Src/system_stm32h7xx.o
                0x0000000008000ef8                SystemInit
 .text.Reset_Handler
                0x0000000008000fe8       0x50 ./Core/Startup/startup_stm32h7a3zitxq.o
                0x0000000008000fe8                Reset_Handler
 .text.Default_Handler
                0x0000000008001038        0x2 ./Core/Startup/startup_stm32h7a3zitxq.o
                0x0000000008001038                RTC_Alarm_IRQHandler
                0x0000000008001038                EXTI2_IRQHandler
                0x0000000008001038                TIM8_CC_IRQHandler
                0x0000000008001038                UART8_IRQHandler
                0x0000000008001038                BDMA2_Channel1_IRQHandler
                0x0000000008001038                SPI4_IRQHandler
                0x0000000008001038                BDMA2_Channel0_IRQHandler
                0x0000000008001038                TIM1_CC_IRQHandler
                0x0000000008001038                DMA2_Stream5_IRQHandler
                0x0000000008001038                JPEG_IRQHandler
                0x0000000008001038                DMA1_Stream5_IRQHandler
                0x0000000008001038                EXTI3_IRQHandler
                0x0000000008001038                LPTIM4_IRQHandler
                0x0000000008001038                TIM8_TRG_COM_TIM14_IRQHandler
                0x0000000008001038                LPTIM2_IRQHandler
                0x0000000008001038                DFSDM1_FLT1_IRQHandler
                0x0000000008001038                DMAMUX2_OVR_IRQHandler
                0x0000000008001038                GFXMMU_IRQHandler
                0x0000000008001038                TIM8_UP_TIM13_IRQHandler
                0x0000000008001038                I2C3_ER_IRQHandler
                0x0000000008001038                DFSDM1_FLT2_IRQHandler
                0x0000000008001038                USART10_IRQHandler
                0x0000000008001038                MDMA_IRQHandler
                0x0000000008001038                LPTIM3_IRQHandler
                0x0000000008001038                BDMA2_Channel3_IRQHandler
                0x0000000008001038                HSEM1_IRQHandler
                0x0000000008001038                EXTI0_IRQHandler
                0x0000000008001038                I2C2_EV_IRQHandler
                0x0000000008001038                DAC2_IRQHandler
                0x0000000008001038                DMA1_Stream2_IRQHandler
                0x0000000008001038                FPU_IRQHandler
                0x0000000008001038                OTG_HS_WKUP_IRQHandler
                0x0000000008001038                FDCAN1_IT1_IRQHandler
                0x0000000008001038                LTDC_ER_IRQHandler
                0x0000000008001038                DMA2_Stream2_IRQHandler
                0x0000000008001038                SPI1_IRQHandler
                0x0000000008001038                OCTOSPI1_IRQHandler
                0x0000000008001038                TIM6_DAC_IRQHandler
                0x0000000008001038                BDMA2_Channel6_IRQHandler
                0x0000000008001038                DMA2_Stream3_IRQHandler
                0x0000000008001038                OCTOSPI2_IRQHandler
                0x0000000008001038                SAI2_IRQHandler
                0x0000000008001038                BDMA1_IRQHandler
                0x0000000008001038                DFSDM1_FLT3_IRQHandler
                0x0000000008001038                USART6_IRQHandler
                0x0000000008001038                USART3_IRQHandler
                0x0000000008001038                LPTIM5_IRQHandler
                0x0000000008001038                UART5_IRQHandler
                0x0000000008001038                DMA2_Stream0_IRQHandler
                0x0000000008001038                TIM4_IRQHandler
                0x0000000008001038                I2C1_EV_IRQHandler
                0x0000000008001038                DMA1_Stream6_IRQHandler
                0x0000000008001038                DMAMUX1_OVR_IRQHandler
                0x0000000008001038                DMA1_Stream1_IRQHandler
                0x0000000008001038                TIM16_IRQHandler
                0x0000000008001038                UART4_IRQHandler
                0x0000000008001038                TIM3_IRQHandler
                0x0000000008001038                RCC_IRQHandler
                0x0000000008001038                UART9_IRQHandler
                0x0000000008001038                TIM8_BRK_TIM12_IRQHandler
                0x0000000008001038                TIM1_TRG_COM_IRQHandler
                0x0000000008001038                Default_Handler
                0x0000000008001038                ECC_IRQHandler
                0x0000000008001038                BDMA2_Channel2_IRQHandler
                0x0000000008001038                CEC_IRQHandler
                0x0000000008001038                EXTI15_10_IRQHandler
                0x0000000008001038                DFSDM1_FLT4_IRQHandler
                0x0000000008001038                ADC_IRQHandler
                0x0000000008001038                DMA1_Stream7_IRQHandler
                0x0000000008001038                SPI5_IRQHandler
                0x0000000008001038                TIM7_IRQHandler
                0x0000000008001038                SDMMC1_IRQHandler
                0x0000000008001038                TIM5_IRQHandler
                0x0000000008001038                DMA2_Stream7_IRQHandler
                0x0000000008001038                TIM15_IRQHandler
                0x0000000008001038                I2C3_EV_IRQHandler
                0x0000000008001038                DFSDM2_IRQHandler
                0x0000000008001038                EXTI9_5_IRQHandler
                0x0000000008001038                RTC_WKUP_IRQHandler
                0x0000000008001038                LTDC_IRQHandler
                0x0000000008001038                SPDIF_RX_IRQHandler
                0x0000000008001038                PVD_PVM_IRQHandler
                0x0000000008001038                SPI2_IRQHandler
                0x0000000008001038                OTG_HS_EP1_IN_IRQHandler
                0x0000000008001038                DFSDM1_FLT5_IRQHandler
                0x0000000008001038                DMA1_Stream0_IRQHandler
                0x0000000008001038                CRS_IRQHandler
                0x0000000008001038                EXTI4_IRQHandler
                0x0000000008001038                DFSDM1_FLT6_IRQHandler
                0x0000000008001038                RNG_IRQHandler
                0x0000000008001038                FDCAN2_IT1_IRQHandler
                0x0000000008001038                COMP_IRQHandler
                0x0000000008001038                TIM1_UP_IRQHandler
                0x0000000008001038                OTG_HS_EP1_OUT_IRQHandler
                0x0000000008001038                WWDG_IRQHandler
                0x0000000008001038                SPI6_IRQHandler
                0x0000000008001038                MDIOS_IRQHandler
                0x0000000008001038                I2C4_EV_IRQHandler
                0x0000000008001038                FDCAN2_IT0_IRQHandler
                0x0000000008001038                LPUART1_IRQHandler
                0x0000000008001038                FDCAN1_IT0_IRQHandler
                0x0000000008001038                TIM2_IRQHandler
                0x0000000008001038                BDMA2_Channel5_IRQHandler
                0x0000000008001038                OTG_HS_IRQHandler
                0x0000000008001038                DMA2D_IRQHandler
                0x0000000008001038                TIM1_BRK_IRQHandler
                0x0000000008001038                EXTI1_IRQHandler
                0x0000000008001038                SDMMC2_IRQHandler
                0x0000000008001038                DTS_IRQHandler
                0x0000000008001038                UART7_IRQHandler
                0x0000000008001038                MDIOS_WKUP_IRQHandler
                0x0000000008001038                USART2_IRQHandler
                0x0000000008001038                DFSDM1_FLT0_IRQHandler
                0x0000000008001038                I2C2_ER_IRQHandler
                0x0000000008001038                DMA2_Stream1_IRQHandler
                0x0000000008001038                DFSDM1_FLT7_IRQHandler
                0x0000000008001038                FLASH_IRQHandler
                0x0000000008001038                DMA2_Stream4_IRQHandler
                0x0000000008001038                USART1_IRQHandler
                0x0000000008001038                SPI3_IRQHandler
                0x0000000008001038                WAKEUP_PIN_IRQHandler
                0x0000000008001038                DMA1_Stream4_IRQHandler
                0x0000000008001038                I2C1_ER_IRQHandler
                0x0000000008001038                FMC_IRQHandler
                0x0000000008001038                BDMA2_Channel7_IRQHandler
                0x0000000008001038                FDCAN_CAL_IRQHandler
                0x0000000008001038                SWPMI1_IRQHandler
                0x0000000008001038                LPTIM1_IRQHandler
                0x0000000008001038                DCMI_PSSI_IRQHandler
                0x0000000008001038                I2C4_ER_IRQHandler
                0x0000000008001038                DMA2_Stream6_IRQHandler
                0x0000000008001038                SAI1_IRQHandler
                0x0000000008001038                DMA1_Stream3_IRQHandler
                0x0000000008001038                RTC_TAMP_STAMP_CSS_LSE_IRQHandler
                0x0000000008001038                BDMA2_Channel4_IRQHandler
 *fill*         0x000000000800103a        0x2 
 .text.HAL_Init
                0x000000000800103c       0x78 ./Drivers/STM32H7xx_HAL_Driver/Src/stm32h7xx_hal.o
                0x000000000800103c                HAL_Init
 .text.HAL_InitTick
                0x00000000080010b4       0x6c ./Drivers/STM32H7xx_HAL_Driver/Src/stm32h7xx_hal.o
                0x00000000080010b4                HAL_InitTick
 .text.HAL_IncTick
                0x0000000008001120       0x28 ./Drivers/STM32H7xx_HAL_Driver/Src/stm32h7xx_hal.o
                0x0000000008001120                HAL_IncTick
 .text.HAL_GetTick
                0x0000000008001148       0x18 ./Drivers/STM32H7xx_HAL_Driver/Src/stm32h7xx_hal.o
                0x0000000008001148                HAL_GetTick
 .text.HAL_Delay
                0x0000000008001160       0x48 ./Drivers/STM32H7xx_HAL_Driver/Src/stm32h7xx_hal.o
                0x0000000008001160                HAL_Delay
 .text.LL_ADC_SetCommonClock
                0x00000000080011a8       0x26 ./Drivers/STM32H7xx_HAL_Driver/Src/stm32h7xx_hal_adc.o
 .text.LL_ADC_SetCommonPathInternalCh
                0x00000000080011ce       0x26 ./Drivers/STM32H7xx_HAL_Driver/Src/stm32h7xx_hal_adc.o
 .text.LL_ADC_GetCommonPathInternalCh
                0x00000000080011f4       0x1c ./Drivers/STM32H7xx_HAL_Driver/Src/stm32h7xx_hal_adc.o
 .text.LL_ADC_SetOffset
                0x0000000008001210       0x40 ./Drivers/STM32H7xx_HAL_Driver/Src/stm32h7xx_hal_adc.o
 .text.LL_ADC_SetDataRightShift
                0x0000000008001250       0x32 ./Drivers/STM32H7xx_HAL_Driver/Src/stm32h7xx_hal_adc.o
 .text.LL_ADC_SetOffsetSignedSaturation
                0x0000000008001282       0x36 ./Drivers/STM32H7xx_HAL_Driver/Src/stm32h7xx_hal_adc.o
 .text.LL_ADC_REG_SetSequencerRanks
                0x00000000080012b8       0x58 ./Drivers/STM32H7xx_HAL_Driver/Src/stm32h7xx_hal_adc.o
 .text.LL_ADC_SetChannelSamplingTime
                0x0000000008001310       0x56 ./Drivers/STM32H7xx_HAL_Driver/Src/stm32h7xx_hal_adc.o
 *fill*         0x0000000008001366        0x2 
 .text.LL_ADC_SetChannelSingleDiff
                0x0000000008001368       0x48 ./Drivers/STM32H7xx_HAL_Driver/Src/stm32h7xx_hal_adc.o
 .text.LL_ADC_DisableDeepPowerDown
                0x00000000080013b0       0x24 ./Drivers/STM32H7xx_HAL_Driver/Src/stm32h7xx_hal_adc.o
 .text.LL_ADC_IsDeepPowerDownEnabled
                0x00000000080013d4       0x28 ./Drivers/STM32H7xx_HAL_Driver/Src/stm32h7xx_hal_adc.o
 .text.LL_ADC_EnableInternalRegulator
                0x00000000080013fc       0x28 ./Drivers/STM32H7xx_HAL_Driver/Src/stm32h7xx_hal_adc.o
 .text.LL_ADC_IsInternalRegulatorEnabled
                0x0000000008001424       0x28 ./Drivers/STM32H7xx_HAL_Driver/Src/stm32h7xx_hal_adc.o
 .text.LL_ADC_IsEnabled
                0x000000000800144c       0x26 ./Drivers/STM32H7xx_HAL_Driver/Src/stm32h7xx_hal_adc.o
 .text.LL_ADC_REG_IsConversionOngoing
                0x0000000008001472       0x26 ./Drivers/STM32H7xx_HAL_Driver/Src/stm32h7xx_hal_adc.o
 .text.LL_ADC_INJ_IsConversionOngoing
                0x0000000008001498       0x26 ./Drivers/STM32H7xx_HAL_Driver/Src/stm32h7xx_hal_adc.o
 *fill*         0x00000000080014be        0x2 
 .text.HAL_ADC_Init
                0x00000000080014c0      0x2b4 ./Drivers/STM32H7xx_HAL_Driver/Src/stm32h7xx_hal_adc.o
                0x00000000080014c0                HAL_ADC_Init
 .text.HAL_ADC_ConfigChannel
                0x0000000008001774      0x5cc ./Drivers/STM32H7xx_HAL_Driver/Src/stm32h7xx_hal_adc.o
                0x0000000008001774                HAL_ADC_ConfigChannel
 .text.ADC_ConfigureBoostMode
                0x0000000008001d40      0x198 ./Drivers/STM32H7xx_HAL_Driver/Src/stm32h7xx_hal_adc.o
                0x0000000008001d40                ADC_ConfigureBoostMode
 .text.LL_ADC_IsEnabled
                0x0000000008001ed8       0x26 ./Drivers/STM32H7xx_HAL_Driver/Src/stm32h7xx_hal_adc_ex.o
 .text.LL_ADC_REG_IsConversionOngoing
                0x0000000008001efe       0x26 ./Drivers/STM32H7xx_HAL_Driver/Src/stm32h7xx_hal_adc_ex.o
 .text.HAL_ADCEx_MultiModeConfigChannel
                0x0000000008001f24      0x138 ./Drivers/STM32H7xx_HAL_Driver/Src/stm32h7xx_hal_adc_ex.o
                0x0000000008001f24                HAL_ADCEx_MultiModeConfigChannel
 .text.__NVIC_SetPriorityGrouping
                0x000000000800205c       0x48 ./Drivers/STM32H7xx_HAL_Driver/Src/stm32h7xx_hal_cortex.o
 .text.__NVIC_GetPriorityGrouping
                0x00000000080020a4       0x1c ./Drivers/STM32H7xx_HAL_Driver/Src/stm32h7xx_hal_cortex.o
 .text.__NVIC_EnableIRQ
                0x00000000080020c0       0x3c ./Drivers/STM32H7xx_HAL_Driver/Src/stm32h7xx_hal_cortex.o
 .text.__NVIC_SetPriority
                0x00000000080020fc       0x54 ./Drivers/STM32H7xx_HAL_Driver/Src/stm32h7xx_hal_cortex.o
 .text.NVIC_EncodePriority
                0x0000000008002150       0x66 ./Drivers/STM32H7xx_HAL_Driver/Src/stm32h7xx_hal_cortex.o
 *fill*         0x00000000080021b6        0x2 
 .text.SysTick_Config
                0x00000000080021b8       0x44 ./Drivers/STM32H7xx_HAL_Driver/Src/stm32h7xx_hal_cortex.o
 .text.HAL_NVIC_SetPriorityGrouping
                0x00000000080021fc       0x16 ./Drivers/STM32H7xx_HAL_Driver/Src/stm32h7xx_hal_cortex.o
                0x00000000080021fc                HAL_NVIC_SetPriorityGrouping
 .text.HAL_NVIC_SetPriority
                0x0000000008002212       0x34 ./Drivers/STM32H7xx_HAL_Driver/Src/stm32h7xx_hal_cortex.o
                0x0000000008002212                HAL_NVIC_SetPriority
 .text.HAL_NVIC_EnableIRQ
                0x0000000008002246       0x1c ./Drivers/STM32H7xx_HAL_Driver/Src/stm32h7xx_hal_cortex.o
                0x0000000008002246                HAL_NVIC_EnableIRQ
 .text.HAL_SYSTICK_Config
                0x0000000008002262       0x18 ./Drivers/STM32H7xx_HAL_Driver/Src/stm32h7xx_hal_cortex.o
                0x0000000008002262                HAL_SYSTICK_Config
 *fill*         0x000000000800227a        0x2 
 .text.HAL_GPIO_Init
                0x000000000800227c      0x360 ./Drivers/STM32H7xx_HAL_Driver/Src/stm32h7xx_hal_gpio.o
                0x000000000800227c                HAL_GPIO_Init
 .text.HAL_GPIO_WritePin
                0x00000000080025dc       0x32 ./Drivers/STM32H7xx_HAL_Driver/Src/stm32h7xx_hal_gpio.o
                0x00000000080025dc                HAL_GPIO_WritePin
 *fill*         0x000000000800260e        0x2 
 .text.HAL_PWREx_ConfigSupply
                0x0000000008002610       0xb4 ./Drivers/STM32H7xx_HAL_Driver/Src/stm32h7xx_hal_pwr_ex.o
                0x0000000008002610                HAL_PWREx_ConfigSupply
 .text.HAL_RCC_OscConfig
                0x00000000080026c4      0x808 ./Drivers/STM32H7xx_HAL_Driver/Src/stm32h7xx_hal_rcc.o
                0x00000000080026c4                HAL_RCC_OscConfig
 .text.HAL_RCC_ClockConfig
                0x0000000008002ecc      0x36c ./Drivers/STM32H7xx_HAL_Driver/Src/stm32h7xx_hal_rcc.o
                0x0000000008002ecc                HAL_RCC_ClockConfig
 .text.HAL_RCC_GetSysClockFreq
                0x0000000008003238      0x2f4 ./Drivers/STM32H7xx_HAL_Driver/Src/stm32h7xx_hal_rcc.o
                0x0000000008003238                HAL_RCC_GetSysClockFreq
 .text.HAL_RCC_GetHCLKFreq
                0x000000000800352c       0x60 ./Drivers/STM32H7xx_HAL_Driver/Src/stm32h7xx_hal_rcc.o
                0x000000000800352c                HAL_RCC_GetHCLKFreq
 .text.HAL_RCC_GetPCLK1Freq
                0x000000000800358c       0x2c ./Drivers/STM32H7xx_HAL_Driver/Src/stm32h7xx_hal_rcc.o
                0x000000000800358c                HAL_RCC_GetPCLK1Freq
 .text.HAL_RCC_GetPCLK2Freq
                0x00000000080035b8       0x2c ./Drivers/STM32H7xx_HAL_Driver/Src/stm32h7xx_hal_rcc.o
                0x00000000080035b8                HAL_RCC_GetPCLK2Freq
 .text.HAL_RCCEx_PeriphCLKConfig
                0x00000000080035e4      0xe18 ./Drivers/STM32H7xx_HAL_Driver/Src/stm32h7xx_hal_rcc_ex.o
                0x00000000080035e4                HAL_RCCEx_PeriphCLKConfig
 .text.HAL_RCCEx_GetPeriphCLKFreq
                0x00000000080043fc      0x85c ./Drivers/STM32H7xx_HAL_Driver/Src/stm32h7xx_hal_rcc_ex.o
                0x00000000080043fc                HAL_RCCEx_GetPeriphCLKFreq
 .text.HAL_RCCEx_GetD3PCLK1Freq
                0x0000000008004c58       0x2c ./Drivers/STM32H7xx_HAL_Driver/Src/stm32h7xx_hal_rcc_ex.o
                0x0000000008004c58                HAL_RCCEx_GetD3PCLK1Freq
 .text.HAL_RCCEx_GetPLL2ClockFreq
                0x0000000008004c84      0x2a8 ./Drivers/STM32H7xx_HAL_Driver/Src/stm32h7xx_hal_rcc_ex.o
                0x0000000008004c84                HAL_RCCEx_GetPLL2ClockFreq
 .text.HAL_RCCEx_GetPLL3ClockFreq
                0x0000000008004f2c      0x2a8 ./Drivers/STM32H7xx_HAL_Driver/Src/stm32h7xx_hal_rcc_ex.o
                0x0000000008004f2c                HAL_RCCEx_GetPLL3ClockFreq
 .text.HAL_RCCEx_GetPLL1ClockFreq
                0x00000000080051d4      0x2a4 ./Drivers/STM32H7xx_HAL_Driver/Src/stm32h7xx_hal_rcc_ex.o
                0x00000000080051d4                HAL_RCCEx_GetPLL1ClockFreq
 .text.RCCEx_PLL2_Config
                0x0000000008005478      0x164 ./Drivers/STM32H7xx_HAL_Driver/Src/stm32h7xx_hal_rcc_ex.o
 .text.RCCEx_PLL3_Config
                0x00000000080055dc      0x164 ./Drivers/STM32H7xx_HAL_Driver/Src/stm32h7xx_hal_rcc_ex.o
 .text.HAL_TIM_Base_Init
                0x0000000008005740       0xae ./Drivers/STM32H7xx_HAL_Driver/Src/stm32h7xx_hal_tim.o
                0x0000000008005740                HAL_TIM_Base_Init
 .text.HAL_TIM_IRQHandler
                0x00000000080057ee      0x23e ./Drivers/STM32H7xx_HAL_Driver/Src/stm32h7xx_hal_tim.o
                0x00000000080057ee                HAL_TIM_IRQHandler
 .text.HAL_TIM_OC_DelayElapsedCallback
                0x0000000008005a2c       0x14 ./Drivers/STM32H7xx_HAL_Driver/Src/stm32h7xx_hal_tim.o
                0x0000000008005a2c                HAL_TIM_OC_DelayElapsedCallback
 .text.HAL_TIM_IC_CaptureCallback
                0x0000000008005a40       0x14 ./Drivers/STM32H7xx_HAL_Driver/Src/stm32h7xx_hal_tim.o
                0x0000000008005a40                HAL_TIM_IC_CaptureCallback
 .text.HAL_TIM_PWM_PulseFinishedCallback
                0x0000000008005a54       0x14 ./Drivers/STM32H7xx_HAL_Driver/Src/stm32h7xx_hal_tim.o
                0x0000000008005a54                HAL_TIM_PWM_PulseFinishedCallback
 .text.HAL_TIM_TriggerCallback
                0x0000000008005a68       0x14 ./Drivers/STM32H7xx_HAL_Driver/Src/stm32h7xx_hal_tim.o
                0x0000000008005a68                HAL_TIM_TriggerCallback
 .text.TIM_Base_SetConfig
                0x0000000008005a7c      0x134 ./Drivers/STM32H7xx_HAL_Driver/Src/stm32h7xx_hal_tim.o
                0x0000000008005a7c                TIM_Base_SetConfig
 .text.HAL_TIMEx_CommutCallback
                0x0000000008005bb0       0x14 ./Drivers/STM32H7xx_HAL_Driver/Src/stm32h7xx_hal_tim_ex.o
                0x0000000008005bb0                HAL_TIMEx_CommutCallback
 .text.HAL_TIMEx_BreakCallback
                0x0000000008005bc4       0x14 ./Drivers/STM32H7xx_HAL_Driver/Src/stm32h7xx_hal_tim_ex.o
                0x0000000008005bc4                HAL_TIMEx_BreakCallback
 .text.HAL_TIMEx_Break2Callback
                0x0000000008005bd8       0x14 ./Drivers/STM32H7xx_HAL_Driver/Src/stm32h7xx_hal_tim_ex.o
                0x0000000008005bd8                HAL_TIMEx_Break2Callback
 .text.HAL_UART_Init
                0x0000000008005bec       0xa0 ./Drivers/STM32H7xx_HAL_Driver/Src/stm32h7xx_hal_uart.o
                0x0000000008005bec                HAL_UART_Init
 .text.UART_SetConfig
                0x0000000008005c8c      0xcd8 ./Drivers/STM32H7xx_HAL_Driver/Src/stm32h7xx_hal_uart.o
                0x0000000008005c8c                UART_SetConfig
 .text.UART_AdvFeatureConfig
                0x0000000008006964      0x144 ./Drivers/STM32H7xx_HAL_Driver/Src/stm32h7xx_hal_uart.o
                0x0000000008006964                UART_AdvFeatureConfig
 .text.UART_CheckIdleState
                0x0000000008006aa8       0x96 ./Drivers/STM32H7xx_HAL_Driver/Src/stm32h7xx_hal_uart.o
                0x0000000008006aa8                UART_CheckIdleState
 .text.UART_WaitOnFlagUntilTimeout
                0x0000000008006b3e      0x190 ./Drivers/STM32H7xx_HAL_Driver/Src/stm32h7xx_hal_uart.o
                0x0000000008006b3e                UART_WaitOnFlagUntilTimeout
 .text.HAL_UARTEx_DisableFifoMode
                0x0000000008006cce       0x72 ./Drivers/STM32H7xx_HAL_Driver/Src/stm32h7xx_hal_uart_ex.o
                0x0000000008006cce                HAL_UARTEx_DisableFifoMode
 .text.HAL_UARTEx_SetTxFifoThreshold
                0x0000000008006d40       0x7c ./Drivers/STM32H7xx_HAL_Driver/Src/stm32h7xx_hal_uart_ex.o
                0x0000000008006d40                HAL_UARTEx_SetTxFifoThreshold
 .text.HAL_UARTEx_SetRxFifoThreshold
                0x0000000008006dbc       0x7c ./Drivers/STM32H7xx_HAL_Driver/Src/stm32h7xx_hal_uart_ex.o
                0x0000000008006dbc                HAL_UARTEx_SetRxFifoThreshold
 .text.UARTEx_SetNbDataToProcess
                0x0000000008006e38       0x9c ./Drivers/STM32H7xx_HAL_Driver/Src/stm32h7xx_hal_uart_ex.o
 .text.STEPPER_One_Step
                0x0000000008006ed4      0x4b4 ./ECUAL/STEPPER/STEPPER.o
 .text.STEPPER_TMR_OVF_ISR
                0x0000000008007388       0xec ./ECUAL/STEPPER/STEPPER.o
                0x0000000008007388                STEPPER_TMR_OVF_ISR
 .text.__libc_init_array
                0x0000000008007474       0x48 /opt/stm32cubeide/plugins/com.st.stm32cube.ide.mcu.externaltools.gnu-tools-for-stm32.10.3-2021.10.linux64_1.0.0.202111181127/tools/bin/../lib/gcc/arm-none-eabi/10.3.1/../../../../arm-none-eabi/lib/thumb/v7e-m+dp/hard/libc_nano.a(lib_a-init.o)
                0x0000000008007474                __libc_init_array
 .text.memset   0x00000000080074bc       0x10 /opt/stm32cubeide/plugins/com.st.stm32cube.ide.mcu.externaltools.gnu-tools-for-stm32.10.3-2021.10.linux64_1.0.0.202111181127/tools/bin/../lib/gcc/arm-none-eabi/10.3.1/../../../../arm-none-eabi/lib/thumb/v7e-m+dp/hard/libc_nano.a(lib_a-memset.o)
                0x00000000080074bc                memset
 *(.glue_7)
 .glue_7        0x00000000080074cc        0x0 linker stubs
 *(.glue_7t)
 .glue_7t       0x00000000080074cc        0x0 linker stubs
 *(.eh_frame)
 .eh_frame      0x00000000080074cc        0x0 /opt/stm32cubeide/plugins/com.st.stm32cube.ide.mcu.externaltools.gnu-tools-for-stm32.10.3-2021.10.linux64_1.0.0.202111181127/tools/bin/../lib/gcc/arm-none-eabi/10.3.1/thumb/v7e-m+dp/hard/crtbegin.o
 *(.init)
 .init          0x00000000080074cc        0x4 /opt/stm32cubeide/plugins/com.st.stm32cube.ide.mcu.externaltools.gnu-tools-for-stm32.10.3-2021.10.linux64_1.0.0.202111181127/tools/bin/../lib/gcc/arm-none-eabi/10.3.1/thumb/v7e-m+dp/hard/crti.o
                0x00000000080074cc                _init
 .init          0x00000000080074d0        0x8 /opt/stm32cubeide/plugins/com.st.stm32cube.ide.mcu.externaltools.gnu-tools-for-stm32.10.3-2021.10.linux64_1.0.0.202111181127/tools/bin/../lib/gcc/arm-none-eabi/10.3.1/thumb/v7e-m+dp/hard/crtn.o
 *(.fini)
 .fini          0x00000000080074d8        0x4 /opt/stm32cubeide/plugins/com.st.stm32cube.ide.mcu.externaltools.gnu-tools-for-stm32.10.3-2021.10.linux64_1.0.0.202111181127/tools/bin/../lib/gcc/arm-none-eabi/10.3.1/thumb/v7e-m+dp/hard/crti.o
                0x00000000080074d8                _fini
 .fini          0x00000000080074dc        0x8 /opt/stm32cubeide/plugins/com.st.stm32cube.ide.mcu.externaltools.gnu-tools-for-stm32.10.3-2021.10.linux64_1.0.0.202111181127/tools/bin/../lib/gcc/arm-none-eabi/10.3.1/thumb/v7e-m+dp/hard/crtn.o
                0x00000000080074e4                . = ALIGN (0x4)
                0x00000000080074e4                _etext = .

.vfp11_veneer   0x00000000080074e4        0x0
 .vfp11_veneer  0x00000000080074e4        0x0 linker stubs

.v4_bx          0x00000000080074e4        0x0
 .v4_bx         0x00000000080074e4        0x0 linker stubs

.iplt           0x00000000080074e4        0x0
 .iplt          0x00000000080074e4        0x0 /opt/stm32cubeide/plugins/com.st.stm32cube.ide.mcu.externaltools.gnu-tools-for-stm32.10.3-2021.10.linux64_1.0.0.202111181127/tools/bin/../lib/gcc/arm-none-eabi/10.3.1/thumb/v7e-m+dp/hard/crtbegin.o

.rodata         0x00000000080074e4       0x54
                0x00000000080074e4                . = ALIGN (0x4)
 *(.rodata)
 *(.rodata*)
 .rodata.D1CorePrescTable
                0x00000000080074e4       0x10 ./Core/Src/system_stm32h7xx.o
                0x00000000080074e4                D1CorePrescTable
 .rodata.UARTPrescTable
                0x00000000080074f4       0x18 ./Drivers/STM32H7xx_HAL_Driver/Src/stm32h7xx_hal_uart.o
                0x00000000080074f4                UARTPrescTable
 .rodata.numerator.1
                0x000000000800750c        0x8 ./Drivers/STM32H7xx_HAL_Driver/Src/stm32h7xx_hal_uart_ex.o
 .rodata.denominator.0
                0x0000000008007514        0x8 ./Drivers/STM32H7xx_HAL_Driver/Src/stm32h7xx_hal_uart_ex.o
 .rodata.STEPPER_CfgParam
                0x000000000800751c       0x1c ./ECUAL/STEPPER/STEPPER_cfg.o
                0x000000000800751c                STEPPER_CfgParam
                0x0000000008007538                . = ALIGN (0x4)

.ARM.extab
 *(.ARM.extab* .gnu.linkonce.armextab.*)

.ARM            0x0000000008007538        0x8
                0x0000000008007538                __exidx_start = .
 *(.ARM.exidx*)
 .ARM.exidx     0x0000000008007538        0x8 /opt/stm32cubeide/plugins/com.st.stm32cube.ide.mcu.externaltools.gnu-tools-for-stm32.10.3-2021.10.linux64_1.0.0.202111181127/tools/bin/../lib/gcc/arm-none-eabi/10.3.1/thumb/v7e-m+dp/hard/libgcc.a(_udivmoddi4.o)
                0x0000000008007540                __exidx_end = .

.rel.dyn        0x0000000008007540        0x0
 .rel.iplt      0x0000000008007540        0x0 /opt/stm32cubeide/plugins/com.st.stm32cube.ide.mcu.externaltools.gnu-tools-for-stm32.10.3-2021.10.linux64_1.0.0.202111181127/tools/bin/../lib/gcc/arm-none-eabi/10.3.1/thumb/v7e-m+dp/hard/crtbegin.o

.preinit_array  0x0000000008007540        0x0
                0x0000000008007540                PROVIDE (__preinit_array_start = .)
 *(.preinit_array*)
                0x0000000008007540                PROVIDE (__preinit_array_end = .)

.init_array     0x0000000008007540        0x4
                0x0000000008007540                PROVIDE (__init_array_start = .)
 *(SORT_BY_NAME(.init_array.*))
 *(.init_array*)
 .init_array    0x0000000008007540        0x4 /opt/stm32cubeide/plugins/com.st.stm32cube.ide.mcu.externaltools.gnu-tools-for-stm32.10.3-2021.10.linux64_1.0.0.202111181127/tools/bin/../lib/gcc/arm-none-eabi/10.3.1/thumb/v7e-m+dp/hard/crtbegin.o
                0x0000000008007544                PROVIDE (__init_array_end = .)

.fini_array     0x0000000008007544        0x4
                [!provide]                        PROVIDE (__fini_array_start = .)
 *(SORT_BY_NAME(.fini_array.*))
 *(.fini_array*)
 .fini_array    0x0000000008007544        0x4 /opt/stm32cubeide/plugins/com.st.stm32cube.ide.mcu.externaltools.gnu-tools-for-stm32.10.3-2021.10.linux64_1.0.0.202111181127/tools/bin/../lib/gcc/arm-none-eabi/10.3.1/thumb/v7e-m+dp/hard/crtbegin.o
                [!provide]                        PROVIDE (__fini_array_end = .)
                0x0000000008007548                _sidata = LOADADDR (.data)

.data           0x0000000024000000       0x50 load address 0x0000000008007548
                0x0000000024000000                . = ALIGN (0x4)
                0x0000000024000000                _sdata = .
 *(.data)
 *(.data*)
 .data.SystemCoreClock
                0x0000000024000000        0x4 ./Core/Src/system_stm32h7xx.o
                0x0000000024000000                SystemCoreClock
 .data.SystemD2Clock
                0x0000000024000004        0x4 ./Core/Src/system_stm32h7xx.o
                0x0000000024000004                SystemD2Clock
 .data.uwTickPrio
                0x0000000024000008        0x4 ./Drivers/STM32H7xx_HAL_Driver/Src/stm32h7xx_hal.o
                0x0000000024000008                uwTickPrio
 .data.uwTickFreq
                0x000000002400000c        0x1 ./Drivers/STM32H7xx_HAL_Driver/Src/stm32h7xx_hal.o
                0x000000002400000c                uwTickFreq
 *fill*         0x000000002400000d        0x3 
 .data.UNIPOLAR_WD_PATTERN
                0x0000000024000010       0x10 ./ECUAL/STEPPER/STEPPER.o
 .data.UNIPOLAR_FS_PATTERN
                0x0000000024000020       0x10 ./ECUAL/STEPPER/STEPPER.o
 .data.UNIPOLAR_HS_PATTERN
                0x0000000024000030       0x20 ./ECUAL/STEPPER/STEPPER.o
 *(.RamFunc)
 *(.RamFunc*)
                0x0000000024000050                . = ALIGN (0x4)
                0x0000000024000050                _edata = .

.igot.plt       0x0000000024000050        0x0 load address 0x0000000008007598
 .igot.plt      0x0000000024000050        0x0 /opt/stm32cubeide/plugins/com.st.stm32cube.ide.mcu.externaltools.gnu-tools-for-stm32.10.3-2021.10.linux64_1.0.0.202111181127/tools/bin/../lib/gcc/arm-none-eabi/10.3.1/thumb/v7e-m+dp/hard/crtbegin.o
                0x0000000024000050                . = ALIGN (0x4)

.bss            0x0000000024000050      0x1c0 load address 0x0000000008007598
                0x0000000024000050                _sbss = .
                0x0000000024000050                __bss_start__ = _sbss
 *(.bss)
 .bss           0x0000000024000050       0x1c /opt/stm32cubeide/plugins/com.st.stm32cube.ide.mcu.externaltools.gnu-tools-for-stm32.10.3-2021.10.linux64_1.0.0.202111181127/tools/bin/../lib/gcc/arm-none-eabi/10.3.1/thumb/v7e-m+dp/hard/crtbegin.o
 *(.bss*)
 .bss.hadc1     0x000000002400006c       0x64 ./Core/Src/main.o
                0x000000002400006c                hadc1
 .bss.htim16    0x00000000240000d0       0x4c ./Core/Src/main.o
                0x00000000240000d0                htim16
 .bss.htim17    0x000000002400011c       0x4c ./Core/Src/main.o
                0x000000002400011c                htim17
 .bss.huart3    0x0000000024000168       0x90 ./Core/Src/main.o
                0x0000000024000168                huart3
 .bss.uwTick    0x00000000240001f8        0x4 ./Drivers/STM32H7xx_HAL_Driver/Src/stm32h7xx_hal.o
                0x00000000240001f8                uwTick
 .bss.gs_STEPPER_info
                0x00000000240001fc       0x14 ./ECUAL/STEPPER/STEPPER.o
 *(COMMON)
                0x0000000024000210                . = ALIGN (0x4)
                0x0000000024000210                _ebss = .
                0x0000000024000210                __bss_end__ = _ebss

._user_heap_stack
                0x0000000024000210      0x600 load address 0x0000000008007598
                0x0000000024000210                . = ALIGN (0x8)
                [!provide]                        PROVIDE (end = .)
                0x0000000024000210                PROVIDE (_end = .)
                0x0000000024000410                . = (. + _Min_Heap_Size)
 *fill*         0x0000000024000210      0x200 
                0x0000000024000810                . = (. + _Min_Stack_Size)
 *fill*         0x0000000024000410      0x400 
                0x0000000024000810                . = ALIGN (0x8)

/DISCARD/
 libc.a(*)
 libm.a(*)
 libgcc.a(*)

.ARM.attributes
                0x0000000000000000       0x2e
 *(.ARM.attributes)
 .ARM.attributes
                0x0000000000000000       0x1e /opt/stm32cubeide/plugins/com.st.stm32cube.ide.mcu.externaltools.gnu-tools-for-stm32.10.3-2021.10.linux64_1.0.0.202111181127/tools/bin/../lib/gcc/arm-none-eabi/10.3.1/thumb/v7e-m+dp/hard/crti.o
 .ARM.attributes
                0x000000000000001e       0x32 /opt/stm32cubeide/plugins/com.st.stm32cube.ide.mcu.externaltools.gnu-tools-for-stm32.10.3-2021.10.linux64_1.0.0.202111181127/tools/bin/../lib/gcc/arm-none-eabi/10.3.1/thumb/v7e-m+dp/hard/crtbegin.o
 .ARM.attributes
                0x0000000000000050       0x32 ./Core/Src/main.o
 .ARM.attributes
                0x0000000000000082       0x32 ./Core/Src/stm32h7xx_hal_msp.o
 .ARM.attributes
                0x00000000000000b4       0x32 ./Core/Src/stm32h7xx_it.o
 .ARM.attributes
                0x00000000000000e6       0x32 ./Core/Src/system_stm32h7xx.o
 .ARM.attributes
                0x0000000000000118       0x21 ./Core/Startup/startup_stm32h7a3zitxq.o
 .ARM.attributes
                0x0000000000000139       0x32 ./Drivers/STM32H7xx_HAL_Driver/Src/stm32h7xx_hal.o
 .ARM.attributes
                0x000000000000016b       0x32 ./Drivers/STM32H7xx_HAL_Driver/Src/stm32h7xx_hal_adc.o
 .ARM.attributes
                0x000000000000019d       0x32 ./Drivers/STM32H7xx_HAL_Driver/Src/stm32h7xx_hal_adc_ex.o
 .ARM.attributes
                0x00000000000001cf       0x32 ./Drivers/STM32H7xx_HAL_Driver/Src/stm32h7xx_hal_cortex.o
 .ARM.attributes
                0x0000000000000201       0x32 ./Drivers/STM32H7xx_HAL_Driver/Src/stm32h7xx_hal_gpio.o
 .ARM.attributes
                0x0000000000000233       0x32 ./Drivers/STM32H7xx_HAL_Driver/Src/stm32h7xx_hal_pwr_ex.o
 .ARM.attributes
                0x0000000000000265       0x32 ./Drivers/STM32H7xx_HAL_Driver/Src/stm32h7xx_hal_rcc.o
 .ARM.attributes
                0x0000000000000297       0x32 ./Drivers/STM32H7xx_HAL_Driver/Src/stm32h7xx_hal_rcc_ex.o
 .ARM.attributes
                0x00000000000002c9       0x32 ./Drivers/STM32H7xx_HAL_Driver/Src/stm32h7xx_hal_tim.o
 .ARM.attributes
                0x00000000000002fb       0x32 ./Drivers/STM32H7xx_HAL_Driver/Src/stm32h7xx_hal_tim_ex.o
 .ARM.attributes
                0x000000000000032d       0x32 ./Drivers/STM32H7xx_HAL_Driver/Src/stm32h7xx_hal_uart.o
 .ARM.attributes
                0x000000000000035f       0x32 ./Drivers/STM32H7xx_HAL_Driver/Src/stm32h7xx_hal_uart_ex.o
 .ARM.attributes
                0x0000000000000391       0x32 ./ECUAL/STEPPER/STEPPER.o
 .ARM.attributes
                0x00000000000003c3       0x32 ./ECUAL/STEPPER/STEPPER_cfg.o
 .ARM.attributes
                0x00000000000003f5       0x32 /opt/stm32cubeide/plugins/com.st.stm32cube.ide.mcu.externaltools.gnu-tools-for-stm32.10.3-2021.10.linux64_1.0.0.202111181127/tools/bin/../lib/gcc/arm-none-eabi/10.3.1/../../../../arm-none-eabi/lib/thumb/v7e-m+dp/hard/libc_nano.a(lib_a-init.o)
 .ARM.attributes
                0x0000000000000427       0x32 /opt/stm32cubeide/plugins/com.st.stm32cube.ide.mcu.externaltools.gnu-tools-for-stm32.10.3-2021.10.linux64_1.0.0.202111181127/tools/bin/../lib/gcc/arm-none-eabi/10.3.1/../../../../arm-none-eabi/lib/thumb/v7e-m+dp/hard/libc_nano.a(lib_a-memset.o)
 .ARM.attributes
                0x0000000000000459       0x1e /opt/stm32cubeide/plugins/com.st.stm32cube.ide.mcu.externaltools.gnu-tools-for-stm32.10.3-2021.10.linux64_1.0.0.202111181127/tools/bin/../lib/gcc/arm-none-eabi/10.3.1/thumb/v7e-m+dp/hard/libgcc.a(_aeabi_uldivmod.o)
 .ARM.attributes
                0x0000000000000477       0x32 /opt/stm32cubeide/plugins/com.st.stm32cube.ide.mcu.externaltools.gnu-tools-for-stm32.10.3-2021.10.linux64_1.0.0.202111181127/tools/bin/../lib/gcc/arm-none-eabi/10.3.1/thumb/v7e-m+dp/hard/libgcc.a(_udivmoddi4.o)
 .ARM.attributes
                0x00000000000004a9       0x1e /opt/stm32cubeide/plugins/com.st.stm32cube.ide.mcu.externaltools.gnu-tools-for-stm32.10.3-2021.10.linux64_1.0.0.202111181127/tools/bin/../lib/gcc/arm-none-eabi/10.3.1/thumb/v7e-m+dp/hard/libgcc.a(_dvmd_tls.o)
 .ARM.attributes
                0x00000000000004c7       0x1e /opt/stm32cubeide/plugins/com.st.stm32cube.ide.mcu.externaltools.gnu-tools-for-stm32.10.3-2021.10.linux64_1.0.0.202111181127/tools/bin/../lib/gcc/arm-none-eabi/10.3.1/thumb/v7e-m+dp/hard/crtn.o
OUTPUT(h7a3zi_combine2.elf elf32-littlearm)
LOAD linker stubs
LOAD /opt/stm32cubeide/plugins/com.st.stm32cube.ide.mcu.externaltools.gnu-tools-for-stm32.10.3-2021.10.linux64_1.0.0.202111181127/tools/bin/../lib/gcc/arm-none-eabi/10.3.1/../../../../arm-none-eabi/lib/thumb/v7e-m+dp/hard/libc.a
LOAD /opt/stm32cubeide/plugins/com.st.stm32cube.ide.mcu.externaltools.gnu-tools-for-stm32.10.3-2021.10.linux64_1.0.0.202111181127/tools/bin/../lib/gcc/arm-none-eabi/10.3.1/../../../../arm-none-eabi/lib/thumb/v7e-m+dp/hard/libm.a
LOAD /opt/stm32cubeide/plugins/com.st.stm32cube.ide.mcu.externaltools.gnu-tools-for-stm32.10.3-2021.10.linux64_1.0.0.202111181127/tools/bin/../lib/gcc/arm-none-eabi/10.3.1/thumb/v7e-m+dp/hard/libgcc.a

.debug_info     0x0000000000000000    0x1af4e
 .debug_info    0x0000000000000000     0x1fc9 ./Core/Src/main.o
 .debug_info    0x0000000000001fc9     0x1d8a ./Core/Src/stm32h7xx_hal_msp.o
 .debug_info    0x0000000000003d53      0x865 ./Core/Src/stm32h7xx_it.o
 .debug_info    0x00000000000045b8      0xc8a ./Core/Src/system_stm32h7xx.o
 .debug_info    0x0000000000005242       0x22 ./Core/Startup/startup_stm32h7a3zitxq.o
 .debug_info    0x0000000000005264     0x1476 ./Drivers/STM32H7xx_HAL_Driver/Src/stm32h7xx_hal.o
 .debug_info    0x00000000000066da     0x1ebc ./Drivers/STM32H7xx_HAL_Driver/Src/stm32h7xx_hal_adc.o
 .debug_info    0x0000000000008596     0x1ffc ./Drivers/STM32H7xx_HAL_Driver/Src/stm32h7xx_hal_adc_ex.o
 .debug_info    0x000000000000a592     0x114f ./Drivers/STM32H7xx_HAL_Driver/Src/stm32h7xx_hal_cortex.o
 .debug_info    0x000000000000b6e1      0xbe7 ./Drivers/STM32H7xx_HAL_Driver/Src/stm32h7xx_hal_gpio.o
 .debug_info    0x000000000000c2c8      0xfba ./Drivers/STM32H7xx_HAL_Driver/Src/stm32h7xx_hal_pwr_ex.o
 .debug_info    0x000000000000d282      0xf8f ./Drivers/STM32H7xx_HAL_Driver/Src/stm32h7xx_hal_rcc.o
 .debug_info    0x000000000000e211     0x12a4 ./Drivers/STM32H7xx_HAL_Driver/Src/stm32h7xx_hal_rcc_ex.o
 .debug_info    0x000000000000f4b5     0x2dd1 ./Drivers/STM32H7xx_HAL_Driver/Src/stm32h7xx_hal_tim.o
 .debug_info    0x0000000000012286     0x19d5 ./Drivers/STM32H7xx_HAL_Driver/Src/stm32h7xx_hal_tim_ex.o
 .debug_info    0x0000000000013c5b     0x4c6a ./Drivers/STM32H7xx_HAL_Driver/Src/stm32h7xx_hal_uart.o
 .debug_info    0x00000000000188c5     0x100b ./Drivers/STM32H7xx_HAL_Driver/Src/stm32h7xx_hal_uart_ex.o
 .debug_info    0x00000000000198d0     0x1459 ./ECUAL/STEPPER/STEPPER.o
 .debug_info    0x000000000001ad29      0x225 ./ECUAL/STEPPER/STEPPER_cfg.o

.debug_abbrev   0x0000000000000000     0x2c1d
 .debug_abbrev  0x0000000000000000      0x391 ./Core/Src/main.o
 .debug_abbrev  0x0000000000000391      0x265 ./Core/Src/stm32h7xx_hal_msp.o
 .debug_abbrev  0x00000000000005f6      0x184 ./Core/Src/stm32h7xx_it.o
 .debug_abbrev  0x000000000000077a      0x147 ./Core/Src/system_stm32h7xx.o
 .debug_abbrev  0x00000000000008c1       0x12 ./Core/Startup/startup_stm32h7a3zitxq.o
 .debug_abbrev  0x00000000000008d3      0x289 ./Drivers/STM32H7xx_HAL_Driver/Src/stm32h7xx_hal.o
 .debug_abbrev  0x0000000000000b5c      0x2bf ./Drivers/STM32H7xx_HAL_Driver/Src/stm32h7xx_hal_adc.o
 .debug_abbrev  0x0000000000000e1b      0x305 ./Drivers/STM32H7xx_HAL_Driver/Src/stm32h7xx_hal_adc_ex.o
 .debug_abbrev  0x0000000000001120      0x329 ./Drivers/STM32H7xx_HAL_Driver/Src/stm32h7xx_hal_cortex.o
 .debug_abbrev  0x0000000000001449      0x1ec ./Drivers/STM32H7xx_HAL_Driver/Src/stm32h7xx_hal_gpio.o
 .debug_abbrev  0x0000000000001635      0x27e ./Drivers/STM32H7xx_HAL_Driver/Src/stm32h7xx_hal_pwr_ex.o
 .debug_abbrev  0x00000000000018b3      0x2b8 ./Drivers/STM32H7xx_HAL_Driver/Src/stm32h7xx_hal_rcc.o
 .debug_abbrev  0x0000000000001b6b      0x26d ./Drivers/STM32H7xx_HAL_Driver/Src/stm32h7xx_hal_rcc_ex.o
 .debug_abbrev  0x0000000000001dd8      0x25d ./Drivers/STM32H7xx_HAL_Driver/Src/stm32h7xx_hal_tim.o
 .debug_abbrev  0x0000000000002035      0x27a ./Drivers/STM32H7xx_HAL_Driver/Src/stm32h7xx_hal_tim_ex.o
 .debug_abbrev  0x00000000000022af      0x336 ./Drivers/STM32H7xx_HAL_Driver/Src/stm32h7xx_hal_uart.o
 .debug_abbrev  0x00000000000025e5      0x2bd ./Drivers/STM32H7xx_HAL_Driver/Src/stm32h7xx_hal_uart_ex.o
 .debug_abbrev  0x00000000000028a2      0x2a7 ./ECUAL/STEPPER/STEPPER.o
 .debug_abbrev  0x0000000000002b49       0xd4 ./ECUAL/STEPPER/STEPPER_cfg.o

.debug_aranges  0x0000000000000000     0x1490
 .debug_aranges
                0x0000000000000000       0x90 ./Core/Src/main.o
 .debug_aranges
                0x0000000000000090       0x50 ./Core/Src/stm32h7xx_hal_msp.o
 .debug_aranges
                0x00000000000000e0       0x68 ./Core/Src/stm32h7xx_it.o
 .debug_aranges
                0x0000000000000148       0x28 ./Core/Src/system_stm32h7xx.o
 .debug_aranges
                0x0000000000000170       0x28 ./Core/Startup/startup_stm32h7a3zitxq.o
 .debug_aranges
                0x0000000000000198      0x1a0 ./Drivers/STM32H7xx_HAL_Driver/Src/stm32h7xx_hal.o
 .debug_aranges
                0x0000000000000338      0x228 ./Drivers/STM32H7xx_HAL_Driver/Src/stm32h7xx_hal_adc.o
 .debug_aranges
                0x0000000000000560      0x1d8 ./Drivers/STM32H7xx_HAL_Driver/Src/stm32h7xx_hal_adc_ex.o
 .debug_aranges
                0x0000000000000738      0x120 ./Drivers/STM32H7xx_HAL_Driver/Src/stm32h7xx_hal_cortex.o
 .debug_aranges
                0x0000000000000858       0x58 ./Drivers/STM32H7xx_HAL_Driver/Src/stm32h7xx_hal_gpio.o
 .debug_aranges
                0x00000000000008b0      0x188 ./Drivers/STM32H7xx_HAL_Driver/Src/stm32h7xx_hal_pwr_ex.o
 .debug_aranges
                0x0000000000000a38       0x88 ./Drivers/STM32H7xx_HAL_Driver/Src/stm32h7xx_hal_rcc.o
 .debug_aranges
                0x0000000000000ac0       0xf0 ./Drivers/STM32H7xx_HAL_Driver/Src/stm32h7xx_hal_rcc_ex.o
 .debug_aranges
                0x0000000000000bb0      0x3e0 ./Drivers/STM32H7xx_HAL_Driver/Src/stm32h7xx_hal_tim.o
 .debug_aranges
                0x0000000000000f90      0x198 ./Drivers/STM32H7xx_HAL_Driver/Src/stm32h7xx_hal_tim_ex.o
 .debug_aranges
                0x0000000000001128      0x248 ./Drivers/STM32H7xx_HAL_Driver/Src/stm32h7xx_hal_uart.o
 .debug_aranges
                0x0000000000001370       0xa0 ./Drivers/STM32H7xx_HAL_Driver/Src/stm32h7xx_hal_uart_ex.o
 .debug_aranges
                0x0000000000001410       0x68 ./ECUAL/STEPPER/STEPPER.o
 .debug_aranges
                0x0000000000001478       0x18 ./ECUAL/STEPPER/STEPPER_cfg.o

.debug_ranges   0x0000000000000000     0x1390
 .debug_ranges  0x0000000000000000       0x80 ./Core/Src/main.o
 .debug_ranges  0x0000000000000080       0x40 ./Core/Src/stm32h7xx_hal_msp.o
 .debug_ranges  0x00000000000000c0       0x58 ./Core/Src/stm32h7xx_it.o
 .debug_ranges  0x0000000000000118       0x18 ./Core/Src/system_stm32h7xx.o
 .debug_ranges  0x0000000000000130       0x20 ./Core/Startup/startup_stm32h7a3zitxq.o
 .debug_ranges  0x0000000000000150      0x190 ./Drivers/STM32H7xx_HAL_Driver/Src/stm32h7xx_hal.o
 .debug_ranges  0x00000000000002e0      0x218 ./Drivers/STM32H7xx_HAL_Driver/Src/stm32h7xx_hal_adc.o
 .debug_ranges  0x00000000000004f8      0x1c8 ./Drivers/STM32H7xx_HAL_Driver/Src/stm32h7xx_hal_adc_ex.o
 .debug_ranges  0x00000000000006c0      0x110 ./Drivers/STM32H7xx_HAL_Driver/Src/stm32h7xx_hal_cortex.o
 .debug_ranges  0x00000000000007d0       0x48 ./Drivers/STM32H7xx_HAL_Driver/Src/stm32h7xx_hal_gpio.o
 .debug_ranges  0x0000000000000818      0x178 ./Drivers/STM32H7xx_HAL_Driver/Src/stm32h7xx_hal_pwr_ex.o
 .debug_ranges  0x0000000000000990       0x78 ./Drivers/STM32H7xx_HAL_Driver/Src/stm32h7xx_hal_rcc.o
 .debug_ranges  0x0000000000000a08       0xe0 ./Drivers/STM32H7xx_HAL_Driver/Src/stm32h7xx_hal_rcc_ex.o
 .debug_ranges  0x0000000000000ae8      0x3d0 ./Drivers/STM32H7xx_HAL_Driver/Src/stm32h7xx_hal_tim.o
 .debug_ranges  0x0000000000000eb8      0x188 ./Drivers/STM32H7xx_HAL_Driver/Src/stm32h7xx_hal_tim_ex.o
 .debug_ranges  0x0000000000001040      0x268 ./Drivers/STM32H7xx_HAL_Driver/Src/stm32h7xx_hal_uart.o
 .debug_ranges  0x00000000000012a8       0x90 ./Drivers/STM32H7xx_HAL_Driver/Src/stm32h7xx_hal_uart_ex.o
 .debug_ranges  0x0000000000001338       0x58 ./ECUAL/STEPPER/STEPPER.o

.debug_macro    0x0000000000000000    0x32b40
 .debug_macro   0x0000000000000000      0x3e3 ./Core/Src/main.o
 .debug_macro   0x00000000000003e3      0xa90 ./Core/Src/main.o
 .debug_macro   0x0000000000000e73      0x23e ./Core/Src/main.o
 .debug_macro   0x00000000000010b1       0x2e ./Core/Src/main.o
 .debug_macro   0x00000000000010df       0x42 ./Core/Src/main.o
 .debug_macro   0x0000000000001121       0x22 ./Core/Src/main.o
 .debug_macro   0x0000000000001143       0x8e ./Core/Src/main.o
 .debug_macro   0x00000000000011d1       0x51 ./Core/Src/main.o
 .debug_macro   0x0000000000001222      0x103 ./Core/Src/main.o
 .debug_macro   0x0000000000001325       0x6a ./Core/Src/main.o
 .debug_macro   0x000000000000138f      0x1df ./Core/Src/main.o
 .debug_macro   0x000000000000156e       0x1c ./Core/Src/main.o
 .debug_macro   0x000000000000158a       0x22 ./Core/Src/main.o
 .debug_macro   0x00000000000015ac       0xfb ./Core/Src/main.o
 .debug_macro   0x00000000000016a7     0x1305 ./Core/Src/main.o
 .debug_macro   0x00000000000029ac      0x11f ./Core/Src/main.o
 .debug_macro   0x0000000000002acb       0x27 ./Core/Src/main.o
 .debug_macro   0x0000000000002af2    0x1e8d1 ./Core/Src/main.o
 .debug_macro   0x00000000000213c3       0x6d ./Core/Src/main.o
 .debug_macro   0x0000000000021430     0x3d29 ./Core/Src/main.o
 .debug_macro   0x0000000000025159      0x174 ./Core/Src/main.o
 .debug_macro   0x00000000000252cd       0x52 ./Core/Src/main.o
 .debug_macro   0x000000000002531f       0x1d ./Core/Src/main.o
 .debug_macro   0x000000000002533c       0x3c ./Core/Src/main.o
 .debug_macro   0x0000000000025378       0x34 ./Core/Src/main.o
 .debug_macro   0x00000000000253ac       0x16 ./Core/Src/main.o
 .debug_macro   0x00000000000253c2       0x43 ./Core/Src/main.o
 .debug_macro   0x0000000000025405       0x34 ./Core/Src/main.o
 .debug_macro   0x0000000000025439       0x10 ./Core/Src/main.o
 .debug_macro   0x0000000000025449       0x58 ./Core/Src/main.o
 .debug_macro   0x00000000000254a1       0x71 ./Core/Src/main.o
 .debug_macro   0x0000000000025512       0x1c ./Core/Src/main.o
 .debug_macro   0x000000000002552e      0x12a ./Core/Src/main.o
 .debug_macro   0x0000000000025658      0x341 ./Core/Src/main.o
 .debug_macro   0x0000000000025999      0x19b ./Core/Src/main.o
 .debug_macro   0x0000000000025b34       0x5d ./Core/Src/main.o
 .debug_macro   0x0000000000025b91     0x24ee ./Core/Src/main.o
 .debug_macro   0x000000000002807f     0x1010 ./Core/Src/main.o
 .debug_macro   0x000000000002908f      0x14d ./Core/Src/main.o
 .debug_macro   0x00000000000291dc      0x114 ./Core/Src/main.o
 .debug_macro   0x00000000000292f0      0x3bf ./Core/Src/main.o
 .debug_macro   0x00000000000296af       0xac ./Core/Src/main.o
 .debug_macro   0x000000000002975b      0x70a ./Core/Src/main.o
 .debug_macro   0x0000000000029e65      0x20c ./Core/Src/main.o
 .debug_macro   0x000000000002a071       0x66 ./Core/Src/main.o
 .debug_macro   0x000000000002a0d7      0x3c9 ./Core/Src/main.o
 .debug_macro   0x000000000002a4a0      0x3eb ./Core/Src/main.o
 .debug_macro   0x000000000002a88b      0x275 ./Core/Src/main.o
 .debug_macro   0x000000000002ab00     0x1021 ./Core/Src/main.o
 .debug_macro   0x000000000002bb21      0x6be ./Core/Src/main.o
 .debug_macro   0x000000000002c1df      0x34b ./Core/Src/main.o
 .debug_macro   0x000000000002c52a      0x6c8 ./Core/Src/main.o
 .debug_macro   0x000000000002cbf2      0x520 ./Core/Src/main.o
 .debug_macro   0x000000000002d112       0x58 ./Core/Src/main.o
 .debug_macro   0x000000000002d16a       0x4a ./Core/Src/main.o
 .debug_macro   0x000000000002d1b4      0x22c ./Core/Src/main.o
 .debug_macro   0x000000000002d3e0       0x67 ./Core/Src/main.o
 .debug_macro   0x000000000002d447       0xa5 ./Core/Src/main.o
 .debug_macro   0x000000000002d4ec      0x1bd ./Core/Src/main.o
 .debug_macro   0x000000000002d6a9      0x2dc ./Core/Src/main.o
 .debug_macro   0x000000000002d985       0x35 ./Core/Src/main.o
 .debug_macro   0x000000000002d9ba      0xb16 ./Core/Src/main.o
 .debug_macro   0x000000000002e4d0      0x29f ./Core/Src/main.o
 .debug_macro   0x000000000002e76f      0x67e ./Core/Src/main.o
 .debug_macro   0x000000000002eded       0xa6 ./Core/Src/main.o
 .debug_macro   0x000000000002ee93      0x5be ./Core/Src/main.o
 .debug_macro   0x000000000002f451      0x124 ./Core/Src/main.o
 .debug_macro   0x000000000002f575       0x52 ./Core/Src/main.o
 .debug_macro   0x000000000002f5c7       0x22 ./Core/Src/main.o
 .debug_macro   0x000000000002f5e9       0x1c ./Core/Src/main.o
 .debug_macro   0x000000000002f605       0x35 ./Core/Src/main.o
 .debug_macro   0x000000000002f63a       0x10 ./Core/Src/main.o
 .debug_macro   0x000000000002f64a       0x10 ./Core/Src/main.o
 .debug_macro   0x000000000002f65a       0x1c ./Core/Src/main.o
 .debug_macro   0x000000000002f676       0x52 ./Core/Src/main.o
 .debug_macro   0x000000000002f6c8       0x22 ./Core/Src/main.o
 .debug_macro   0x000000000002f6ea       0x10 ./Core/Src/main.o
 .debug_macro   0x000000000002f6fa       0x52 ./Core/Src/main.o
 .debug_macro   0x000000000002f74c       0xd5 ./Core/Src/main.o
 .debug_macro   0x000000000002f821       0x1c ./Core/Src/main.o
 .debug_macro   0x000000000002f83d       0x3d ./Core/Src/main.o
 .debug_macro   0x000000000002f87a       0x16 ./Core/Src/main.o
 .debug_macro   0x000000000002f890      0x145 ./Core/Src/main.o
 .debug_macro   0x000000000002f9d5       0x16 ./Core/Src/main.o
 .debug_macro   0x000000000002f9eb       0x20 ./Core/Src/main.o
 .debug_macro   0x000000000002fa0b      0x2da ./Core/Src/stm32h7xx_hal_msp.o
 .debug_macro   0x000000000002fce5      0x2e4 ./Core/Src/stm32h7xx_it.o
 .debug_macro   0x000000000002ffc9      0x2cb ./Core/Src/system_stm32h7xx.o
 .debug_macro   0x0000000000030294      0x2f5 ./Drivers/STM32H7xx_HAL_Driver/Src/stm32h7xx_hal.o
 .debug_macro   0x0000000000030589      0x2ef ./Drivers/STM32H7xx_HAL_Driver/Src/stm32h7xx_hal_adc.o
 .debug_macro   0x0000000000030878      0x2d7 ./Drivers/STM32H7xx_HAL_Driver/Src/stm32h7xx_hal_adc_ex.o
 .debug_macro   0x0000000000030b4f      0x2cb ./Drivers/STM32H7xx_HAL_Driver/Src/stm32h7xx_hal_cortex.o
 .debug_macro   0x0000000000030e1a      0x2d2 ./Drivers/STM32H7xx_HAL_Driver/Src/stm32h7xx_hal_gpio.o
 .debug_macro   0x00000000000310ec      0x304 ./Drivers/STM32H7xx_HAL_Driver/Src/stm32h7xx_hal_pwr_ex.o
 .debug_macro   0x00000000000313f0      0x2ef ./Drivers/STM32H7xx_HAL_Driver/Src/stm32h7xx_hal_rcc.o
 .debug_macro   0x00000000000316df      0x2e9 ./Drivers/STM32H7xx_HAL_Driver/Src/stm32h7xx_hal_rcc_ex.o
 .debug_macro   0x00000000000319c8      0x2cc ./Drivers/STM32H7xx_HAL_Driver/Src/stm32h7xx_hal_tim.o
 .debug_macro   0x0000000000031c94      0x2d1 ./Drivers/STM32H7xx_HAL_Driver/Src/stm32h7xx_hal_tim_ex.o
 .debug_macro   0x0000000000031f65      0x2f6 ./Drivers/STM32H7xx_HAL_Driver/Src/stm32h7xx_hal_uart.o
 .debug_macro   0x000000000003225b      0x2d7 ./Drivers/STM32H7xx_HAL_Driver/Src/stm32h7xx_hal_uart_ex.o
 .debug_macro   0x0000000000032532      0x2e8 ./ECUAL/STEPPER/STEPPER.o
 .debug_macro   0x000000000003281a      0x2da ./ECUAL/STEPPER/STEPPER_cfg.o
 .debug_macro   0x0000000000032af4       0x4c ./ECUAL/STEPPER/STEPPER_cfg.o

.debug_line     0x0000000000000000    0x18ced
 .debug_line    0x0000000000000000      0xea3 ./Core/Src/main.o
 .debug_line    0x0000000000000ea3      0x95a ./Core/Src/stm32h7xx_hal_msp.o
 .debug_line    0x00000000000017fd      0x90f ./Core/Src/stm32h7xx_it.o
 .debug_line    0x000000000000210c      0x9d9 ./Core/Src/system_stm32h7xx.o
 .debug_line    0x0000000000002ae5       0x89 ./Core/Startup/startup_stm32h7a3zitxq.o
 .debug_line    0x0000000000002b6e      0xdef ./Drivers/STM32H7xx_HAL_Driver/Src/stm32h7xx_hal.o
 .debug_line    0x000000000000395d     0x2034 ./Drivers/STM32H7xx_HAL_Driver/Src/stm32h7xx_hal_adc.o
 .debug_line    0x0000000000005991     0x1d01 ./Drivers/STM32H7xx_HAL_Driver/Src/stm32h7xx_hal_adc_ex.o
 .debug_line    0x0000000000007692      0xde8 ./Drivers/STM32H7xx_HAL_Driver/Src/stm32h7xx_hal_cortex.o
 .debug_line    0x000000000000847a      0xca5 ./Drivers/STM32H7xx_HAL_Driver/Src/stm32h7xx_hal_gpio.o
 .debug_line    0x000000000000911f      0xf70 ./Drivers/STM32H7xx_HAL_Driver/Src/stm32h7xx_hal_pwr_ex.o
 .debug_line    0x000000000000a08f     0x12ef ./Drivers/STM32H7xx_HAL_Driver/Src/stm32h7xx_hal_rcc.o
 .debug_line    0x000000000000b37e     0x1a29 ./Drivers/STM32H7xx_HAL_Driver/Src/stm32h7xx_hal_rcc_ex.o
 .debug_line    0x000000000000cda7     0x3eaf ./Drivers/STM32H7xx_HAL_Driver/Src/stm32h7xx_hal_tim.o
 .debug_line    0x0000000000010c56     0x1e8c ./Drivers/STM32H7xx_HAL_Driver/Src/stm32h7xx_hal_tim_ex.o
 .debug_line    0x0000000000012ae2     0x3eac ./Drivers/STM32H7xx_HAL_Driver/Src/stm32h7xx_hal_uart.o
 .debug_line    0x000000000001698e      0xec0 ./Drivers/STM32H7xx_HAL_Driver/Src/stm32h7xx_hal_uart_ex.o
 .debug_line    0x000000000001784e      0xc81 ./ECUAL/STEPPER/STEPPER.o
 .debug_line    0x00000000000184cf      0x81e ./ECUAL/STEPPER/STEPPER_cfg.o

.debug_str      0x0000000000000000   0x153ce0
 .debug_str     0x0000000000000000   0x14dbbd ./Core/Src/main.o
                                     0x14e436 (size before relaxing)
 .debug_str     0x000000000014dbbd      0xacc ./Core/Src/stm32h7xx_hal_msp.o
                                     0x14d90e (size before relaxing)
 .debug_str     0x000000000014e689       0xed ./Core/Src/stm32h7xx_it.o
                                     0x14c5ed (size before relaxing)
 .debug_str     0x000000000014e776      0x30e ./Core/Src/system_stm32h7xx.o
                                     0x14bf14 (size before relaxing)
 .debug_str     0x000000000014ea84       0x37 ./Core/Startup/startup_stm32h7a3zitxq.o
                                         0x78 (size before relaxing)
 .debug_str     0x000000000014eabb      0x7ed ./Drivers/STM32H7xx_HAL_Driver/Src/stm32h7xx_hal.o
                                     0x14cde8 (size before relaxing)
 .debug_str     0x000000000014f2a8      0xaf1 ./Drivers/STM32H7xx_HAL_Driver/Src/stm32h7xx_hal_adc.o
                                     0x14cc5e (size before relaxing)
 .debug_str     0x000000000014fd99      0x7c4 ./Drivers/STM32H7xx_HAL_Driver/Src/stm32h7xx_hal_adc_ex.o
                                     0x14ccbe (size before relaxing)
 .debug_str     0x000000000015055d      0x326 ./Drivers/STM32H7xx_HAL_Driver/Src/stm32h7xx_hal_cortex.o
                                     0x14c7f8 (size before relaxing)
 .debug_str     0x0000000000150883       0xec ./Drivers/STM32H7xx_HAL_Driver/Src/stm32h7xx_hal_gpio.o
                                     0x14bec5 (size before relaxing)
 .debug_str     0x000000000015096f      0x738 ./Drivers/STM32H7xx_HAL_Driver/Src/stm32h7xx_hal_pwr_ex.o
                                     0x14c44a (size before relaxing)
 .debug_str     0x00000000001510a7      0x21a ./Drivers/STM32H7xx_HAL_Driver/Src/stm32h7xx_hal_rcc.o
                                     0x14c2ed (size before relaxing)
 .debug_str     0x00000000001512c1      0x608 ./Drivers/STM32H7xx_HAL_Driver/Src/stm32h7xx_hal_rcc_ex.o
                                     0x14c759 (size before relaxing)
 .debug_str     0x00000000001518c9      0xe3a ./Drivers/STM32H7xx_HAL_Driver/Src/stm32h7xx_hal_tim.o
                                     0x14d04a (size before relaxing)
 .debug_str     0x0000000000152703      0x67b ./Drivers/STM32H7xx_HAL_Driver/Src/stm32h7xx_hal_tim_ex.o
                                     0x14ca07 (size before relaxing)
 .debug_str     0x0000000000152d7e      0xa3d ./Drivers/STM32H7xx_HAL_Driver/Src/stm32h7xx_hal_uart.o
                                     0x14cdf5 (size before relaxing)
 .debug_str     0x00000000001537bb      0x24c ./Drivers/STM32H7xx_HAL_Driver/Src/stm32h7xx_hal_uart_ex.o
                                     0x14c37a (size before relaxing)
 .debug_str     0x0000000000153a07      0x2ba ./ECUAL/STEPPER/STEPPER.o
                                     0x14c838 (size before relaxing)
 .debug_str     0x0000000000153cc1       0x1f ./ECUAL/STEPPER/STEPPER_cfg.o
                                     0x14bb31 (size before relaxing)

.comment        0x0000000000000000       0x50
 .comment       0x0000000000000000       0x50 ./Core/Src/main.o
                                         0x51 (size before relaxing)
 .comment       0x0000000000000050       0x51 ./Core/Src/stm32h7xx_hal_msp.o
 .comment       0x0000000000000050       0x51 ./Core/Src/stm32h7xx_it.o
 .comment       0x0000000000000050       0x51 ./Core/Src/system_stm32h7xx.o
 .comment       0x0000000000000050       0x51 ./Drivers/STM32H7xx_HAL_Driver/Src/stm32h7xx_hal.o
 .comment       0x0000000000000050       0x51 ./Drivers/STM32H7xx_HAL_Driver/Src/stm32h7xx_hal_adc.o
 .comment       0x0000000000000050       0x51 ./Drivers/STM32H7xx_HAL_Driver/Src/stm32h7xx_hal_adc_ex.o
 .comment       0x0000000000000050       0x51 ./Drivers/STM32H7xx_HAL_Driver/Src/stm32h7xx_hal_cortex.o
 .comment       0x0000000000000050       0x51 ./Drivers/STM32H7xx_HAL_Driver/Src/stm32h7xx_hal_gpio.o
 .comment       0x0000000000000050       0x51 ./Drivers/STM32H7xx_HAL_Driver/Src/stm32h7xx_hal_pwr_ex.o
 .comment       0x0000000000000050       0x51 ./Drivers/STM32H7xx_HAL_Driver/Src/stm32h7xx_hal_rcc.o
 .comment       0x0000000000000050       0x51 ./Drivers/STM32H7xx_HAL_Driver/Src/stm32h7xx_hal_rcc_ex.o
 .comment       0x0000000000000050       0x51 ./Drivers/STM32H7xx_HAL_Driver/Src/stm32h7xx_hal_tim.o
 .comment       0x0000000000000050       0x51 ./Drivers/STM32H7xx_HAL_Driver/Src/stm32h7xx_hal_tim_ex.o
 .comment       0x0000000000000050       0x51 ./Drivers/STM32H7xx_HAL_Driver/Src/stm32h7xx_hal_uart.o
 .comment       0x0000000000000050       0x51 ./Drivers/STM32H7xx_HAL_Driver/Src/stm32h7xx_hal_uart_ex.o
 .comment       0x0000000000000050       0x51 ./ECUAL/STEPPER/STEPPER.o
 .comment       0x0000000000000050       0x51 ./ECUAL/STEPPER/STEPPER_cfg.o

.debug_frame    0x0000000000000000     0x58bc
 .debug_frame   0x0000000000000000      0x1fc ./Core/Src/main.o
 .debug_frame   0x00000000000001fc      0x118 ./Core/Src/stm32h7xx_hal_msp.o
 .debug_frame   0x0000000000000314      0x120 ./Core/Src/stm32h7xx_it.o
 .debug_frame   0x0000000000000434       0x58 ./Core/Src/system_stm32h7xx.o
 .debug_frame   0x000000000000048c      0x6a8 ./Drivers/STM32H7xx_HAL_Driver/Src/stm32h7xx_hal.o
 .debug_frame   0x0000000000000b34      0xa28 ./Drivers/STM32H7xx_HAL_Driver/Src/stm32h7xx_hal_adc.o
 .debug_frame   0x000000000000155c      0x88c ./Drivers/STM32H7xx_HAL_Driver/Src/stm32h7xx_hal_adc_ex.o
 .debug_frame   0x0000000000001de8      0x4b8 ./Drivers/STM32H7xx_HAL_Driver/Src/stm32h7xx_hal_cortex.o
 .debug_frame   0x00000000000022a0      0x14c ./Drivers/STM32H7xx_HAL_Driver/Src/stm32h7xx_hal_gpio.o
 .debug_frame   0x00000000000023ec      0x660 ./Drivers/STM32H7xx_HAL_Driver/Src/stm32h7xx_hal_pwr_ex.o
 .debug_frame   0x0000000000002a4c      0x1fc ./Drivers/STM32H7xx_HAL_Driver/Src/stm32h7xx_hal_rcc.o
 .debug_frame   0x0000000000002c48      0x3cc ./Drivers/STM32H7xx_HAL_Driver/Src/stm32h7xx_hal_rcc_ex.o
 .debug_frame   0x0000000000003014     0x121c ./Drivers/STM32H7xx_HAL_Driver/Src/stm32h7xx_hal_tim.o
 .debug_frame   0x0000000000004230      0x724 ./Drivers/STM32H7xx_HAL_Driver/Src/stm32h7xx_hal_tim_ex.o
 .debug_frame   0x0000000000004954      0xa94 ./Drivers/STM32H7xx_HAL_Driver/Src/stm32h7xx_hal_uart.o
 .debug_frame   0x00000000000053e8      0x29c ./Drivers/STM32H7xx_HAL_Driver/Src/stm32h7xx_hal_uart_ex.o
 .debug_frame   0x0000000000005684      0x18c ./ECUAL/STEPPER/STEPPER.o
 .debug_frame   0x0000000000005810       0x2c /opt/stm32cubeide/plugins/com.st.stm32cube.ide.mcu.externaltools.gnu-tools-for-stm32.10.3-2021.10.linux64_1.0.0.202111181127/tools/bin/../lib/gcc/arm-none-eabi/10.3.1/../../../../arm-none-eabi/lib/thumb/v7e-m+dp/hard/libc_nano.a(lib_a-init.o)
 .debug_frame   0x000000000000583c       0x20 /opt/stm32cubeide/plugins/com.st.stm32cube.ide.mcu.externaltools.gnu-tools-for-stm32.10.3-2021.10.linux64_1.0.0.202111181127/tools/bin/../lib/gcc/arm-none-eabi/10.3.1/../../../../arm-none-eabi/lib/thumb/v7e-m+dp/hard/libc_nano.a(lib_a-memset.o)
 .debug_frame   0x000000000000585c       0x2c /opt/stm32cubeide/plugins/com.st.stm32cube.ide.mcu.externaltools.gnu-tools-for-stm32.10.3-2021.10.linux64_1.0.0.202111181127/tools/bin/../lib/gcc/arm-none-eabi/10.3.1/thumb/v7e-m+dp/hard/libgcc.a(_aeabi_uldivmod.o)
 .debug_frame   0x0000000000005888       0x34 /opt/stm32cubeide/plugins/com.st.stm32cube.ide.mcu.externaltools.gnu-tools-for-stm32.10.3-2021.10.linux64_1.0.0.202111181127/tools/bin/../lib/gcc/arm-none-eabi/10.3.1/thumb/v7e-m+dp/hard/libgcc.a(_udivmoddi4.o)
