Archive member included to satisfy reference by file (symbol)

/usr/lib/gcc/arm-none-eabi/12.2.0/../../../../arm-none-eabi/lib/thumb/v7e-m+dp/hard/libc_nano.a(lib_a-atexit.o)
                              /usr/lib/gcc/arm-none-eabi/12.2.0/../../../../arm-none-eabi/lib/thumb/v7e-m+dp/hard/crt0.o (atexit)
/usr/lib/gcc/arm-none-eabi/12.2.0/../../../../arm-none-eabi/lib/thumb/v7e-m+dp/hard/libc_nano.a(lib_a-errno.o)
                              ./Core/Src/syscalls.o (__errno)
/usr/lib/gcc/arm-none-eabi/12.2.0/../../../../arm-none-eabi/lib/thumb/v7e-m+dp/hard/libc_nano.a(lib_a-exit.o)
                              /usr/lib/gcc/arm-none-eabi/12.2.0/../../../../arm-none-eabi/lib/thumb/v7e-m+dp/hard/crt0.o (exit)
/usr/lib/gcc/arm-none-eabi/12.2.0/../../../../arm-none-eabi/lib/thumb/v7e-m+dp/hard/libc_nano.a(lib_a-fini.o)
                              /usr/lib/gcc/arm-none-eabi/12.2.0/../../../../arm-none-eabi/lib/thumb/v7e-m+dp/hard/crt0.o (__libc_fini_array)
/usr/lib/gcc/arm-none-eabi/12.2.0/../../../../arm-none-eabi/lib/thumb/v7e-m+dp/hard/libc_nano.a(lib_a-impure.o)
                              /usr/lib/gcc/arm-none-eabi/12.2.0/../../../../arm-none-eabi/lib/thumb/v7e-m+dp/hard/libc_nano.a(lib_a-exit.o) (_global_impure_ptr)
/usr/lib/gcc/arm-none-eabi/12.2.0/../../../../arm-none-eabi/lib/thumb/v7e-m+dp/hard/libc_nano.a(lib_a-init.o)
                              /usr/lib/gcc/arm-none-eabi/12.2.0/../../../../arm-none-eabi/lib/thumb/v7e-m+dp/hard/crt0.o (__libc_init_array)
/usr/lib/gcc/arm-none-eabi/12.2.0/../../../../arm-none-eabi/lib/thumb/v7e-m+dp/hard/libc_nano.a(lib_a-memset.o)
                              /usr/lib/gcc/arm-none-eabi/12.2.0/../../../../arm-none-eabi/lib/thumb/v7e-m+dp/hard/crt0.o (memset)
/usr/lib/gcc/arm-none-eabi/12.2.0/../../../../arm-none-eabi/lib/thumb/v7e-m+dp/hard/libc_nano.a(lib_a-sprintf.o)
                              ./Core/Src/main.o (sprintf)
/usr/lib/gcc/arm-none-eabi/12.2.0/../../../../arm-none-eabi/lib/thumb/v7e-m+dp/hard/libc_nano.a(lib_a-__atexit.o)
                              /usr/lib/gcc/arm-none-eabi/12.2.0/../../../../arm-none-eabi/lib/thumb/v7e-m+dp/hard/libc_nano.a(lib_a-atexit.o) (__register_exitproc)
/usr/lib/gcc/arm-none-eabi/12.2.0/../../../../arm-none-eabi/lib/thumb/v7e-m+dp/hard/libc_nano.a(lib_a-__call_atexit.o)
                              /usr/lib/gcc/arm-none-eabi/12.2.0/../../../../arm-none-eabi/lib/thumb/v7e-m+dp/hard/libc_nano.a(lib_a-__atexit.o) (__call_exitprocs)
/usr/lib/gcc/arm-none-eabi/12.2.0/../../../../arm-none-eabi/lib/thumb/v7e-m+dp/hard/libc_nano.a(lib_a-lock.o)
                              /usr/lib/gcc/arm-none-eabi/12.2.0/../../../../arm-none-eabi/lib/thumb/v7e-m+dp/hard/libc_nano.a(lib_a-__atexit.o) (__retarget_lock_acquire_recursive)
/usr/lib/gcc/arm-none-eabi/12.2.0/../../../../arm-none-eabi/lib/thumb/v7e-m+dp/hard/libc_nano.a(lib_a-nano-svfprintf.o)
                              /usr/lib/gcc/arm-none-eabi/12.2.0/../../../../arm-none-eabi/lib/thumb/v7e-m+dp/hard/libc_nano.a(lib_a-sprintf.o) (_svfprintf_r)
/usr/lib/gcc/arm-none-eabi/12.2.0/../../../../arm-none-eabi/lib/thumb/v7e-m+dp/hard/libc_nano.a(lib_a-nano-vfprintf_i.o)
                              /usr/lib/gcc/arm-none-eabi/12.2.0/../../../../arm-none-eabi/lib/thumb/v7e-m+dp/hard/libc_nano.a(lib_a-nano-svfprintf.o) (_printf_i)
/usr/lib/gcc/arm-none-eabi/12.2.0/../../../../arm-none-eabi/lib/thumb/v7e-m+dp/hard/libc_nano.a(lib_a-memchr.o)
                              /usr/lib/gcc/arm-none-eabi/12.2.0/../../../../arm-none-eabi/lib/thumb/v7e-m+dp/hard/libc_nano.a(lib_a-nano-svfprintf.o) (memchr)
/usr/lib/gcc/arm-none-eabi/12.2.0/../../../../arm-none-eabi/lib/thumb/v7e-m+dp/hard/libc_nano.a(lib_a-memcpy-stub.o)
                              /usr/lib/gcc/arm-none-eabi/12.2.0/../../../../arm-none-eabi/lib/thumb/v7e-m+dp/hard/libc_nano.a(lib_a-nano-svfprintf.o) (memcpy)
/usr/lib/gcc/arm-none-eabi/12.2.0/../../../../arm-none-eabi/lib/thumb/v7e-m+dp/hard/libc_nano.a(lib_a-memmove.o)
                              /usr/lib/gcc/arm-none-eabi/12.2.0/../../../../arm-none-eabi/lib/thumb/v7e-m+dp/hard/libc_nano.a(lib_a-nano-svfprintf.o) (memmove)
/usr/lib/gcc/arm-none-eabi/12.2.0/../../../../arm-none-eabi/lib/thumb/v7e-m+dp/hard/libc_nano.a(lib_a-nano-freer.o)
                              /usr/lib/gcc/arm-none-eabi/12.2.0/../../../../arm-none-eabi/lib/thumb/v7e-m+dp/hard/libc_nano.a(lib_a-nano-svfprintf.o) (_free_r)
/usr/lib/gcc/arm-none-eabi/12.2.0/../../../../arm-none-eabi/lib/thumb/v7e-m+dp/hard/libc_nano.a(lib_a-nano-mallocr.o)
                              /usr/lib/gcc/arm-none-eabi/12.2.0/../../../../arm-none-eabi/lib/thumb/v7e-m+dp/hard/libc_nano.a(lib_a-nano-svfprintf.o) (_malloc_r)
/usr/lib/gcc/arm-none-eabi/12.2.0/../../../../arm-none-eabi/lib/thumb/v7e-m+dp/hard/libc_nano.a(lib_a-nano-reallocr.o)
                              /usr/lib/gcc/arm-none-eabi/12.2.0/../../../../arm-none-eabi/lib/thumb/v7e-m+dp/hard/libc_nano.a(lib_a-nano-svfprintf.o) (_realloc_r)
[...]
Memory Configuration

Name             Origin             Length             Attributes
ITCMRAM          0x0000000000000000 0x0000000000010000 xrw
FLASH            0x0000000008000000 0x0000000000200000 xr
DTCMRAM1         0x0000000020000000 0x0000000000010000 xrw
DTCMRAM2         0x0000000020010000 0x0000000000010000 xrw
RAM              0x0000000024000000 0x0000000000100000 xrw
RAM_CD           0x0000000030000000 0x0000000000020000 xrw
RAM_SRD          0x0000000038000000 0x0000000000008000 xrw
*default*        0x0000000000000000 0xffffffffffffffff

Linker script and memory map

LOAD /usr/lib/gcc/arm-none-eabi/12.2.0/thumb/v7e-m+dp/hard/crti.o
LOAD /usr/lib/gcc/arm-none-eabi/12.2.0/thumb/v7e-m+dp/hard/crtbegin.o
LOAD /usr/lib/gcc/arm-none-eabi/12.2.0/../../../../arm-none-eabi/lib/thumb/v7e-m+dp/hard/crt0.o
LOAD ./Core/Src/main.o
LOAD ./Core/Src/stm32h7xx_hal_msp.o
LOAD ./Core/Src/stm32h7xx_it.o
LOAD ./Core/Src/syscalls.o
LOAD ./Core/Src/sysmem.o
LOAD ./Core/Src/system_stm32h7xx.o
LOAD ./Core/Startup/startup_stm32h7a3zitxq.o
LOAD ./Drivers/STM32H7xx_HAL_Driver/Src/stm32h7xx_hal.o
LOAD ./Drivers/STM32H7xx_HAL_Driver/Src/stm32h7xx_hal_adc.o
LOAD ./Drivers/STM32H7xx_HAL_Driver/Src/stm32h7xx_hal_adc_ex.o
LOAD ./Drivers/STM32H7xx_HAL_Driver/Src/stm32h7xx_hal_cortex.o
LOAD ./Drivers/STM32H7xx_HAL_Driver/Src/stm32h7xx_hal_dma.o
LOAD ./Drivers/STM32H7xx_HAL_Driver/Src/stm32h7xx_hal_dma_ex.o
LOAD ./Drivers/STM32H7xx_HAL_Driver/Src/stm32h7xx_hal_exti.o
LOAD ./Drivers/STM32H7xx_HAL_Driver/Src/stm32h7xx_hal_flash.o
LOAD ./Drivers/STM32H7xx_HAL_Driver/Src/stm32h7xx_hal_flash_ex.o
LOAD ./Drivers/STM32H7xx_HAL_Driver/Src/stm32h7xx_hal_gpio.o
LOAD ./Drivers/STM32H7xx_HAL_Driver/Src/stm32h7xx_hal_hsem.o
LOAD ./Drivers/STM32H7xx_HAL_Driver/Src/stm32h7xx_hal_i2c.o
LOAD ./Drivers/STM32H7xx_HAL_Driver/Src/stm32h7xx_hal_i2c_ex.o
LOAD ./Drivers/STM32H7xx_HAL_Driver/Src/stm32h7xx_hal_mdma.o
LOAD ./Drivers/STM32H7xx_HAL_Driver/Src/stm32h7xx_hal_pwr.o
LOAD ./Drivers/STM32H7xx_HAL_Driver/Src/stm32h7xx_hal_pwr_ex.o
LOAD ./Drivers/STM32H7xx_HAL_Driver/Src/stm32h7xx_hal_rcc.o
LOAD ./Drivers/STM32H7xx_HAL_Driver/Src/stm32h7xx_hal_rcc_ex.o
LOAD ./Drivers/STM32H7xx_HAL_Driver/Src/stm32h7xx_hal_tim.o
LOAD ./Drivers/STM32H7xx_HAL_Driver/Src/stm32h7xx_hal_tim_ex.o
LOAD ./Drivers/STM32H7xx_HAL_Driver/Src/stm32h7xx_hal_uart.o
LOAD ./Drivers/STM32H7xx_HAL_Driver/Src/stm32h7xx_hal_uart_ex.o
LOAD ./ECUAL/STEPPER/STEPPER.o
LOAD ./ECUAL/STEPPER/STEPPER_cfg.o
LOAD ./util/DWT_Delay.o
START GROUP
LOAD /usr/lib/gcc/arm-none-eabi/12.2.0/../../../../arm-none-eabi/lib/thumb/v7e-m+dp/hard/libc_nano.a
LOAD /usr/lib/gcc/arm-none-eabi/12.2.0/../../../../arm-none-eabi/lib/thumb/v7e-m+dp/hard/libm.a
END GROUP
START GROUP
LOAD /usr/lib/gcc/arm-none-eabi/12.2.0/thumb/v7e-m+dp/hard/libgcc.a
LOAD /usr/lib/gcc/arm-none-eabi/12.2.0/../../../../arm-none-eabi/lib/thumb/v7e-m+dp/hard/libc_nano.a
END GROUP
START GROUP
LOAD /usr/lib/gcc/arm-none-eabi/12.2.0/thumb/v7e-m+dp/hard/libgcc.a
LOAD /usr/lib/gcc/arm-none-eabi/12.2.0/../../../../arm-none-eabi/lib/thumb/v7e-m+dp/hard/libc_nano.a
LOAD /usr/lib/gcc/arm-none-eabi/12.2.0/../../../../arm-none-eabi/lib/thumb/v7e-m+dp/hard/libnosys.a
END GROUP
START GROUP
LOAD /usr/lib/gcc/arm-none-eabi/12.2.0/thumb/v7e-m+dp/hard/libgcc.a
LOAD /usr/lib/gcc/arm-none-eabi/12.2.0/../../../../arm-none-eabi/lib/thumb/v7e-m+dp/hard/libc_nano.a
LOAD /usr/lib/gcc/arm-none-eabi/12.2.0/../../../../arm-none-eabi/lib/thumb/v7e-m+dp/hard/libnosys.a
END GROUP
LOAD /usr/lib/gcc/arm-none-eabi/12.2.0/thumb/v7e-m+dp/hard/crtend.o
LOAD /usr/lib/gcc/arm-none-eabi/12.2.0/thumb/v7e-m+dp/hard/crtn.o
                0x0000000024100000                _estack = (ORIGIN (RAM) + LENGTH (RAM))
                0x0000000000000200                _Min_Heap_Size = 0x200
                0x0000000000000400                _Min_Stack_Size = 0x400

.isr_vector     0x0000000008000000      0x2ac
                0x0000000008000000                . = ALIGN (0x4)
 *(.isr_vector)
 .isr_vector    0x0000000008000000      0x2ac ./Core/Startup/startup_stm32h7a3zitxq.o
                0x0000000008000000                g_pfnVectors
                0x00000000080002ac                . = ALIGN (0x4)

.text           0x00000000080002b0     0x9050
                0x00000000080002b0                . = ALIGN (0x4)
 *(.text)
 .text          0x00000000080002b0       0xa0 /usr/lib/gcc/arm-none-eabi/12.2.0/../../../../arm-none-eabi/lib/thumb/v7e-m+dp/hard/libc_nano.a(lib_a-memchr.o)
                0x00000000080002b0                memchr
 .text          0x0000000008000350       0x30 /usr/lib/gcc/arm-none-eabi/12.2.0/thumb/v7e-m+dp/hard/libgcc.a(_aeabi_uldivmod.o)
                0x0000000008000350                __aeabi_uldivmod
 .text          0x0000000008000380        0x4 /usr/lib/gcc/arm-none-eabi/12.2.0/thumb/v7e-m+dp/hard/libgcc.a(_dvmd_tls.o)
                0x0000000008000380                __aeabi_ldiv0
                0x0000000008000380                __aeabi_idiv0
 *(.text*)
 .text.__do_global_dtors_aux
                0x0000000008000384       0x24 /usr/lib/gcc/arm-none-eabi/12.2.0/thumb/v7e-m+dp/hard/crtbegin.o
 .text.frame_dummy
                0x00000000080003a8       0x1c /usr/lib/gcc/arm-none-eabi/12.2.0/thumb/v7e-m+dp/hard/crtbegin.o
 .text.main     0x00000000080003c4      0x198 ./Core/Src/main.o
                0x00000000080003c4                main
 .text.SystemClock_Config
                0x000000000800055c       0xfc ./Core/Src/main.o
                0x000000000800055c                SystemClock_Config
 .text.MX_ADC1_Init
                0x0000000008000658       0xf0 ./Core/Src/main.o
 .text.MX_TIM16_Init
                0x0000000008000748       0x50 ./Core/Src/main.o
 .text.MX_TIM17_Init
                0x0000000008000798       0x4c ./Core/Src/main.o
 .text.MX_USART3_UART_Init
                0x00000000080007e4       0x98 ./Core/Src/main.o
 .text.MX_USB_OTG_HS_USB_Init
                0x000000000800087c        0xe ./Core/Src/main.o
 *fill*         0x000000000800088a        0x2 
 .text.MX_GPIO_Init
                0x000000000800088c      0x288 ./Core/Src/main.o
 .text.HAL_TIM_PeriodElapsedCallback
                0x0000000008000b14       0x16 ./Core/Src/main.o
                0x0000000008000b14                HAL_TIM_PeriodElapsedCallback
 *fill*         0x0000000008000b2a        0x2 
 .text.measure  0x0000000008000b2c      0x108 ./Core/Src/main.o
                0x0000000008000b2c                measure
 .text.analyse  0x0000000008000c34      0x178 ./Core/Src/main.o
                0x0000000008000c34                analyse
 .text.Error_Handler
                0x0000000008000dac        0xc ./Core/Src/main.o
                0x0000000008000dac                Error_Handler
 .text.HAL_MspInit
                0x0000000008000db8       0x34 ./Core/Src/stm32h7xx_hal_msp.o
                0x0000000008000db8                HAL_MspInit
 .text.HAL_ADC_MspInit
                0x0000000008000dec       0xe0 ./Core/Src/stm32h7xx_hal_msp.o
                0x0000000008000dec                HAL_ADC_MspInit
 .text.HAL_TIM_Base_MspInit
                0x0000000008000ecc       0x80 ./Core/Src/stm32h7xx_hal_msp.o
                0x0000000008000ecc                HAL_TIM_Base_MspInit
 .text.HAL_UART_MspInit
                0x0000000008000f4c       0xcc ./Core/Src/stm32h7xx_hal_msp.o
                0x0000000008000f4c                HAL_UART_MspInit
 .text.NMI_Handler
                0x0000000008001018        0x8 ./Core/Src/stm32h7xx_it.o
                0x0000000008001018                NMI_Handler
 .text.HardFault_Handler
                0x0000000008001020        0x8 ./Core/Src/stm32h7xx_it.o
                0x0000000008001020                HardFault_Handler
 .text.MemManage_Handler
                0x0000000008001028        0x8 ./Core/Src/stm32h7xx_it.o
                0x0000000008001028                MemManage_Handler
 .text.BusFault_Handler
                0x0000000008001030        0x8 ./Core/Src/stm32h7xx_it.o
                0x0000000008001030                BusFault_Handler
 .text.UsageFault_Handler
                0x0000000008001038        0x8 ./Core/Src/stm32h7xx_it.o
                0x0000000008001038                UsageFault_Handler
 .text.SVC_Handler
                0x0000000008001040        0xe ./Core/Src/stm32h7xx_it.o
                0x0000000008001040                SVC_Handler
 .text.DebugMon_Handler
                0x000000000800104e        0xe ./Core/Src/stm32h7xx_it.o
                0x000000000800104e                DebugMon_Handler
 .text.PendSV_Handler
                0x000000000800105c        0xe ./Core/Src/stm32h7xx_it.o
                0x000000000800105c                PendSV_Handler
 .text.SysTick_Handler
                0x000000000800106a        0xc ./Core/Src/stm32h7xx_it.o
                0x000000000800106a                SysTick_Handler
 *fill*         0x0000000008001076        0x2 
 .text.TIM17_IRQHandler
                0x0000000008001078       0x14 ./Core/Src/stm32h7xx_it.o
                0x0000000008001078                TIM17_IRQHandler
 .text._sbrk    0x000000000800108c       0x6c ./Core/Src/sysmem.o
                0x000000000800108c                _sbrk
 .text.SystemInit
                0x00000000080010f8       0xf0 ./Core/Src/system_stm32h7xx.o
                0x00000000080010f8                SystemInit
 .text.Reset_Handler
                0x00000000080011e8       0x50 ./Core/Startup/startup_stm32h7a3zitxq.o
                0x00000000080011e8                Reset_Handler
 .text.Default_Handler
                0x0000000008001238        0x2 ./Core/Startup/startup_stm32h7a3zitxq.o
                0x0000000008001238                RTC_Alarm_IRQHandler
                0x0000000008001238                EXTI2_IRQHandler
                0x0000000008001238                TIM8_CC_IRQHandler
                0x0000000008001238                UART8_IRQHandler
                0x0000000008001238                BDMA2_Channel1_IRQHandler
                0x0000000008001238                SPI4_IRQHandler
                0x0000000008001238                BDMA2_Channel0_IRQHandler
                0x0000000008001238                TIM1_CC_IRQHandler
                0x0000000008001238                DMA2_Stream5_IRQHandler
                0x0000000008001238                JPEG_IRQHandler
                0x0000000008001238                DMA1_Stream5_IRQHandler
                0x0000000008001238                EXTI3_IRQHandler
                0x0000000008001238                LPTIM4_IRQHandler
                0x0000000008001238                TIM8_TRG_COM_TIM14_IRQHandler
                0x0000000008001238                LPTIM2_IRQHandler
                0x0000000008001238                DFSDM1_FLT1_IRQHandler
                0x0000000008001238                DMAMUX2_OVR_IRQHandler
                0x0000000008001238                GFXMMU_IRQHandler
                0x0000000008001238                TIM8_UP_TIM13_IRQHandler
                0x0000000008001238                I2C3_ER_IRQHandler
                0x0000000008001238                DFSDM1_FLT2_IRQHandler
                0x0000000008001238                USART10_IRQHandler
                0x0000000008001238                MDMA_IRQHandler
                0x0000000008001238                LPTIM3_IRQHandler
                0x0000000008001238                BDMA2_Channel3_IRQHandler
                0x0000000008001238                HSEM1_IRQHandler
                0x0000000008001238                EXTI0_IRQHandler
                0x0000000008001238                I2C2_EV_IRQHandler
                0x0000000008001238                DAC2_IRQHandler
                0x0000000008001238                DMA1_Stream2_IRQHandler
                0x0000000008001238                FPU_IRQHandler
                0x0000000008001238                OTG_HS_WKUP_IRQHandler
                0x0000000008001238                FDCAN1_IT1_IRQHandler
                0x0000000008001238                LTDC_ER_IRQHandler
                0x0000000008001238                DMA2_Stream2_IRQHandler
                0x0000000008001238                SPI1_IRQHandler
                0x0000000008001238                OCTOSPI1_IRQHandler
                0x0000000008001238                TIM6_DAC_IRQHandler
                0x0000000008001238                BDMA2_Channel6_IRQHandler
                0x0000000008001238                DMA2_Stream3_IRQHandler
                0x0000000008001238                OCTOSPI2_IRQHandler
                0x0000000008001238                SAI2_IRQHandler
                0x0000000008001238                BDMA1_IRQHandler
                0x0000000008001238                DFSDM1_FLT3_IRQHandler
                0x0000000008001238                USART6_IRQHandler
                0x0000000008001238                USART3_IRQHandler
                0x0000000008001238                LPTIM5_IRQHandler
                0x0000000008001238                UART5_IRQHandler
                0x0000000008001238                DMA2_Stream0_IRQHandler
                0x0000000008001238                TIM4_IRQHandler
                0x0000000008001238                I2C1_EV_IRQHandler
                0x0000000008001238                DMA1_Stream6_IRQHandler
                0x0000000008001238                DMAMUX1_OVR_IRQHandler
                0x0000000008001238                DMA1_Stream1_IRQHandler
                0x0000000008001238                TIM16_IRQHandler
                0x0000000008001238                UART4_IRQHandler
                0x0000000008001238                TIM3_IRQHandler
                0x0000000008001238                RCC_IRQHandler
                0x0000000008001238                UART9_IRQHandler
                0x0000000008001238                TIM8_BRK_TIM12_IRQHandler
                0x0000000008001238                TIM1_TRG_COM_IRQHandler
                0x0000000008001238                Default_Handler
                0x0000000008001238                ECC_IRQHandler
                0x0000000008001238                BDMA2_Channel2_IRQHandler
                0x0000000008001238                CEC_IRQHandler
                0x0000000008001238                EXTI15_10_IRQHandler
                0x0000000008001238                DFSDM1_FLT4_IRQHandler
                0x0000000008001238                ADC_IRQHandler
                0x0000000008001238                DMA1_Stream7_IRQHandler
                0x0000000008001238                SPI5_IRQHandler
                0x0000000008001238                TIM7_IRQHandler
                0x0000000008001238                SDMMC1_IRQHandler
                0x0000000008001238                TIM5_IRQHandler
                0x0000000008001238                DMA2_Stream7_IRQHandler
                0x0000000008001238                TIM15_IRQHandler
                0x0000000008001238                I2C3_EV_IRQHandler
                0x0000000008001238                DFSDM2_IRQHandler
                0x0000000008001238                EXTI9_5_IRQHandler
                0x0000000008001238                RTC_WKUP_IRQHandler
                0x0000000008001238                LTDC_IRQHandler
                0x0000000008001238                SPDIF_RX_IRQHandler
                0x0000000008001238                PVD_PVM_IRQHandler
                0x0000000008001238                SPI2_IRQHandler
                0x0000000008001238                OTG_HS_EP1_IN_IRQHandler
                0x0000000008001238                DFSDM1_FLT5_IRQHandler
                0x0000000008001238                DMA1_Stream0_IRQHandler
                0x0000000008001238                CRS_IRQHandler
                0x0000000008001238                EXTI4_IRQHandler
                0x0000000008001238                DFSDM1_FLT6_IRQHandler
                0x0000000008001238                RNG_IRQHandler
                0x0000000008001238                FDCAN2_IT1_IRQHandler
                0x0000000008001238                COMP_IRQHandler
                0x0000000008001238                TIM1_UP_IRQHandler
                0x0000000008001238                OTG_HS_EP1_OUT_IRQHandler
                0x0000000008001238                WWDG_IRQHandler
                0x0000000008001238                SPI6_IRQHandler
                0x0000000008001238                MDIOS_IRQHandler
                0x0000000008001238                I2C4_EV_IRQHandler
                0x0000000008001238                FDCAN2_IT0_IRQHandler
                0x0000000008001238                LPUART1_IRQHandler
                0x0000000008001238                FDCAN1_IT0_IRQHandler
                0x0000000008001238                TIM2_IRQHandler
                0x0000000008001238                BDMA2_Channel5_IRQHandler
                0x0000000008001238                OTG_HS_IRQHandler
                0x0000000008001238                DMA2D_IRQHandler
                0x0000000008001238                TIM1_BRK_IRQHandler
                0x0000000008001238                EXTI1_IRQHandler
                0x0000000008001238                SDMMC2_IRQHandler
                0x0000000008001238                DTS_IRQHandler
                0x0000000008001238                UART7_IRQHandler
                0x0000000008001238                MDIOS_WKUP_IRQHandler
                0x0000000008001238                USART2_IRQHandler
                0x0000000008001238                DFSDM1_FLT0_IRQHandler
                0x0000000008001238                I2C2_ER_IRQHandler
                0x0000000008001238                DMA2_Stream1_IRQHandler
                0x0000000008001238                DFSDM1_FLT7_IRQHandler
                0x0000000008001238                FLASH_IRQHandler
                0x0000000008001238                DMA2_Stream4_IRQHandler
                0x0000000008001238                USART1_IRQHandler
                0x0000000008001238                SPI3_IRQHandler
                0x0000000008001238                WAKEUP_PIN_IRQHandler
                0x0000000008001238                DMA1_Stream4_IRQHandler
                0x0000000008001238                I2C1_ER_IRQHandler
                0x0000000008001238                FMC_IRQHandler
                0x0000000008001238                BDMA2_Channel7_IRQHandler
                0x0000000008001238                FDCAN_CAL_IRQHandler
                0x0000000008001238                SWPMI1_IRQHandler
                0x0000000008001238                LPTIM1_IRQHandler
                0x0000000008001238                DCMI_PSSI_IRQHandler
                0x0000000008001238                I2C4_ER_IRQHandler
                0x0000000008001238                DMA2_Stream6_IRQHandler
                0x0000000008001238                SAI1_IRQHandler
                0x0000000008001238                DMA1_Stream3_IRQHandler
                0x0000000008001238                RTC_TAMP_STAMP_CSS_LSE_IRQHandler
                0x0000000008001238                BDMA2_Channel4_IRQHandler
 *fill*         0x000000000800123a        0x2 
 .text.HAL_Init
                0x000000000800123c       0x78 ./Drivers/STM32H7xx_HAL_Driver/Src/stm32h7xx_hal.o
                0x000000000800123c                HAL_Init
 .text.HAL_InitTick
                0x00000000080012b4       0x6c ./Drivers/STM32H7xx_HAL_Driver/Src/stm32h7xx_hal.o
                0x00000000080012b4                HAL_InitTick
 .text.HAL_IncTick
                0x0000000008001320       0x28 ./Drivers/STM32H7xx_HAL_Driver/Src/stm32h7xx_hal.o
                0x0000000008001320                HAL_IncTick
 .text.HAL_GetTick
                0x0000000008001348       0x18 ./Drivers/STM32H7xx_HAL_Driver/Src/stm32h7xx_hal.o
                0x0000000008001348                HAL_GetTick
 .text.HAL_Delay
                0x0000000008001360       0x48 ./Drivers/STM32H7xx_HAL_Driver/Src/stm32h7xx_hal.o
                0x0000000008001360                HAL_Delay
 .text.LL_ADC_SetCommonClock
                0x00000000080013a8       0x26 ./Drivers/STM32H7xx_HAL_Driver/Src/stm32h7xx_hal_adc.o
 .text.LL_ADC_SetCommonPathInternalCh
                0x00000000080013ce       0x26 ./Drivers/STM32H7xx_HAL_Driver/Src/stm32h7xx_hal_adc.o
 .text.LL_ADC_GetCommonPathInternalCh
                0x00000000080013f4       0x1c ./Drivers/STM32H7xx_HAL_Driver/Src/stm32h7xx_hal_adc.o
 .text.LL_ADC_SetOffset
                0x0000000008001410       0x40 ./Drivers/STM32H7xx_HAL_Driver/Src/stm32h7xx_hal_adc.o
 .text.LL_ADC_SetDataRightShift
                0x0000000008001450       0x32 ./Drivers/STM32H7xx_HAL_Driver/Src/stm32h7xx_hal_adc.o
 .text.LL_ADC_SetOffsetSignedSaturation
                0x0000000008001482       0x36 ./Drivers/STM32H7xx_HAL_Driver/Src/stm32h7xx_hal_adc.o
 .text.LL_ADC_REG_IsTriggerSourceSWStart
                0x00000000080014b8       0x26 ./Drivers/STM32H7xx_HAL_Driver/Src/stm32h7xx_hal_adc.o
 .text.LL_ADC_REG_SetSequencerRanks
                0x00000000080014de       0x58 ./Drivers/STM32H7xx_HAL_Driver/Src/stm32h7xx_hal_adc.o
 .text.LL_ADC_SetChannelSamplingTime
                0x0000000008001536       0x56 ./Drivers/STM32H7xx_HAL_Driver/Src/stm32h7xx_hal_adc.o
 .text.LL_ADC_SetChannelSingleDiff
                0x000000000800158c       0x48 ./Drivers/STM32H7xx_HAL_Driver/Src/stm32h7xx_hal_adc.o
 .text.LL_ADC_GetMultimode
                0x00000000080015d4       0x1c ./Drivers/STM32H7xx_HAL_Driver/Src/stm32h7xx_hal_adc.o
 .text.LL_ADC_GetMultiDMATransfer
                0x00000000080015f0       0x1c ./Drivers/STM32H7xx_HAL_Driver/Src/stm32h7xx_hal_adc.o
 .text.LL_ADC_DisableDeepPowerDown
                0x000000000800160c       0x24 ./Drivers/STM32H7xx_HAL_Driver/Src/stm32h7xx_hal_adc.o
 .text.LL_ADC_IsDeepPowerDownEnabled
                0x0000000008001630       0x28 ./Drivers/STM32H7xx_HAL_Driver/Src/stm32h7xx_hal_adc.o
 .text.LL_ADC_EnableInternalRegulator
                0x0000000008001658       0x28 ./Drivers/STM32H7xx_HAL_Driver/Src/stm32h7xx_hal_adc.o
 .text.LL_ADC_IsInternalRegulatorEnabled
                0x0000000008001680       0x28 ./Drivers/STM32H7xx_HAL_Driver/Src/stm32h7xx_hal_adc.o
 .text.LL_ADC_Enable
                0x00000000080016a8       0x28 ./Drivers/STM32H7xx_HAL_Driver/Src/stm32h7xx_hal_adc.o
 .text.LL_ADC_IsEnabled
                0x00000000080016d0       0x26 ./Drivers/STM32H7xx_HAL_Driver/Src/stm32h7xx_hal_adc.o
 *fill*         0x00000000080016f6        0x2 
 .text.LL_ADC_REG_StartConversion
                0x00000000080016f8       0x28 ./Drivers/STM32H7xx_HAL_Driver/Src/stm32h7xx_hal_adc.o
 .text.LL_ADC_REG_IsConversionOngoing
                0x0000000008001720       0x26 ./Drivers/STM32H7xx_HAL_Driver/Src/stm32h7xx_hal_adc.o
 .text.LL_ADC_INJ_IsConversionOngoing
                0x0000000008001746       0x26 ./Drivers/STM32H7xx_HAL_Driver/Src/stm32h7xx_hal_adc.o
 .text.HAL_ADC_Init
                0x000000000800176c      0x2b4 ./Drivers/STM32H7xx_HAL_Driver/Src/stm32h7xx_hal_adc.o
                0x000000000800176c                HAL_ADC_Init
 .text.HAL_ADC_Start
                0x0000000008001a20      0x174 ./Drivers/STM32H7xx_HAL_Driver/Src/stm32h7xx_hal_adc.o
                0x0000000008001a20                HAL_ADC_Start
 .text.HAL_ADC_PollForConversion
                0x0000000008001b94      0x1b0 ./Drivers/STM32H7xx_HAL_Driver/Src/stm32h7xx_hal_adc.o
                0x0000000008001b94                HAL_ADC_PollForConversion
 .text.HAL_ADC_GetValue
                0x0000000008001d44       0x1a ./Drivers/STM32H7xx_HAL_Driver/Src/stm32h7xx_hal_adc.o
                0x0000000008001d44                HAL_ADC_GetValue
 *fill*         0x0000000008001d5e        0x2 
 .text.HAL_ADC_ConfigChannel
                0x0000000008001d60      0x5cc ./Drivers/STM32H7xx_HAL_Driver/Src/stm32h7xx_hal_adc.o
                0x0000000008001d60                HAL_ADC_ConfigChannel
 .text.ADC_Enable
                0x000000000800232c       0xf8 ./Drivers/STM32H7xx_HAL_Driver/Src/stm32h7xx_hal_adc.o
                0x000000000800232c                ADC_Enable
 .text.ADC_ConfigureBoostMode
                0x0000000008002424      0x198 ./Drivers/STM32H7xx_HAL_Driver/Src/stm32h7xx_hal_adc.o
                0x0000000008002424                ADC_ConfigureBoostMode
 .text.LL_ADC_IsEnabled
                0x00000000080025bc       0x26 ./Drivers/STM32H7xx_HAL_Driver/Src/stm32h7xx_hal_adc_ex.o
 .text.LL_ADC_REG_IsConversionOngoing
                0x00000000080025e2       0x26 ./Drivers/STM32H7xx_HAL_Driver/Src/stm32h7xx_hal_adc_ex.o
 .text.HAL_ADCEx_MultiModeConfigChannel
                0x0000000008002608      0x138 ./Drivers/STM32H7xx_HAL_Driver/Src/stm32h7xx_hal_adc_ex.o
                0x0000000008002608                HAL_ADCEx_MultiModeConfigChannel
 .text.__NVIC_SetPriorityGrouping
                0x0000000008002740       0x48 ./Drivers/STM32H7xx_HAL_Driver/Src/stm32h7xx_hal_cortex.o
 .text.__NVIC_GetPriorityGrouping
                0x0000000008002788       0x1c ./Drivers/STM32H7xx_HAL_Driver/Src/stm32h7xx_hal_cortex.o
 .text.__NVIC_EnableIRQ
                0x00000000080027a4       0x3c ./Drivers/STM32H7xx_HAL_Driver/Src/stm32h7xx_hal_cortex.o
 .text.__NVIC_SetPriority
                0x00000000080027e0       0x54 ./Drivers/STM32H7xx_HAL_Driver/Src/stm32h7xx_hal_cortex.o
 .text.NVIC_EncodePriority
                0x0000000008002834       0x66 ./Drivers/STM32H7xx_HAL_Driver/Src/stm32h7xx_hal_cortex.o
 *fill*         0x000000000800289a        0x2 
 .text.SysTick_Config
                0x000000000800289c       0x44 ./Drivers/STM32H7xx_HAL_Driver/Src/stm32h7xx_hal_cortex.o
 .text.HAL_NVIC_SetPriorityGrouping
                0x00000000080028e0       0x16 ./Drivers/STM32H7xx_HAL_Driver/Src/stm32h7xx_hal_cortex.o
                0x00000000080028e0                HAL_NVIC_SetPriorityGrouping
 .text.HAL_NVIC_SetPriority
                0x00000000080028f6       0x34 ./Drivers/STM32H7xx_HAL_Driver/Src/stm32h7xx_hal_cortex.o
                0x00000000080028f6                HAL_NVIC_SetPriority
 .text.HAL_NVIC_EnableIRQ
                0x000000000800292a       0x1c ./Drivers/STM32H7xx_HAL_Driver/Src/stm32h7xx_hal_cortex.o
                0x000000000800292a                HAL_NVIC_EnableIRQ
 .text.HAL_SYSTICK_Config
                0x0000000008002946       0x18 ./Drivers/STM32H7xx_HAL_Driver/Src/stm32h7xx_hal_cortex.o
                0x0000000008002946                HAL_SYSTICK_Config
 *fill*         0x000000000800295e        0x2 
 .text.HAL_GPIO_Init
                0x0000000008002960      0x360 ./Drivers/STM32H7xx_HAL_Driver/Src/stm32h7xx_hal_gpio.o
                0x0000000008002960                HAL_GPIO_Init
 .text.HAL_GPIO_WritePin
                0x0000000008002cc0       0x32 ./Drivers/STM32H7xx_HAL_Driver/Src/stm32h7xx_hal_gpio.o
                0x0000000008002cc0                HAL_GPIO_WritePin
 *fill*         0x0000000008002cf2        0x2 
 .text.HAL_PWREx_ConfigSupply
                0x0000000008002cf4       0xb4 ./Drivers/STM32H7xx_HAL_Driver/Src/stm32h7xx_hal_pwr_ex.o
                0x0000000008002cf4                HAL_PWREx_ConfigSupply
 .text.HAL_RCC_OscConfig
                0x0000000008002da8      0x808 ./Drivers/STM32H7xx_HAL_Driver/Src/stm32h7xx_hal_rcc.o
                0x0000000008002da8                HAL_RCC_OscConfig
 .text.HAL_RCC_ClockConfig
                0x00000000080035b0      0x36c ./Drivers/STM32H7xx_HAL_Driver/Src/stm32h7xx_hal_rcc.o
                0x00000000080035b0                HAL_RCC_ClockConfig
 .text.HAL_RCC_GetSysClockFreq
                0x000000000800391c      0x2f4 ./Drivers/STM32H7xx_HAL_Driver/Src/stm32h7xx_hal_rcc.o
                0x000000000800391c                HAL_RCC_GetSysClockFreq
 .text.HAL_RCC_GetHCLKFreq
                0x0000000008003c10       0x60 ./Drivers/STM32H7xx_HAL_Driver/Src/stm32h7xx_hal_rcc.o
                0x0000000008003c10                HAL_RCC_GetHCLKFreq
 .text.HAL_RCC_GetPCLK1Freq
                0x0000000008003c70       0x2c ./Drivers/STM32H7xx_HAL_Driver/Src/stm32h7xx_hal_rcc.o
                0x0000000008003c70                HAL_RCC_GetPCLK1Freq
 .text.HAL_RCC_GetPCLK2Freq
                0x0000000008003c9c       0x2c ./Drivers/STM32H7xx_HAL_Driver/Src/stm32h7xx_hal_rcc.o
                0x0000000008003c9c                HAL_RCC_GetPCLK2Freq
 .text.HAL_RCCEx_PeriphCLKConfig
                0x0000000008003cc8      0xe18 ./Drivers/STM32H7xx_HAL_Driver/Src/stm32h7xx_hal_rcc_ex.o
                0x0000000008003cc8                HAL_RCCEx_PeriphCLKConfig
 .text.HAL_RCCEx_GetPeriphCLKFreq
                0x0000000008004ae0      0x85c ./Drivers/STM32H7xx_HAL_Driver/Src/stm32h7xx_hal_rcc_ex.o
                0x0000000008004ae0                HAL_RCCEx_GetPeriphCLKFreq
 .text.HAL_RCCEx_GetD3PCLK1Freq
                0x000000000800533c       0x2c ./Drivers/STM32H7xx_HAL_Driver/Src/stm32h7xx_hal_rcc_ex.o
                0x000000000800533c                HAL_RCCEx_GetD3PCLK1Freq
 .text.HAL_RCCEx_GetPLL2ClockFreq
                0x0000000008005368      0x2a8 ./Drivers/STM32H7xx_HAL_Driver/Src/stm32h7xx_hal_rcc_ex.o
                0x0000000008005368                HAL_RCCEx_GetPLL2ClockFreq
 .text.HAL_RCCEx_GetPLL3ClockFreq
                0x0000000008005610      0x2a8 ./Drivers/STM32H7xx_HAL_Driver/Src/stm32h7xx_hal_rcc_ex.o
                0x0000000008005610                HAL_RCCEx_GetPLL3ClockFreq
 .text.HAL_RCCEx_GetPLL1ClockFreq
                0x00000000080058b8      0x2a4 ./Drivers/STM32H7xx_HAL_Driver/Src/stm32h7xx_hal_rcc_ex.o
                0x00000000080058b8                HAL_RCCEx_GetPLL1ClockFreq
 .text.RCCEx_PLL2_Config
                0x0000000008005b5c      0x164 ./Drivers/STM32H7xx_HAL_Driver/Src/stm32h7xx_hal_rcc_ex.o
 .text.RCCEx_PLL3_Config
                0x0000000008005cc0      0x164 ./Drivers/STM32H7xx_HAL_Driver/Src/stm32h7xx_hal_rcc_ex.o
 .text.HAL_TIM_Base_Init
                0x0000000008005e24       0xae ./Drivers/STM32H7xx_HAL_Driver/Src/stm32h7xx_hal_tim.o
                0x0000000008005e24                HAL_TIM_Base_Init
 *fill*         0x0000000008005ed2        0x2 
 .text.HAL_TIM_Base_Start
                0x0000000008005ed4       0xe0 ./Drivers/STM32H7xx_HAL_Driver/Src/stm32h7xx_hal_tim.o
                0x0000000008005ed4                HAL_TIM_Base_Start
 .text.HAL_TIM_Base_Start_IT
                0x0000000008005fb4       0xf0 ./Drivers/STM32H7xx_HAL_Driver/Src/stm32h7xx_hal_tim.o
                0x0000000008005fb4                HAL_TIM_Base_Start_IT
 .text.HAL_TIM_IRQHandler
                0x00000000080060a4      0x23e ./Drivers/STM32H7xx_HAL_Driver/Src/stm32h7xx_hal_tim.o
                0x00000000080060a4                HAL_TIM_IRQHandler
 *fill*         0x00000000080062e2        0x2 
 .text.HAL_TIM_ConfigClockSource
                0x00000000080062e4      0x1f0 ./Drivers/STM32H7xx_HAL_Driver/Src/stm32h7xx_hal_tim.o
                0x00000000080062e4                HAL_TIM_ConfigClockSource
 .text.HAL_TIM_OC_DelayElapsedCallback
                0x00000000080064d4       0x14 ./Drivers/STM32H7xx_HAL_Driver/Src/stm32h7xx_hal_tim.o
                0x00000000080064d4                HAL_TIM_OC_DelayElapsedCallback
 .text.HAL_TIM_IC_CaptureCallback
                0x00000000080064e8       0x14 ./Drivers/STM32H7xx_HAL_Driver/Src/stm32h7xx_hal_tim.o
                0x00000000080064e8                HAL_TIM_IC_CaptureCallback
 .text.HAL_TIM_PWM_PulseFinishedCallback
                0x00000000080064fc       0x14 ./Drivers/STM32H7xx_HAL_Driver/Src/stm32h7xx_hal_tim.o
                0x00000000080064fc                HAL_TIM_PWM_PulseFinishedCallback
 .text.HAL_TIM_TriggerCallback
                0x0000000008006510       0x14 ./Drivers/STM32H7xx_HAL_Driver/Src/stm32h7xx_hal_tim.o
                0x0000000008006510                HAL_TIM_TriggerCallback
 .text.TIM_Base_SetConfig
                0x0000000008006524      0x134 ./Drivers/STM32H7xx_HAL_Driver/Src/stm32h7xx_hal_tim.o
                0x0000000008006524                TIM_Base_SetConfig
 .text.TIM_TI1_ConfigInputStage
                0x0000000008006658       0x5e ./Drivers/STM32H7xx_HAL_Driver/Src/stm32h7xx_hal_tim.o
 .text.TIM_TI2_ConfigInputStage
                0x00000000080066b6       0x60 ./Drivers/STM32H7xx_HAL_Driver/Src/stm32h7xx_hal_tim.o
 *fill*         0x0000000008006716        0x2 
 .text.TIM_ITRx_SetConfig
                0x0000000008006718       0x3c ./Drivers/STM32H7xx_HAL_Driver/Src/stm32h7xx_hal_tim.o
 .text.TIM_ETR_SetConfig
                0x0000000008006754       0x40 ./Drivers/STM32H7xx_HAL_Driver/Src/stm32h7xx_hal_tim.o
                0x0000000008006754                TIM_ETR_SetConfig
 .text.HAL_TIMEx_MasterConfigSynchronization
                0x0000000008006794      0x11c ./Drivers/STM32H7xx_HAL_Driver/Src/stm32h7xx_hal_tim_ex.o
                0x0000000008006794                HAL_TIMEx_MasterConfigSynchronization
 .text.HAL_TIMEx_CommutCallback
                0x00000000080068b0       0x14 ./Drivers/STM32H7xx_HAL_Driver/Src/stm32h7xx_hal_tim_ex.o
                0x00000000080068b0                HAL_TIMEx_CommutCallback
 .text.HAL_TIMEx_BreakCallback
                0x00000000080068c4       0x14 ./Drivers/STM32H7xx_HAL_Driver/Src/stm32h7xx_hal_tim_ex.o
                0x00000000080068c4                HAL_TIMEx_BreakCallback
 .text.HAL_TIMEx_Break2Callback
                0x00000000080068d8       0x14 ./Drivers/STM32H7xx_HAL_Driver/Src/stm32h7xx_hal_tim_ex.o
                0x00000000080068d8                HAL_TIMEx_Break2Callback
 .text.HAL_UART_Init
                0x00000000080068ec       0xa0 ./Drivers/STM32H7xx_HAL_Driver/Src/stm32h7xx_hal_uart.o
                0x00000000080068ec                HAL_UART_Init
 .text.HAL_UART_Transmit
                0x000000000800698c      0x12c ./Drivers/STM32H7xx_HAL_Driver/Src/stm32h7xx_hal_uart.o
                0x000000000800698c                HAL_UART_Transmit
 .text.UART_SetConfig
                0x0000000008006ab8      0xcd8 ./Drivers/STM32H7xx_HAL_Driver/Src/stm32h7xx_hal_uart.o
                0x0000000008006ab8                UART_SetConfig
 .text.UART_AdvFeatureConfig
                0x0000000008007790      0x144 ./Drivers/STM32H7xx_HAL_Driver/Src/stm32h7xx_hal_uart.o
                0x0000000008007790                UART_AdvFeatureConfig
 .text.UART_CheckIdleState
                0x00000000080078d4       0x96 ./Drivers/STM32H7xx_HAL_Driver/Src/stm32h7xx_hal_uart.o
                0x00000000080078d4                UART_CheckIdleState
 .text.UART_WaitOnFlagUntilTimeout
                0x000000000800796a      0x190 ./Drivers/STM32H7xx_HAL_Driver/Src/stm32h7xx_hal_uart.o
                0x000000000800796a                UART_WaitOnFlagUntilTimeout
 .text.HAL_UARTEx_DisableFifoMode
                0x0000000008007afa       0x72 ./Drivers/STM32H7xx_HAL_Driver/Src/stm32h7xx_hal_uart_ex.o
                0x0000000008007afa                HAL_UARTEx_DisableFifoMode
 .text.HAL_UARTEx_SetTxFifoThreshold
                0x0000000008007b6c       0x7c ./Drivers/STM32H7xx_HAL_Driver/Src/stm32h7xx_hal_uart_ex.o
                0x0000000008007b6c                HAL_UARTEx_SetTxFifoThreshold
 .text.HAL_UARTEx_SetRxFifoThreshold
                0x0000000008007be8       0x7c ./Drivers/STM32H7xx_HAL_Driver/Src/stm32h7xx_hal_uart_ex.o
                0x0000000008007be8                HAL_UARTEx_SetRxFifoThreshold
 .text.UARTEx_SetNbDataToProcess
                0x0000000008007c64       0x9c ./Drivers/STM32H7xx_HAL_Driver/Src/stm32h7xx_hal_uart_ex.o
 .text.STEPPERS_Init
                0x0000000008007d00      0x274 ./ECUAL/STEPPER/STEPPER.o
                0x0000000008007d00                STEPPERS_Init
 .text.STEPPERS_Init_TMR
                0x0000000008007f74       0x94 ./ECUAL/STEPPER/STEPPER.o
                0x0000000008007f74                STEPPERS_Init_TMR
 .text.STEPPER_SetSpeed
                0x0000000008008008       0xb8 ./ECUAL/STEPPER/STEPPER.o
                0x0000000008008008                STEPPER_SetSpeed
 .text.STEPPER_One_Step
                0x00000000080080c0      0x4b4 ./ECUAL/STEPPER/STEPPER.o
 .text.STEPPER_Step_NonBlocking
                0x0000000008008574       0x58 ./ECUAL/STEPPER/STEPPER.o
                0x0000000008008574                STEPPER_Step_NonBlocking
 .text.STEPPER_TMR_OVF_ISR
                0x00000000080085cc       0xec ./ECUAL/STEPPER/STEPPER.o
                0x00000000080085cc                STEPPER_TMR_OVF_ISR
 .text.DWT_Delay_Init
                0x00000000080086b8       0x60 ./util/DWT_Delay.o
                0x00000000080086b8                DWT_Delay_Init
 .text.__errno  0x0000000008008718        0xc /usr/lib/gcc/arm-none-eabi/12.2.0/../../../../arm-none-eabi/lib/thumb/v7e-m+dp/hard/libc_nano.a(lib_a-errno.o)
                0x0000000008008718                __errno
 .text.__libc_init_array
                0x0000000008008724       0x48 /usr/lib/gcc/arm-none-eabi/12.2.0/../../../../arm-none-eabi/lib/thumb/v7e-m+dp/hard/libc_nano.a(lib_a-init.o)
                0x0000000008008724                __libc_init_array
 .text.memset   0x000000000800876c       0x10 /usr/lib/gcc/arm-none-eabi/12.2.0/../../../../arm-none-eabi/lib/thumb/v7e-m+dp/hard/libc_nano.a(lib_a-memset.o)
                0x000000000800876c                memset
 .text.sprintf  0x000000000800877c       0x40 /usr/lib/gcc/arm-none-eabi/12.2.0/../../../../arm-none-eabi/lib/thumb/v7e-m+dp/hard/libc_nano.a(lib_a-sprintf.o)
                0x000000000800877c                sprintf
                0x000000000800877c                siprintf
 .text.__retarget_lock_acquire_recursive
                0x00000000080087bc        0x2 /usr/lib/gcc/arm-none-eabi/12.2.0/../../../../arm-none-eabi/lib/thumb/v7e-m+dp/hard/libc_nano.a(lib_a-lock.o)
                0x00000000080087bc                __retarget_lock_acquire_recursive
 .text.__retarget_lock_release_recursive
                0x00000000080087be        0x2 /usr/lib/gcc/arm-none-eabi/12.2.0/../../../../arm-none-eabi/lib/thumb/v7e-m+dp/hard/libc_nano.a(lib_a-lock.o)
                0x00000000080087be                __retarget_lock_release_recursive
 .text.__ssputs_r
                0x00000000080087c0       0xb4 /usr/lib/gcc/arm-none-eabi/12.2.0/../../../../arm-none-eabi/lib/thumb/v7e-m+dp/hard/libc_nano.a(lib_a-nano-svfprintf.o)
                0x00000000080087c0                __ssputs_r
 .text._svfprintf_r
                0x0000000008008874      0x1fc /usr/lib/gcc/arm-none-eabi/12.2.0/../../../../arm-none-eabi/lib/thumb/v7e-m+dp/hard/libc_nano.a(lib_a-nano-svfprintf.o)
                0x0000000008008874                _svfprintf_r
                0x0000000008008874                _svfiprintf_r
 .text._printf_common
                0x0000000008008a70       0xda /usr/lib/gcc/arm-none-eabi/12.2.0/../../../../arm-none-eabi/lib/thumb/v7e-m+dp/hard/libc_nano.a(lib_a-nano-vfprintf_i.o)
                0x0000000008008a70                _printf_common
 *fill*         0x0000000008008b4a        0x2 
 .text._printf_i
                0x0000000008008b4c      0x244 /usr/lib/gcc/arm-none-eabi/12.2.0/../../../../arm-none-eabi/lib/thumb/v7e-m+dp/hard/libc_nano.a(lib_a-nano-vfprintf_i.o)
                0x0000000008008b4c                _printf_i
 .text.memcpy   0x0000000008008d90       0x1c /usr/lib/gcc/arm-none-eabi/12.2.0/../../../../arm-none-eabi/lib/thumb/v7e-m+dp/hard/libc_nano.a(lib_a-memcpy-stub.o)
                0x0000000008008d90                memcpy
 .text.memmove  0x0000000008008dac       0x34 /usr/lib/gcc/arm-none-eabi/12.2.0/../../../../arm-none-eabi/lib/thumb/v7e-m+dp/hard/libc_nano.a(lib_a-memmove.o)
                0x0000000008008dac                memmove
 .text._free_r  0x0000000008008de0       0x98 /usr/lib/gcc/arm-none-eabi/12.2.0/../../../../arm-none-eabi/lib/thumb/v7e-m+dp/hard/libc_nano.a(lib_a-nano-freer.o)
                0x0000000008008de0                _free_r
 .text.sbrk_aligned
                0x0000000008008e78       0x40 /usr/lib/gcc/arm-none-eabi/12.2.0/../../../../arm-none-eabi/lib/thumb/v7e-m+dp/hard/libc_nano.a(lib_a-nano-mallocr.o)
 .text._malloc_r
                0x0000000008008eb8       0xe8 /usr/lib/gcc/arm-none-eabi/12.2.0/../../../../arm-none-eabi/lib/thumb/v7e-m+dp/hard/libc_nano.a(lib_a-nano-mallocr.o)
                0x0000000008008eb8                _malloc_r
 .text._realloc_r
                0x0000000008008fa0       0x5e /usr/lib/gcc/arm-none-eabi/12.2.0/../../../../arm-none-eabi/lib/thumb/v7e-m+dp/hard/libc_nano.a(lib_a-nano-reallocr.o)
                0x0000000008008fa0                _realloc_r
 *fill*         0x0000000008008ffe        0x2 
 .text._sbrk_r  0x0000000008009000       0x20 /usr/lib/gcc/arm-none-eabi/12.2.0/../../../../arm-none-eabi/lib/thumb/v7e-m+dp/hard/libc_nano.a(lib_a-sbrkr.o)
                0x0000000008009000                _sbrk_r
 .text.__malloc_lock
                0x0000000008009020        0xc /usr/lib/gcc/arm-none-eabi/12.2.0/../../../../arm-none-eabi/lib/thumb/v7e-m+dp/hard/libc_nano.a(lib_a-mlock.o)
                0x0000000008009020                __malloc_lock
 .text.__malloc_unlock
                0x000000000800902c        0xc /usr/lib/gcc/arm-none-eabi/12.2.0/../../../../arm-none-eabi/lib/thumb/v7e-m+dp/hard/libc_nano.a(lib_a-mlock.o)
                0x000000000800902c                __malloc_unlock
 .text._malloc_usable_size_r
                0x0000000008009038       0x10 /usr/lib/gcc/arm-none-eabi/12.2.0/../../../../arm-none-eabi/lib/thumb/v7e-m+dp/hard/libc_nano.a(lib_a-nano-msizer.o)
                0x0000000008009038                _malloc_usable_size_r
 .text.__udivmoddi4
                0x0000000008009048      0x2a0 /usr/lib/gcc/arm-none-eabi/12.2.0/thumb/v7e-m+dp/hard/libgcc.a(_udivmoddi4.o)
                0x0000000008009048                __udivmoddi4
 *(.glue_7)
 .glue_7        0x00000000080092e8        0x0 linker stubs
 *(.glue_7t)
 .glue_7t       0x00000000080092e8        0x0 linker stubs
 *(.eh_frame)
 .eh_frame      0x00000000080092e8        0x0 /usr/lib/gcc/arm-none-eabi/12.2.0/thumb/v7e-m+dp/hard/crtbegin.o
 *(.init)
 .init          0x00000000080092e8        0x4 /usr/lib/gcc/arm-none-eabi/12.2.0/thumb/v7e-m+dp/hard/crti.o
                0x00000000080092e8                _init
 .init          0x00000000080092ec        0x8 /usr/lib/gcc/arm-none-eabi/12.2.0/thumb/v7e-m+dp/hard/crtn.o
 *(.fini)
 .fini          0x00000000080092f4        0x4 /usr/lib/gcc/arm-none-eabi/12.2.0/thumb/v7e-m+dp/hard/crti.o
                0x00000000080092f4                _fini
 .fini          0x00000000080092f8        0x8 /usr/lib/gcc/arm-none-eabi/12.2.0/thumb/v7e-m+dp/hard/crtn.o
                0x0000000008009300                . = ALIGN (0x4)
                0x0000000008009300                _etext = .

.vfp11_veneer   0x0000000008009300        0x0
 .vfp11_veneer  0x0000000008009300        0x0 linker stubs

.v4_bx          0x0000000008009300        0x0
 .v4_bx         0x0000000008009300        0x0 linker stubs

.iplt           0x0000000008009300        0x0
 .iplt          0x0000000008009300        0x0 /usr/lib/gcc/arm-none-eabi/12.2.0/thumb/v7e-m+dp/hard/crtbegin.o

.rodata         0x0000000008009300      0x104
                0x0000000008009300                . = ALIGN (0x4)
 *(.rodata)
 .rodata        0x0000000008009300       0x7a ./Core/Src/main.o
 *(.rodata*)
 *fill*         0x000000000800937a        0x2 
 .rodata.D1CorePrescTable
                0x000000000800937c       0x10 ./Core/Src/system_stm32h7xx.o
                0x000000000800937c                D1CorePrescTable
 .rodata.UARTPrescTable
                0x000000000800938c       0x18 ./Drivers/STM32H7xx_HAL_Driver/Src/stm32h7xx_hal_uart.o
                0x000000000800938c                UARTPrescTable
 .rodata.numerator.1
                0x00000000080093a4        0x8 ./Drivers/STM32H7xx_HAL_Driver/Src/stm32h7xx_hal_uart_ex.o
 .rodata.denominator.0
                0x00000000080093ac        0x8 ./Drivers/STM32H7xx_HAL_Driver/Src/stm32h7xx_hal_uart_ex.o
 .rodata.STEPPER_CfgParam
                0x00000000080093b4       0x1c ./ECUAL/STEPPER/STEPPER_cfg.o
                0x00000000080093b4                STEPPER_CfgParam
 .rodata._svfprintf_r.str1.1
                0x00000000080093d0       0x11 /usr/lib/gcc/arm-none-eabi/12.2.0/../../../../arm-none-eabi/lib/thumb/v7e-m+dp/hard/libc_nano.a(lib_a-nano-svfprintf.o)
 .rodata._printf_i.str1.1
                0x00000000080093e1       0x22 /usr/lib/gcc/arm-none-eabi/12.2.0/../../../../arm-none-eabi/lib/thumb/v7e-m+dp/hard/libc_nano.a(lib_a-nano-vfprintf_i.o)
                0x0000000008009404                . = ALIGN (0x4)
 *fill*         0x0000000008009403        0x1 

.ARM.extab
 *(.ARM.extab* .gnu.linkonce.armextab.*)

.ARM            0x0000000008009404        0x8
                0x0000000008009404                __exidx_start = .
 *(.ARM.exidx*)
 .ARM.exidx.text.__udivmoddi4
                0x0000000008009404        0x8 /usr/lib/gcc/arm-none-eabi/12.2.0/thumb/v7e-m+dp/hard/libgcc.a(_udivmoddi4.o)
                0x000000000800940c                __exidx_end = .

.rel.dyn        0x000000000800940c        0x0
 .rel.iplt      0x000000000800940c        0x0 /usr/lib/gcc/arm-none-eabi/12.2.0/thumb/v7e-m+dp/hard/crtbegin.o

.preinit_array  0x000000000800940c        0x0
                0x000000000800940c                PROVIDE (__preinit_array_start = .)
 *(.preinit_array*)
                0x000000000800940c                PROVIDE (__preinit_array_end = .)

.init_array     0x000000000800940c        0x4
                0x000000000800940c                PROVIDE (__init_array_start = .)
 *(SORT_BY_NAME(.init_array.*))
 *(.init_array*)
 .init_array    0x000000000800940c        0x4 /usr/lib/gcc/arm-none-eabi/12.2.0/thumb/v7e-m+dp/hard/crtbegin.o
                0x0000000008009410                PROVIDE (__init_array_end = .)

.fini_array     0x0000000008009410        0x4
                0x0000000008009410                PROVIDE (__fini_array_start = .)
 *(SORT_BY_NAME(.fini_array.*))
 *(.fini_array*)
 .fini_array    0x0000000008009410        0x4 /usr/lib/gcc/arm-none-eabi/12.2.0/thumb/v7e-m+dp/hard/crtbegin.o
                0x0000000008009414                PROVIDE (__fini_array_end = .)
                0x0000000008009414                _sidata = LOADADDR (.data)

.data           0x0000000024000000       0xb4 load address 0x0000000008009414
                0x0000000024000000                . = ALIGN (0x4)
                0x0000000024000000                _sdata = .
 *(.data)
 *(.data*)
 .data.SystemCoreClock
                0x0000000024000000        0x4 ./Core/Src/system_stm32h7xx.o
                0x0000000024000000                SystemCoreClock
 .data.SystemD2Clock
                0x0000000024000004        0x4 ./Core/Src/system_stm32h7xx.o
                0x0000000024000004                SystemD2Clock
 .data.uwTickPrio
                0x0000000024000008        0x4 ./Drivers/STM32H7xx_HAL_Driver/Src/stm32h7xx_hal.o
                0x0000000024000008                uwTickPrio
 .data.uwTickFreq
                0x000000002400000c        0x1 ./Drivers/STM32H7xx_HAL_Driver/Src/stm32h7xx_hal.o
                0x000000002400000c                uwTickFreq
 *fill*         0x000000002400000d        0x3 
 .data.UNIPOLAR_WD_PATTERN
                0x0000000024000010       0x10 ./ECUAL/STEPPER/STEPPER.o
 .data.UNIPOLAR_FS_PATTERN
                0x0000000024000020       0x10 ./ECUAL/STEPPER/STEPPER.o
 .data.UNIPOLAR_HS_PATTERN
                0x0000000024000030       0x20 ./ECUAL/STEPPER/STEPPER.o
 .data._impure_ptr
                0x0000000024000050        0x4 /usr/lib/gcc/arm-none-eabi/12.2.0/../../../../arm-none-eabi/lib/thumb/v7e-m+dp/hard/libc_nano.a(lib_a-impure.o)
                0x0000000024000050                _impure_ptr
 .data.impure_data
                0x0000000024000054       0x60 /usr/lib/gcc/arm-none-eabi/12.2.0/../../../../arm-none-eabi/lib/thumb/v7e-m+dp/hard/libc_nano.a(lib_a-impure.o)
 *(.RamFunc)
 *(.RamFunc*)
                0x00000000240000b4                . = ALIGN (0x4)
                0x00000000240000b4                _edata = .

.igot.plt       0x00000000240000b4        0x0 load address 0x00000000080094c8
 .igot.plt      0x00000000240000b4        0x0 /usr/lib/gcc/arm-none-eabi/12.2.0/thumb/v7e-m+dp/hard/crtbegin.o
                0x00000000240000b4                . = ALIGN (0x4)

.bss            0x00000000240000b4    0x30f6c load address 0x00000000080094c8
                0x00000000240000b4                _sbss = .
                0x00000000240000b4                __bss_start__ = _sbss
 *(.bss)
 *(.bss*)
 .bss.completed.1
                0x00000000240000b4        0x1 /usr/lib/gcc/arm-none-eabi/12.2.0/thumb/v7e-m+dp/hard/crtbegin.o
 *fill*         0x00000000240000b5        0x3 
 .bss.object.0  0x00000000240000b8       0x18 /usr/lib/gcc/arm-none-eabi/12.2.0/thumb/v7e-m+dp/hard/crtbegin.o
 .bss.hadc1     0x00000000240000d0       0x64 ./Core/Src/main.o
                0x00000000240000d0                hadc1
 .bss.htim16    0x0000000024000134       0x4c ./Core/Src/main.o
                0x0000000024000134                htim16
 .bss.htim17    0x0000000024000180       0x4c ./Core/Src/main.o
                0x0000000024000180                htim17
 .bss.huart3    0x00000000240001cc       0x90 ./Core/Src/main.o
                0x00000000240001cc                huart3
 .bss.tim_val_ms
                0x000000002400025c        0x2 ./Core/Src/main.o
                0x000000002400025c                tim_val_ms
 *fill*         0x000000002400025e        0x2 
 .bss.sensor_data
                0x0000000024000260    0x30d40 ./Core/Src/main.o
                0x0000000024000260                sensor_data
 .bss.i         0x0000000024030fa0        0x4 ./Core/Src/main.o
                0x0000000024030fa0                i
 .bss.j         0x0000000024030fa4        0x4 ./Core/Src/main.o
                0x0000000024030fa4                j
 .bss.uart_buf  0x0000000024030fa8       0x32 ./Core/Src/main.o
                0x0000000024030fa8                uart_buf
 *fill*         0x0000000024030fda        0x2 
 .bss.uart_buf_len
                0x0000000024030fdc        0x4 ./Core/Src/main.o
                0x0000000024030fdc                uart_buf_len
 .bss.raw       0x0000000024030fe0        0x2 ./Core/Src/main.o
                0x0000000024030fe0                raw
 .bss.edge      0x0000000024030fe2        0x2 ./Core/Src/main.o
                0x0000000024030fe2                edge
 .bss.pulses    0x0000000024030fe4        0x2 ./Core/Src/main.o
                0x0000000024030fe4                pulses
 *fill*         0x0000000024030fe6        0x2 
 .bss.htime     0x0000000024030fe8        0x4 ./Core/Src/main.o
                0x0000000024030fe8                htime
 .bss.begin_vibr
                0x0000000024030fec        0x4 ./Core/Src/main.o
                0x0000000024030fec                begin_vibr
 .bss.bad       0x0000000024030ff0        0x1 ./Core/Src/main.o
                0x0000000024030ff0                bad
 *fill*         0x0000000024030ff1        0x3 
 .bss.__sbrk_heap_end
                0x0000000024030ff4        0x4 ./Core/Src/sysmem.o
 .bss.uwTick    0x0000000024030ff8        0x4 ./Drivers/STM32H7xx_HAL_Driver/Src/stm32h7xx_hal.o
                0x0000000024030ff8                uwTick
 .bss.gs_STEPPER_info
                0x0000000024030ffc       0x14 ./ECUAL/STEPPER/STEPPER.o
 .bss.__lock___malloc_recursive_mutex
                0x0000000024031010        0x1 /usr/lib/gcc/arm-none-eabi/12.2.0/../../../../arm-none-eabi/lib/thumb/v7e-m+dp/hard/libc_nano.a(lib_a-lock.o)
                0x0000000024031010                __lock___malloc_recursive_mutex
 *fill*         0x0000000024031011        0x3 
 .bss.__malloc_free_list
                0x0000000024031014        0x4 /usr/lib/gcc/arm-none-eabi/12.2.0/../../../../arm-none-eabi/lib/thumb/v7e-m+dp/hard/libc_nano.a(lib_a-nano-mallocr.o)
                0x0000000024031014                __malloc_free_list
 .bss.__malloc_sbrk_start
                0x0000000024031018        0x4 /usr/lib/gcc/arm-none-eabi/12.2.0/../../../../arm-none-eabi/lib/thumb/v7e-m+dp/hard/libc_nano.a(lib_a-nano-mallocr.o)
                0x0000000024031018                __malloc_sbrk_start
 .bss.errno     0x000000002403101c        0x4 /usr/lib/gcc/arm-none-eabi/12.2.0/../../../../arm-none-eabi/lib/thumb/v7e-m+dp/hard/libc_nano.a(lib_a-reent.o)
                0x000000002403101c                errno
 *(COMMON)
                0x0000000024031020                . = ALIGN (0x4)
                0x0000000024031020                _ebss = .
                0x0000000024031020                __bss_end__ = _ebss

._user_heap_stack
                0x0000000024031020      0x600 load address 0x00000000080094c8
                0x0000000024031020                . = ALIGN (0x8)
                [!provide]                        PROVIDE (end = .)
                0x0000000024031020                PROVIDE (_end = .)
                0x0000000024031220                . = (. + _Min_Heap_Size)
 *fill*         0x0000000024031020      0x200 
                0x0000000024031620                . = (. + _Min_Stack_Size)
 *fill*         0x0000000024031220      0x400 
                0x0000000024031620                . = ALIGN (0x8)

/DISCARD/
 libc.a(*)
 libm.a(*)
 libgcc.a(*)

.ARM.attributes
                0x0000000000000000       0x2e
 *(.ARM.attributes)
 .ARM.attributes
                0x0000000000000000       0x20 /usr/lib/gcc/arm-none-eabi/12.2.0/thumb/v7e-m+dp/hard/crti.o
 .ARM.attributes
                0x0000000000000020       0x32 /usr/lib/gcc/arm-none-eabi/12.2.0/thumb/v7e-m+dp/hard/crtbegin.o
 .ARM.attributes
                0x0000000000000052       0x32 ./Core/Src/main.o
 .ARM.attributes
                0x0000000000000084       0x32 ./Core/Src/stm32h7xx_hal_msp.o
 .ARM.attributes
                0x00000000000000b6       0x32 ./Core/Src/stm32h7xx_it.o
 .ARM.attributes
                0x00000000000000e8       0x32 ./Core/Src/sysmem.o
 .ARM.attributes
                0x000000000000011a       0x32 ./Core/Src/system_stm32h7xx.o
 .ARM.attributes
                0x000000000000014c       0x21 ./Core/Startup/startup_stm32h7a3zitxq.o
 .ARM.attributes
                0x000000000000016d       0x32 ./Drivers/STM32H7xx_HAL_Driver/Src/stm32h7xx_hal.o
 .ARM.attributes
                0x000000000000019f       0x32 ./Drivers/STM32H7xx_HAL_Driver/Src/stm32h7xx_hal_adc.o
 .ARM.attributes
                0x00000000000001d1       0x32 ./Drivers/STM32H7xx_HAL_Driver/Src/stm32h7xx_hal_adc_ex.o
 .ARM.attributes
                0x0000000000000203       0x32 ./Drivers/STM32H7xx_HAL_Driver/Src/stm32h7xx_hal_cortex.o
 .ARM.attributes
                0x0000000000000235       0x32 ./Drivers/STM32H7xx_HAL_Driver/Src/stm32h7xx_hal_gpio.o
 .ARM.attributes
                0x0000000000000267       0x32 ./Drivers/STM32H7xx_HAL_Driver/Src/stm32h7xx_hal_pwr_ex.o
 .ARM.attributes
                0x0000000000000299       0x32 ./Drivers/STM32H7xx_HAL_Driver/Src/stm32h7xx_hal_rcc.o
 .ARM.attributes
                0x00000000000002cb       0x32 ./Drivers/STM32H7xx_HAL_Driver/Src/stm32h7xx_hal_rcc_ex.o
 .ARM.attributes
                0x00000000000002fd       0x32 ./Drivers/STM32H7xx_HAL_Driver/Src/stm32h7xx_hal_tim.o
 .ARM.attributes
                0x000000000000032f       0x32 ./Drivers/STM32H7xx_HAL_Driver/Src/stm32h7xx_hal_tim_ex.o
 .ARM.attributes
                0x0000000000000361       0x32 ./Drivers/STM32H7xx_HAL_Driver/Src/stm32h7xx_hal_uart.o
 .ARM.attributes
                0x0000000000000393       0x32 ./Drivers/STM32H7xx_HAL_Driver/Src/stm32h7xx_hal_uart_ex.o
 .ARM.attributes
                0x00000000000003c5       0x32 ./ECUAL/STEPPER/STEPPER.o
 .ARM.attributes
                0x00000000000003f7       0x32 ./ECUAL/STEPPER/STEPPER_cfg.o
 .ARM.attributes
                0x0000000000000429       0x32 ./util/DWT_Delay.o
 .ARM.attributes
                0x000000000000045b       0x32 /usr/lib/gcc/arm-none-eabi/12.2.0/../../../../arm-none-eabi/lib/thumb/v7e-m+dp/hard/libc_nano.a(lib_a-errno.o)
 .ARM.attributes
                0x000000000000048d       0x30 /usr/lib/gcc/arm-none-eabi/12.2.0/../../../../arm-none-eabi/lib/thumb/v7e-m+dp/hard/libc_nano.a(lib_a-impure.o)
 .ARM.attributes
                0x00000000000004bd       0x32 /usr/lib/gcc/arm-none-eabi/12.2.0/../../../../arm-none-eabi/lib/thumb/v7e-m+dp/hard/libc_nano.a(lib_a-init.o)
 .ARM.attributes
                0x00000000000004ef       0x32 /usr/lib/gcc/arm-none-eabi/12.2.0/../../../../arm-none-eabi/lib/thumb/v7e-m+dp/hard/libc_nano.a(lib_a-memset.o)
 .ARM.attributes
                0x0000000000000521       0x32 /usr/lib/gcc/arm-none-eabi/12.2.0/../../../../arm-none-eabi/lib/thumb/v7e-m+dp/hard/libc_nano.a(lib_a-sprintf.o)
 .ARM.attributes
                0x0000000000000553       0x32 /usr/lib/gcc/arm-none-eabi/12.2.0/../../../../arm-none-eabi/lib/thumb/v7e-m+dp/hard/libc_nano.a(lib_a-lock.o)
 .ARM.attributes
                0x0000000000000585       0x32 /usr/lib/gcc/arm-none-eabi/12.2.0/../../../../arm-none-eabi/lib/thumb/v7e-m+dp/hard/libc_nano.a(lib_a-nano-svfprintf.o)
 .ARM.attributes
                0x00000000000005b7       0x32 /usr/lib/gcc/arm-none-eabi/12.2.0/../../../../arm-none-eabi/lib/thumb/v7e-m+dp/hard/libc_nano.a(lib_a-nano-vfprintf_i.o)
 .ARM.attributes
                0x00000000000005e9       0x1c /usr/lib/gcc/arm-none-eabi/12.2.0/../../../../arm-none-eabi/lib/thumb/v7e-m+dp/hard/libc_nano.a(lib_a-memchr.o)
 .ARM.attributes
                0x0000000000000605       0x32 /usr/lib/gcc/arm-none-eabi/12.2.0/../../../../arm-none-eabi/lib/thumb/v7e-m+dp/hard/libc_nano.a(lib_a-memcpy-stub.o)
 .ARM.attributes
                0x0000000000000637       0x32 /usr/lib/gcc/arm-none-eabi/12.2.0/../../../../arm-none-eabi/lib/thumb/v7e-m+dp/hard/libc_nano.a(lib_a-memmove.o)
 .ARM.attributes
                0x0000000000000669       0x32 /usr/lib/gcc/arm-none-eabi/12.2.0/../../../../arm-none-eabi/lib/thumb/v7e-m+dp/hard/libc_nano.a(lib_a-nano-freer.o)
 .ARM.attributes
                0x000000000000069b       0x32 /usr/lib/gcc/arm-none-eabi/12.2.0/../../../../arm-none-eabi/lib/thumb/v7e-m+dp/hard/libc_nano.a(lib_a-nano-mallocr.o)
 .ARM.attributes
                0x00000000000006cd       0x32 /usr/lib/gcc/arm-none-eabi/12.2.0/../../../../arm-none-eabi/lib/thumb/v7e-m+dp/hard/libc_nano.a(lib_a-nano-reallocr.o)
 .ARM.attributes
                0x00000000000006ff       0x32 /usr/lib/gcc/arm-none-eabi/12.2.0/../../../../arm-none-eabi/lib/thumb/v7e-m+dp/hard/libc_nano.a(lib_a-sbrkr.o)
 .ARM.attributes
                0x0000000000000731       0x32 /usr/lib/gcc/arm-none-eabi/12.2.0/../../../../arm-none-eabi/lib/thumb/v7e-m+dp/hard/libc_nano.a(lib_a-mlock.o)
 .ARM.attributes
                0x0000000000000763       0x32 /usr/lib/gcc/arm-none-eabi/12.2.0/../../../../arm-none-eabi/lib/thumb/v7e-m+dp/hard/libc_nano.a(lib_a-nano-msizer.o)
 .ARM.attributes
                0x0000000000000795       0x32 /usr/lib/gcc/arm-none-eabi/12.2.0/../../../../arm-none-eabi/lib/thumb/v7e-m+dp/hard/libc_nano.a(lib_a-reent.o)
 .ARM.attributes
                0x00000000000007c7       0x20 /usr/lib/gcc/arm-none-eabi/12.2.0/thumb/v7e-m+dp/hard/libgcc.a(_aeabi_uldivmod.o)
 .ARM.attributes
                0x00000000000007e7       0x32 /usr/lib/gcc/arm-none-eabi/12.2.0/thumb/v7e-m+dp/hard/libgcc.a(_udivmoddi4.o)
 .ARM.attributes
                0x0000000000000819       0x20 /usr/lib/gcc/arm-none-eabi/12.2.0/thumb/v7e-m+dp/hard/libgcc.a(_dvmd_tls.o)
 .ARM.attributes
                0x0000000000000839       0x20 /usr/lib/gcc/arm-none-eabi/12.2.0/thumb/v7e-m+dp/hard/crtn.o
OUTPUT(h7a3zi_combine.elf elf32-littlearm)
LOAD linker stubs
LOAD /usr/lib/gcc/arm-none-eabi/12.2.0/../../../../arm-none-eabi/lib/thumb/v7e-m+dp/hard/libc.a
LOAD /usr/lib/gcc/arm-none-eabi/12.2.0/../../../../arm-none-eabi/lib/thumb/v7e-m+dp/hard/libm.a
LOAD /usr/lib/gcc/arm-none-eabi/12.2.0/thumb/v7e-m+dp/hard/libgcc.a

.debug_info     0x0000000000000000    0x2244b
 .debug_info    0x0000000000000000     0x1dc4 ./Core/Src/main.o
 .debug_info    0x0000000000001dc4     0x1cfe ./Core/Src/stm32h7xx_hal_msp.o
 .debug_info    0x0000000000003ac2      0x81d ./Core/Src/stm32h7xx_it.o
 .debug_info    0x00000000000042df      0x168 ./Core/Src/sysmem.o
 .debug_info    0x0000000000004447      0xc73 ./Core/Src/system_stm32h7xx.o
 .debug_info    0x00000000000050ba       0x2e ./Core/Startup/startup_stm32h7a3zitxq.o
 .debug_info    0x00000000000050e8     0x13f1 ./Drivers/STM32H7xx_HAL_Driver/Src/stm32h7xx_hal.o
 .debug_info    0x00000000000064d9     0x1dde ./Drivers/STM32H7xx_HAL_Driver/Src/stm32h7xx_hal_adc.o
 .debug_info    0x00000000000082b7     0x1f1d ./Drivers/STM32H7xx_HAL_Driver/Src/stm32h7xx_hal_adc_ex.o
 .debug_info    0x000000000000a1d4     0x1042 ./Drivers/STM32H7xx_HAL_Driver/Src/stm32h7xx_hal_cortex.o
 .debug_info    0x000000000000b216      0xb2b ./Drivers/STM32H7xx_HAL_Driver/Src/stm32h7xx_hal_gpio.o
 .debug_info    0x000000000000bd41      0xef7 ./Drivers/STM32H7xx_HAL_Driver/Src/stm32h7xx_hal_pwr_ex.o
 .debug_info    0x000000000000cc38      0xec0 ./Drivers/STM32H7xx_HAL_Driver/Src/stm32h7xx_hal_rcc.o
 .debug_info    0x000000000000daf8     0x11d9 ./Drivers/STM32H7xx_HAL_Driver/Src/stm32h7xx_hal_rcc_ex.o
 .debug_info    0x000000000000ecd1     0x2b59 ./Drivers/STM32H7xx_HAL_Driver/Src/stm32h7xx_hal_tim.o
 .debug_info    0x000000000001182a     0x188f ./Drivers/STM32H7xx_HAL_Driver/Src/stm32h7xx_hal_tim_ex.o
 .debug_info    0x00000000000130b9     0x49b4 ./Drivers/STM32H7xx_HAL_Driver/Src/stm32h7xx_hal_uart.o
 .debug_info    0x0000000000017a6d      0xf65 ./Drivers/STM32H7xx_HAL_Driver/Src/stm32h7xx_hal_uart_ex.o
 .debug_info    0x00000000000189d2     0x13de ./ECUAL/STEPPER/STEPPER.o
 .debug_info    0x0000000000019db0      0x20a ./ECUAL/STEPPER/STEPPER_cfg.o
 .debug_info    0x0000000000019fba      0x27d ./util/DWT_Delay.o
 .debug_info    0x000000000001a237      0x75b /usr/lib/gcc/arm-none-eabi/12.2.0/../../../../arm-none-eabi/lib/thumb/v7e-m+dp/hard/libc_nano.a(lib_a-errno.o)
 .debug_info    0x000000000001a992      0x806 /usr/lib/gcc/arm-none-eabi/12.2.0/../../../../arm-none-eabi/lib/thumb/v7e-m+dp/hard/libc_nano.a(lib_a-impure.o)
 .debug_info    0x000000000001b198      0x10b /usr/lib/gcc/arm-none-eabi/12.2.0/../../../../arm-none-eabi/lib/thumb/v7e-m+dp/hard/libc_nano.a(lib_a-init.o)
 .debug_info    0x000000000001b2a3       0xe0 /usr/lib/gcc/arm-none-eabi/12.2.0/../../../../arm-none-eabi/lib/thumb/v7e-m+dp/hard/libc_nano.a(lib_a-memset.o)
 .debug_info    0x000000000001b383      0x8df /usr/lib/gcc/arm-none-eabi/12.2.0/../../../../arm-none-eabi/lib/thumb/v7e-m+dp/hard/libc_nano.a(lib_a-sprintf.o)
 .debug_info    0x000000000001bc62      0x21a /usr/lib/gcc/arm-none-eabi/12.2.0/../../../../arm-none-eabi/lib/thumb/v7e-m+dp/hard/libc_nano.a(lib_a-lock.o)
 .debug_info    0x000000000001be7c     0x1124 /usr/lib/gcc/arm-none-eabi/12.2.0/../../../../arm-none-eabi/lib/thumb/v7e-m+dp/hard/libc_nano.a(lib_a-nano-svfprintf.o)
 .debug_info    0x000000000001cfa0      0xe42 /usr/lib/gcc/arm-none-eabi/12.2.0/../../../../arm-none-eabi/lib/thumb/v7e-m+dp/hard/libc_nano.a(lib_a-nano-vfprintf_i.o)
 .debug_info    0x000000000001dde2       0x25 /usr/lib/gcc/arm-none-eabi/12.2.0/../../../../arm-none-eabi/lib/thumb/v7e-m+dp/hard/libc_nano.a(lib_a-memchr.o)
 .debug_info    0x000000000001de07      0x121 /usr/lib/gcc/arm-none-eabi/12.2.0/../../../../arm-none-eabi/lib/thumb/v7e-m+dp/hard/libc_nano.a(lib_a-memcpy-stub.o)
 .debug_info    0x000000000001df28      0x10f /usr/lib/gcc/arm-none-eabi/12.2.0/../../../../arm-none-eabi/lib/thumb/v7e-m+dp/hard/libc_nano.a(lib_a-memmove.o)
 .debug_info    0x000000000001e037      0x8a6 /usr/lib/gcc/arm-none-eabi/12.2.0/../../../../arm-none-eabi/lib/thumb/v7e-m+dp/hard/libc_nano.a(lib_a-nano-freer.o)
 .debug_info    0x000000000001e8dd      0xa1c /usr/lib/gcc/arm-none-eabi/12.2.0/../../../../arm-none-eabi/lib/thumb/v7e-m+dp/hard/libc_nano.a(lib_a-nano-mallocr.o)
 .debug_info    0x000000000001f2f9      0x927 /usr/lib/gcc/arm-none-eabi/12.2.0/../../../../arm-none-eabi/lib/thumb/v7e-m+dp/hard/libc_nano.a(lib_a-nano-reallocr.o)
 .debug_info    0x000000000001fc20      0x7dc /usr/lib/gcc/arm-none-eabi/12.2.0/../../../../arm-none-eabi/lib/thumb/v7e-m+dp/hard/libc_nano.a(lib_a-sbrkr.o)
 .debug_info    0x00000000000203fc      0x7cb /usr/lib/gcc/arm-none-eabi/12.2.0/../../../../arm-none-eabi/lib/thumb/v7e-m+dp/hard/libc_nano.a(lib_a-mlock.o)
 .debug_info    0x0000000000020bc7      0x7f4 /usr/lib/gcc/arm-none-eabi/12.2.0/../../../../arm-none-eabi/lib/thumb/v7e-m+dp/hard/libc_nano.a(lib_a-nano-msizer.o)
 .debug_info    0x00000000000213bb      0x936 /usr/lib/gcc/arm-none-eabi/12.2.0/../../../../arm-none-eabi/lib/thumb/v7e-m+dp/hard/libc_nano.a(lib_a-reent.o)
 .debug_info    0x0000000000021cf1       0x24 /usr/lib/gcc/arm-none-eabi/12.2.0/thumb/v7e-m+dp/hard/libgcc.a(_aeabi_uldivmod.o)
 .debug_info    0x0000000000021d15      0x6fd /usr/lib/gcc/arm-none-eabi/12.2.0/thumb/v7e-m+dp/hard/libgcc.a(_udivmoddi4.o)
 .debug_info    0x0000000000022412       0x39 /usr/lib/gcc/arm-none-eabi/12.2.0/thumb/v7e-m+dp/hard/libgcc.a(_dvmd_tls.o)

.debug_abbrev   0x0000000000000000     0x4c7d
 .debug_abbrev  0x0000000000000000      0x337 ./Core/Src/main.o
 .debug_abbrev  0x0000000000000337      0x272 ./Core/Src/stm32h7xx_hal_msp.o
 .debug_abbrev  0x00000000000005a9      0x190 ./Core/Src/stm32h7xx_it.o
 .debug_abbrev  0x0000000000000739       0xbc ./Core/Src/sysmem.o
 .debug_abbrev  0x00000000000007f5      0x14a ./Core/Src/system_stm32h7xx.o
 .debug_abbrev  0x000000000000093f       0x1d ./Core/Startup/startup_stm32h7a3zitxq.o
 .debug_abbrev  0x000000000000095c      0x291 ./Drivers/STM32H7xx_HAL_Driver/Src/stm32h7xx_hal.o
 .debug_abbrev  0x0000000000000bed      0x2d3 ./Drivers/STM32H7xx_HAL_Driver/Src/stm32h7xx_hal_adc.o
 .debug_abbrev  0x0000000000000ec0      0x31b ./Drivers/STM32H7xx_HAL_Driver/Src/stm32h7xx_hal_adc_ex.o
 .debug_abbrev  0x00000000000011db      0x339 ./Drivers/STM32H7xx_HAL_Driver/Src/stm32h7xx_hal_cortex.o
 .debug_abbrev  0x0000000000001514      0x1fa ./Drivers/STM32H7xx_HAL_Driver/Src/stm32h7xx_hal_gpio.o
 .debug_abbrev  0x000000000000170e      0x297 ./Drivers/STM32H7xx_HAL_Driver/Src/stm32h7xx_hal_pwr_ex.o
 .debug_abbrev  0x00000000000019a5      0x2c4 ./Drivers/STM32H7xx_HAL_Driver/Src/stm32h7xx_hal_rcc.o
 .debug_abbrev  0x0000000000001c69      0x27a ./Drivers/STM32H7xx_HAL_Driver/Src/stm32h7xx_hal_rcc_ex.o
 .debug_abbrev  0x0000000000001ee3      0x26f ./Drivers/STM32H7xx_HAL_Driver/Src/stm32h7xx_hal_tim.o
 .debug_abbrev  0x0000000000002152      0x28f ./Drivers/STM32H7xx_HAL_Driver/Src/stm32h7xx_hal_tim_ex.o
 .debug_abbrev  0x00000000000023e1      0x34e ./Drivers/STM32H7xx_HAL_Driver/Src/stm32h7xx_hal_uart.o
 .debug_abbrev  0x000000000000272f      0x2d3 ./Drivers/STM32H7xx_HAL_Driver/Src/stm32h7xx_hal_uart_ex.o
 .debug_abbrev  0x0000000000002a02      0x2b6 ./ECUAL/STEPPER/STEPPER.o
 .debug_abbrev  0x0000000000002cb8       0xd9 ./ECUAL/STEPPER/STEPPER_cfg.o
 .debug_abbrev  0x0000000000002d91       0xd4 ./util/DWT_Delay.o
 .debug_abbrev  0x0000000000002e65      0x15e /usr/lib/gcc/arm-none-eabi/12.2.0/../../../../arm-none-eabi/lib/thumb/v7e-m+dp/hard/libc_nano.a(lib_a-errno.o)
 .debug_abbrev  0x0000000000002fc3      0x15a /usr/lib/gcc/arm-none-eabi/12.2.0/../../../../arm-none-eabi/lib/thumb/v7e-m+dp/hard/libc_nano.a(lib_a-impure.o)
 .debug_abbrev  0x000000000000311d       0xc9 /usr/lib/gcc/arm-none-eabi/12.2.0/../../../../arm-none-eabi/lib/thumb/v7e-m+dp/hard/libc_nano.a(lib_a-init.o)
 .debug_abbrev  0x00000000000031e6       0x9e /usr/lib/gcc/arm-none-eabi/12.2.0/../../../../arm-none-eabi/lib/thumb/v7e-m+dp/hard/libc_nano.a(lib_a-memset.o)
 .debug_abbrev  0x0000000000003284      0x21c /usr/lib/gcc/arm-none-eabi/12.2.0/../../../../arm-none-eabi/lib/thumb/v7e-m+dp/hard/libc_nano.a(lib_a-sprintf.o)
 .debug_abbrev  0x00000000000034a0      0x115 /usr/lib/gcc/arm-none-eabi/12.2.0/../../../../arm-none-eabi/lib/thumb/v7e-m+dp/hard/libc_nano.a(lib_a-lock.o)
 .debug_abbrev  0x00000000000035b5      0x31e /usr/lib/gcc/arm-none-eabi/12.2.0/../../../../arm-none-eabi/lib/thumb/v7e-m+dp/hard/libc_nano.a(lib_a-nano-svfprintf.o)
 .debug_abbrev  0x00000000000038d3      0x28e /usr/lib/gcc/arm-none-eabi/12.2.0/../../../../arm-none-eabi/lib/thumb/v7e-m+dp/hard/libc_nano.a(lib_a-nano-vfprintf_i.o)
 .debug_abbrev  0x0000000000003b61       0x14 /usr/lib/gcc/arm-none-eabi/12.2.0/../../../../arm-none-eabi/lib/thumb/v7e-m+dp/hard/libc_nano.a(lib_a-memchr.o)
 .debug_abbrev  0x0000000000003b75       0xc1 /usr/lib/gcc/arm-none-eabi/12.2.0/../../../../arm-none-eabi/lib/thumb/v7e-m+dp/hard/libc_nano.a(lib_a-memcpy-stub.o)
 .debug_abbrev  0x0000000000003c36       0xac /usr/lib/gcc/arm-none-eabi/12.2.0/../../../../arm-none-eabi/lib/thumb/v7e-m+dp/hard/libc_nano.a(lib_a-memmove.o)
 .debug_abbrev  0x0000000000003ce2      0x23b /usr/lib/gcc/arm-none-eabi/12.2.0/../../../../arm-none-eabi/lib/thumb/v7e-m+dp/hard/libc_nano.a(lib_a-nano-freer.o)
 .debug_abbrev  0x0000000000003f1d      0x24a /usr/lib/gcc/arm-none-eabi/12.2.0/../../../../arm-none-eabi/lib/thumb/v7e-m+dp/hard/libc_nano.a(lib_a-nano-mallocr.o)
 .debug_abbrev  0x0000000000004167      0x217 /usr/lib/gcc/arm-none-eabi/12.2.0/../../../../arm-none-eabi/lib/thumb/v7e-m+dp/hard/libc_nano.a(lib_a-nano-reallocr.o)
 .debug_abbrev  0x000000000000437e      0x1da /usr/lib/gcc/arm-none-eabi/12.2.0/../../../../arm-none-eabi/lib/thumb/v7e-m+dp/hard/libc_nano.a(lib_a-sbrkr.o)
 .debug_abbrev  0x0000000000004558      0x1bf /usr/lib/gcc/arm-none-eabi/12.2.0/../../../../arm-none-eabi/lib/thumb/v7e-m+dp/hard/libc_nano.a(lib_a-mlock.o)
 .debug_abbrev  0x0000000000004717      0x196 /usr/lib/gcc/arm-none-eabi/12.2.0/../../../../arm-none-eabi/lib/thumb/v7e-m+dp/hard/libc_nano.a(lib_a-nano-msizer.o)
 .debug_abbrev  0x00000000000048ad      0x233 /usr/lib/gcc/arm-none-eabi/12.2.0/../../../../arm-none-eabi/lib/thumb/v7e-m+dp/hard/libc_nano.a(lib_a-reent.o)
 .debug_abbrev  0x0000000000004ae0       0x14 /usr/lib/gcc/arm-none-eabi/12.2.0/thumb/v7e-m+dp/hard/libgcc.a(_aeabi_uldivmod.o)
 .debug_abbrev  0x0000000000004af4      0x16a /usr/lib/gcc/arm-none-eabi/12.2.0/thumb/v7e-m+dp/hard/libgcc.a(_udivmoddi4.o)
 .debug_abbrev  0x0000000000004c5e       0x1f /usr/lib/gcc/arm-none-eabi/12.2.0/thumb/v7e-m+dp/hard/libgcc.a(_dvmd_tls.o)

.debug_aranges  0x0000000000000000     0x1790
 .debug_aranges
                0x0000000000000000       0x78 ./Core/Src/main.o
 .debug_aranges
                0x0000000000000078       0x50 ./Core/Src/stm32h7xx_hal_msp.o
 .debug_aranges
                0x00000000000000c8       0x68 ./Core/Src/stm32h7xx_it.o
 .debug_aranges
                0x0000000000000130       0x20 ./Core/Src/sysmem.o
 .debug_aranges
                0x0000000000000150       0x28 ./Core/Src/system_stm32h7xx.o
 .debug_aranges
                0x0000000000000178       0x28 ./Core/Startup/startup_stm32h7a3zitxq.o
 .debug_aranges
                0x00000000000001a0      0x1a0 ./Drivers/STM32H7xx_HAL_Driver/Src/stm32h7xx_hal.o
 .debug_aranges
                0x0000000000000340      0x228 ./Drivers/STM32H7xx_HAL_Driver/Src/stm32h7xx_hal_adc.o
 .debug_aranges
                0x0000000000000568      0x1d8 ./Drivers/STM32H7xx_HAL_Driver/Src/stm32h7xx_hal_adc_ex.o
 .debug_aranges
                0x0000000000000740      0x120 ./Drivers/STM32H7xx_HAL_Driver/Src/stm32h7xx_hal_cortex.o
 .debug_aranges
                0x0000000000000860       0x58 ./Drivers/STM32H7xx_HAL_Driver/Src/stm32h7xx_hal_gpio.o
 .debug_aranges
                0x00000000000008b8      0x188 ./Drivers/STM32H7xx_HAL_Driver/Src/stm32h7xx_hal_pwr_ex.o
 .debug_aranges
                0x0000000000000a40       0x88 ./Drivers/STM32H7xx_HAL_Driver/Src/stm32h7xx_hal_rcc.o
 .debug_aranges
                0x0000000000000ac8       0xf0 ./Drivers/STM32H7xx_HAL_Driver/Src/stm32h7xx_hal_rcc_ex.o
 .debug_aranges
                0x0000000000000bb8      0x3e0 ./Drivers/STM32H7xx_HAL_Driver/Src/stm32h7xx_hal_tim.o
 .debug_aranges
                0x0000000000000f98      0x198 ./Drivers/STM32H7xx_HAL_Driver/Src/stm32h7xx_hal_tim_ex.o
 .debug_aranges
                0x0000000000001130      0x248 ./Drivers/STM32H7xx_HAL_Driver/Src/stm32h7xx_hal_uart.o
 .debug_aranges
                0x0000000000001378       0xa0 ./Drivers/STM32H7xx_HAL_Driver/Src/stm32h7xx_hal_uart_ex.o
 .debug_aranges
                0x0000000000001418       0x68 ./ECUAL/STEPPER/STEPPER.o
 .debug_aranges
                0x0000000000001480       0x18 ./ECUAL/STEPPER/STEPPER_cfg.o
 .debug_aranges
                0x0000000000001498       0x20 ./util/DWT_Delay.o
 .debug_aranges
                0x00000000000014b8       0x20 /usr/lib/gcc/arm-none-eabi/12.2.0/../../../../arm-none-eabi/lib/thumb/v7e-m+dp/hard/libc_nano.a(lib_a-errno.o)
 .debug_aranges
                0x00000000000014d8       0x18 /usr/lib/gcc/arm-none-eabi/12.2.0/../../../../arm-none-eabi/lib/thumb/v7e-m+dp/hard/libc_nano.a(lib_a-impure.o)
 .debug_aranges
                0x00000000000014f0       0x20 /usr/lib/gcc/arm-none-eabi/12.2.0/../../../../arm-none-eabi/lib/thumb/v7e-m+dp/hard/libc_nano.a(lib_a-init.o)
 .debug_aranges
                0x0000000000001510       0x20 /usr/lib/gcc/arm-none-eabi/12.2.0/../../../../arm-none-eabi/lib/thumb/v7e-m+dp/hard/libc_nano.a(lib_a-memset.o)
 .debug_aranges
                0x0000000000001530       0x28 /usr/lib/gcc/arm-none-eabi/12.2.0/../../../../arm-none-eabi/lib/thumb/v7e-m+dp/hard/libc_nano.a(lib_a-sprintf.o)
 .debug_aranges
                0x0000000000001558       0x28 /usr/lib/gcc/arm-none-eabi/12.2.0/../../../../arm-none-eabi/lib/thumb/v7e-m+dp/hard/libc_nano.a(lib_a-lock.o)
 .debug_aranges
                0x0000000000001580       0x30 /usr/lib/gcc/arm-none-eabi/12.2.0/../../../../arm-none-eabi/lib/thumb/v7e-m+dp/hard/libc_nano.a(lib_a-nano-svfprintf.o)
 .debug_aranges
                0x00000000000015b0       0x28 /usr/lib/gcc/arm-none-eabi/12.2.0/../../../../arm-none-eabi/lib/thumb/v7e-m+dp/hard/libc_nano.a(lib_a-nano-vfprintf_i.o)
 .debug_aranges
                0x00000000000015d8       0x20 /usr/lib/gcc/arm-none-eabi/12.2.0/../../../../arm-none-eabi/lib/thumb/v7e-m+dp/hard/libc_nano.a(lib_a-memchr.o)
 .debug_aranges
                0x00000000000015f8       0x20 /usr/lib/gcc/arm-none-eabi/12.2.0/../../../../arm-none-eabi/lib/thumb/v7e-m+dp/hard/libc_nano.a(lib_a-memcpy-stub.o)
 .debug_aranges
                0x0000000000001618       0x20 /usr/lib/gcc/arm-none-eabi/12.2.0/../../../../arm-none-eabi/lib/thumb/v7e-m+dp/hard/libc_nano.a(lib_a-memmove.o)
 .debug_aranges
                0x0000000000001638       0x20 /usr/lib/gcc/arm-none-eabi/12.2.0/../../../../arm-none-eabi/lib/thumb/v7e-m+dp/hard/libc_nano.a(lib_a-nano-freer.o)
 .debug_aranges
                0x0000000000001658       0x28 /usr/lib/gcc/arm-none-eabi/12.2.0/../../../../arm-none-eabi/lib/thumb/v7e-m+dp/hard/libc_nano.a(lib_a-nano-mallocr.o)
 .debug_aranges
                0x0000000000001680       0x20 /usr/lib/gcc/arm-none-eabi/12.2.0/../../../../arm-none-eabi/lib/thumb/v7e-m+dp/hard/libc_nano.a(lib_a-nano-reallocr.o)
 .debug_aranges
                0x00000000000016a0       0x20 /usr/lib/gcc/arm-none-eabi/12.2.0/../../../../arm-none-eabi/lib/thumb/v7e-m+dp/hard/libc_nano.a(lib_a-sbrkr.o)
 .debug_aranges
                0x00000000000016c0       0x28 /usr/lib/gcc/arm-none-eabi/12.2.0/../../../../arm-none-eabi/lib/thumb/v7e-m+dp/hard/libc_nano.a(lib_a-mlock.o)
 .debug_aranges
                0x00000000000016e8       0x20 /usr/lib/gcc/arm-none-eabi/12.2.0/../../../../arm-none-eabi/lib/thumb/v7e-m+dp/hard/libc_nano.a(lib_a-nano-msizer.o)
 .debug_aranges
                0x0000000000001708       0x28 /usr/lib/gcc/arm-none-eabi/12.2.0/../../../../arm-none-eabi/lib/thumb/v7e-m+dp/hard/libc_nano.a(lib_a-reent.o)
 .debug_aranges
                0x0000000000001730       0x20 /usr/lib/gcc/arm-none-eabi/12.2.0/thumb/v7e-m+dp/hard/libgcc.a(_aeabi_uldivmod.o)
 .debug_aranges
                0x0000000000001750       0x20 /usr/lib/gcc/arm-none-eabi/12.2.0/thumb/v7e-m+dp/hard/libgcc.a(_udivmoddi4.o)
 .debug_aranges
                0x0000000000001770       0x20 /usr/lib/gcc/arm-none-eabi/12.2.0/thumb/v7e-m+dp/hard/libgcc.a(_dvmd_tls.o)

.debug_rnglists
                0x0000000000000000     0x127c
 .debug_rnglists
                0x0000000000000000       0x5c ./Core/Src/main.o
 .debug_rnglists
                0x000000000000005c       0x3a ./Core/Src/stm32h7xx_hal_msp.o
 .debug_rnglists
                0x0000000000000096       0x49 ./Core/Src/stm32h7xx_it.o
 .debug_rnglists
                0x00000000000000df       0x13 ./Core/Src/sysmem.o
 .debug_rnglists
                0x00000000000000f2       0x1b ./Core/Src/system_stm32h7xx.o
 .debug_rnglists
                0x000000000000010d       0x19 ./Core/Startup/startup_stm32h7a3zitxq.o
 .debug_rnglists
                0x0000000000000126      0x137 ./Drivers/STM32H7xx_HAL_Driver/Src/stm32h7xx_hal.o
 .debug_rnglists
                0x000000000000025d      0x1a9 ./Drivers/STM32H7xx_HAL_Driver/Src/stm32h7xx_hal_adc.o
 .debug_rnglists
                0x0000000000000406      0x16f ./Drivers/STM32H7xx_HAL_Driver/Src/stm32h7xx_hal_adc_ex.o
 .debug_rnglists
                0x0000000000000575       0xd4 ./Drivers/STM32H7xx_HAL_Driver/Src/stm32h7xx_hal_cortex.o
 .debug_rnglists
                0x0000000000000649       0x3f ./Drivers/STM32H7xx_HAL_Driver/Src/stm32h7xx_hal_gpio.o
 .debug_rnglists
                0x0000000000000688      0x126 ./Drivers/STM32H7xx_HAL_Driver/Src/stm32h7xx_hal_pwr_ex.o
 .debug_rnglists
                0x00000000000007ae       0x68 ./Drivers/STM32H7xx_HAL_Driver/Src/stm32h7xx_hal_rcc.o
 .debug_rnglists
                0x0000000000000816       0xba ./Drivers/STM32H7xx_HAL_Driver/Src/stm32h7xx_hal_rcc_ex.o
 .debug_rnglists
                0x00000000000008d0      0x328 ./Drivers/STM32H7xx_HAL_Driver/Src/stm32h7xx_hal_tim.o
 .debug_rnglists
                0x0000000000000bf8      0x14d ./Drivers/STM32H7xx_HAL_Driver/Src/stm32h7xx_hal_tim_ex.o
 .debug_rnglists
                0x0000000000000d45      0x1f9 ./Drivers/STM32H7xx_HAL_Driver/Src/stm32h7xx_hal_uart.o
 .debug_rnglists
                0x0000000000000f3e       0x79 ./Drivers/STM32H7xx_HAL_Driver/Src/stm32h7xx_hal_uart_ex.o
 .debug_rnglists
                0x0000000000000fb7       0x50 ./ECUAL/STEPPER/STEPPER.o
 .debug_rnglists
                0x0000000000001007       0x13 ./util/DWT_Delay.o
 .debug_rnglists
                0x000000000000101a       0x13 /usr/lib/gcc/arm-none-eabi/12.2.0/../../../../arm-none-eabi/lib/thumb/v7e-m+dp/hard/libc_nano.a(lib_a-errno.o)
 .debug_rnglists
                0x000000000000102d       0x13 /usr/lib/gcc/arm-none-eabi/12.2.0/../../../../arm-none-eabi/lib/thumb/v7e-m+dp/hard/libc_nano.a(lib_a-init.o)
 .debug_rnglists
                0x0000000000001040       0x13 /usr/lib/gcc/arm-none-eabi/12.2.0/../../../../arm-none-eabi/lib/thumb/v7e-m+dp/hard/libc_nano.a(lib_a-memset.o)
 .debug_rnglists
                0x0000000000001053       0x19 /usr/lib/gcc/arm-none-eabi/12.2.0/../../../../arm-none-eabi/lib/thumb/v7e-m+dp/hard/libc_nano.a(lib_a-sprintf.o)
 .debug_rnglists
                0x000000000000106c       0x19 /usr/lib/gcc/arm-none-eabi/12.2.0/../../../../arm-none-eabi/lib/thumb/v7e-m+dp/hard/libc_nano.a(lib_a-lock.o)
 .debug_rnglists
                0x0000000000001085       0x44 /usr/lib/gcc/arm-none-eabi/12.2.0/../../../../arm-none-eabi/lib/thumb/v7e-m+dp/hard/libc_nano.a(lib_a-nano-svfprintf.o)
 .debug_rnglists
                0x00000000000010c9       0x5c /usr/lib/gcc/arm-none-eabi/12.2.0/../../../../arm-none-eabi/lib/thumb/v7e-m+dp/hard/libc_nano.a(lib_a-nano-vfprintf_i.o)
 .debug_rnglists
                0x0000000000001125       0x13 /usr/lib/gcc/arm-none-eabi/12.2.0/../../../../arm-none-eabi/lib/thumb/v7e-m+dp/hard/libc_nano.a(lib_a-memcpy-stub.o)
 .debug_rnglists
                0x0000000000001138       0x13 /usr/lib/gcc/arm-none-eabi/12.2.0/../../../../arm-none-eabi/lib/thumb/v7e-m+dp/hard/libc_nano.a(lib_a-memmove.o)
 .debug_rnglists
                0x000000000000114b       0x20 /usr/lib/gcc/arm-none-eabi/12.2.0/../../../../arm-none-eabi/lib/thumb/v7e-m+dp/hard/libc_nano.a(lib_a-nano-freer.o)
 .debug_rnglists
                0x000000000000116b       0x26 /usr/lib/gcc/arm-none-eabi/12.2.0/../../../../arm-none-eabi/lib/thumb/v7e-m+dp/hard/libc_nano.a(lib_a-nano-mallocr.o)
 .debug_rnglists
                0x0000000000001191       0x13 /usr/lib/gcc/arm-none-eabi/12.2.0/../../../../arm-none-eabi/lib/thumb/v7e-m+dp/hard/libc_nano.a(lib_a-nano-reallocr.o)
 .debug_rnglists
                0x00000000000011a4       0x13 /usr/lib/gcc/arm-none-eabi/12.2.0/../../../../arm-none-eabi/lib/thumb/v7e-m+dp/hard/libc_nano.a(lib_a-sbrkr.o)
 .debug_rnglists
                0x00000000000011b7       0x19 /usr/lib/gcc/arm-none-eabi/12.2.0/../../../../arm-none-eabi/lib/thumb/v7e-m+dp/hard/libc_nano.a(lib_a-mlock.o)
 .debug_rnglists
                0x00000000000011d0       0x13 /usr/lib/gcc/arm-none-eabi/12.2.0/../../../../arm-none-eabi/lib/thumb/v7e-m+dp/hard/libc_nano.a(lib_a-nano-msizer.o)
 .debug_rnglists
                0x00000000000011e3       0x2c /usr/lib/gcc/arm-none-eabi/12.2.0/../../../../arm-none-eabi/lib/thumb/v7e-m+dp/hard/libc_nano.a(lib_a-reent.o)
 .debug_rnglists
                0x000000000000120f       0x6d /usr/lib/gcc/arm-none-eabi/12.2.0/thumb/v7e-m+dp/hard/libgcc.a(_udivmoddi4.o)

.debug_macro    0x0000000000000000    0x33128
 .debug_macro   0x0000000000000000      0x3de ./Core/Src/main.o
 .debug_macro   0x00000000000003de      0xacc ./Core/Src/main.o
 .debug_macro   0x0000000000000eaa      0x23e ./Core/Src/main.o
 .debug_macro   0x00000000000010e8       0x2e ./Core/Src/main.o
 .debug_macro   0x0000000000001116       0x42 ./Core/Src/main.o
 .debug_macro   0x0000000000001158       0x22 ./Core/Src/main.o
 .debug_macro   0x000000000000117a       0x8e ./Core/Src/main.o
 .debug_macro   0x0000000000001208       0x51 ./Core/Src/main.o
 .debug_macro   0x0000000000001259      0x103 ./Core/Src/main.o
 .debug_macro   0x000000000000135c       0x6a ./Core/Src/main.o
 .debug_macro   0x00000000000013c6      0x1df ./Core/Src/main.o
 .debug_macro   0x00000000000015a5       0x1c ./Core/Src/main.o
 .debug_macro   0x00000000000015c1       0x22 ./Core/Src/main.o
 .debug_macro   0x00000000000015e3       0xfb ./Core/Src/main.o
 .debug_macro   0x00000000000016de     0x1305 ./Core/Src/main.o
 .debug_macro   0x00000000000029e3      0x11f ./Core/Src/main.o
 .debug_macro   0x0000000000002b02       0x27 ./Core/Src/main.o
 .debug_macro   0x0000000000002b29    0x1e8d1 ./Core/Src/main.o
 .debug_macro   0x00000000000213fa       0x6d ./Core/Src/main.o
 .debug_macro   0x0000000000021467     0x3d29 ./Core/Src/main.o
 .debug_macro   0x0000000000025190      0x189 ./Core/Src/main.o
 .debug_macro   0x0000000000025319       0x58 ./Core/Src/main.o
 .debug_macro   0x0000000000025371       0x1d ./Core/Src/main.o
 .debug_macro   0x000000000002538e       0x43 ./Core/Src/main.o
 .debug_macro   0x00000000000253d1       0x34 ./Core/Src/main.o
 .debug_macro   0x0000000000025405       0x16 ./Core/Src/main.o
 .debug_macro   0x000000000002541b       0x43 ./Core/Src/main.o
 .debug_macro   0x000000000002545e       0x34 ./Core/Src/main.o
 .debug_macro   0x0000000000025492       0x10 ./Core/Src/main.o
 .debug_macro   0x00000000000254a2       0x58 ./Core/Src/main.o
 .debug_macro   0x00000000000254fa       0x71 ./Core/Src/main.o
 .debug_macro   0x000000000002556b       0x1c ./Core/Src/main.o
 .debug_macro   0x0000000000025587      0x12a ./Core/Src/main.o
 .debug_macro   0x00000000000256b1      0x341 ./Core/Src/main.o
 .debug_macro   0x00000000000259f2      0x19b ./Core/Src/main.o
 .debug_macro   0x0000000000025b8d       0x5d ./Core/Src/main.o
 .debug_macro   0x0000000000025bea     0x24ee ./Core/Src/main.o
 .debug_macro   0x00000000000280d8     0x1010 ./Core/Src/main.o
 .debug_macro   0x00000000000290e8      0x14d ./Core/Src/main.o
 .debug_macro   0x0000000000029235      0x114 ./Core/Src/main.o
 .debug_macro   0x0000000000029349      0x3bf ./Core/Src/main.o
 .debug_macro   0x0000000000029708       0xac ./Core/Src/main.o
 .debug_macro   0x00000000000297b4      0x70a ./Core/Src/main.o
 .debug_macro   0x0000000000029ebe      0x20c ./Core/Src/main.o
 .debug_macro   0x000000000002a0ca       0x66 ./Core/Src/main.o
 .debug_macro   0x000000000002a130      0x3c9 ./Core/Src/main.o
 .debug_macro   0x000000000002a4f9      0x3eb ./Core/Src/main.o
 .debug_macro   0x000000000002a8e4      0x275 ./Core/Src/main.o
 .debug_macro   0x000000000002ab59     0x1021 ./Core/Src/main.o
 .debug_macro   0x000000000002bb7a      0x6be ./Core/Src/main.o
 .debug_macro   0x000000000002c238      0x34b ./Core/Src/main.o
 .debug_macro   0x000000000002c583      0x6c8 ./Core/Src/main.o
 .debug_macro   0x000000000002cc4b      0x520 ./Core/Src/main.o
 .debug_macro   0x000000000002d16b       0x58 ./Core/Src/main.o
 .debug_macro   0x000000000002d1c3       0x4a ./Core/Src/main.o
 .debug_macro   0x000000000002d20d      0x22c ./Core/Src/main.o
 .debug_macro   0x000000000002d439       0x67 ./Core/Src/main.o
 .debug_macro   0x000000000002d4a0       0xa5 ./Core/Src/main.o
 .debug_macro   0x000000000002d545      0x1bd ./Core/Src/main.o
 .debug_macro   0x000000000002d702      0x2dc ./Core/Src/main.o
 .debug_macro   0x000000000002d9de       0x35 ./Core/Src/main.o
 .debug_macro   0x000000000002da13      0xb16 ./Core/Src/main.o
 .debug_macro   0x000000000002e529      0x29f ./Core/Src/main.o
 .debug_macro   0x000000000002e7c8      0x67e ./Core/Src/main.o
 .debug_macro   0x000000000002ee46       0xa6 ./Core/Src/main.o
 .debug_macro   0x000000000002eeec      0x5be ./Core/Src/main.o
 .debug_macro   0x000000000002f4aa       0xc4 ./Core/Src/main.o
 .debug_macro   0x000000000002f56e       0x52 ./Core/Src/main.o
 .debug_macro   0x000000000002f5c0       0x1c ./Core/Src/main.o
 .debug_macro   0x000000000002f5dc       0x35 ./Core/Src/main.o
 .debug_macro   0x000000000002f611       0x10 ./Core/Src/main.o
 .debug_macro   0x000000000002f621       0x10 ./Core/Src/main.o
 .debug_macro   0x000000000002f631       0x1c ./Core/Src/main.o
 .debug_macro   0x000000000002f64d       0x52 ./Core/Src/main.o
 .debug_macro   0x000000000002f69f       0x22 ./Core/Src/main.o
 .debug_macro   0x000000000002f6c1       0x10 ./Core/Src/main.o
 .debug_macro   0x000000000002f6d1       0x52 ./Core/Src/main.o
 .debug_macro   0x000000000002f723       0xd5 ./Core/Src/main.o
 .debug_macro   0x000000000002f7f8       0x1c ./Core/Src/main.o
 .debug_macro   0x000000000002f814       0x3d ./Core/Src/main.o
 .debug_macro   0x000000000002f851       0x16 ./Core/Src/main.o
 .debug_macro   0x000000000002f867      0x145 ./Core/Src/main.o
 .debug_macro   0x000000000002f9ac       0x16 ./Core/Src/main.o
 .debug_macro   0x000000000002f9c2       0x22 ./Core/Src/main.o
 .debug_macro   0x000000000002f9e4      0x2da ./Core/Src/stm32h7xx_hal_msp.o
 .debug_macro   0x000000000002fcbe      0x2e4 ./Core/Src/stm32h7xx_it.o
 .debug_macro   0x000000000002ffa2       0xff ./Core/Src/sysmem.o
 .debug_macro   0x00000000000300a1      0x23b ./Core/Src/sysmem.o
 .debug_macro   0x00000000000302dc      0x2cb ./Core/Src/system_stm32h7xx.o
 .debug_macro   0x00000000000305a7      0x2f5 ./Drivers/STM32H7xx_HAL_Driver/Src/stm32h7xx_hal.o
 .debug_macro   0x000000000003089c      0x2ef ./Drivers/STM32H7xx_HAL_Driver/Src/stm32h7xx_hal_adc.o
 .debug_macro   0x0000000000030b8b      0x2d7 ./Drivers/STM32H7xx_HAL_Driver/Src/stm32h7xx_hal_adc_ex.o
 .debug_macro   0x0000000000030e62      0x2cb ./Drivers/STM32H7xx_HAL_Driver/Src/stm32h7xx_hal_cortex.o
 .debug_macro   0x000000000003112d      0x2d2 ./Drivers/STM32H7xx_HAL_Driver/Src/stm32h7xx_hal_gpio.o
 .debug_macro   0x00000000000313ff      0x304 ./Drivers/STM32H7xx_HAL_Driver/Src/stm32h7xx_hal_pwr_ex.o
 .debug_macro   0x0000000000031703      0x2ef ./Drivers/STM32H7xx_HAL_Driver/Src/stm32h7xx_hal_rcc.o
 .debug_macro   0x00000000000319f2      0x2e9 ./Drivers/STM32H7xx_HAL_Driver/Src/stm32h7xx_hal_rcc_ex.o
 .debug_macro   0x0000000000031cdb      0x2cc ./Drivers/STM32H7xx_HAL_Driver/Src/stm32h7xx_hal_tim.o
 .debug_macro   0x0000000000031fa7      0x2d1 ./Drivers/STM32H7xx_HAL_Driver/Src/stm32h7xx_hal_tim_ex.o
 .debug_macro   0x0000000000032278      0x2f6 ./Drivers/STM32H7xx_HAL_Driver/Src/stm32h7xx_hal_uart.o
 .debug_macro   0x000000000003256e      0x2d7 ./Drivers/STM32H7xx_HAL_Driver/Src/stm32h7xx_hal_uart_ex.o
 .debug_macro   0x0000000000032845      0x2e8 ./ECUAL/STEPPER/STEPPER.o
 .debug_macro   0x0000000000032b2d      0x2da ./ECUAL/STEPPER/STEPPER_cfg.o
 .debug_macro   0x0000000000032e07       0x4c ./ECUAL/STEPPER/STEPPER_cfg.o
 .debug_macro   0x0000000000032e53      0x2d5 ./util/DWT_Delay.o

.debug_line     0x0000000000000000    0x198f3
 .debug_line    0x0000000000000000      0xb27 ./Core/Src/main.o
 .debug_line    0x0000000000000b27      0x6e4 ./Core/Src/stm32h7xx_hal_msp.o
 .debug_line    0x000000000000120b      0x699 ./Core/Src/stm32h7xx_it.o
 .debug_line    0x00000000000018a4      0x215 ./Core/Src/sysmem.o
 .debug_line    0x0000000000001ab9      0x76f ./Core/Src/system_stm32h7xx.o
 .debug_line    0x0000000000002228       0x7a ./Core/Startup/startup_stm32h7a3zitxq.o
 .debug_line    0x00000000000022a2      0xb7c ./Drivers/STM32H7xx_HAL_Driver/Src/stm32h7xx_hal.o
 .debug_line    0x0000000000002e1e     0x1dc0 ./Drivers/STM32H7xx_HAL_Driver/Src/stm32h7xx_hal_adc.o
 .debug_line    0x0000000000004bde     0x1a88 ./Drivers/STM32H7xx_HAL_Driver/Src/stm32h7xx_hal_adc_ex.o
 .debug_line    0x0000000000006666      0xb74 ./Drivers/STM32H7xx_HAL_Driver/Src/stm32h7xx_hal_cortex.o
 .debug_line    0x00000000000071da      0xa47 ./Drivers/STM32H7xx_HAL_Driver/Src/stm32h7xx_hal_gpio.o
 .debug_line    0x0000000000007c21      0xcfa ./Drivers/STM32H7xx_HAL_Driver/Src/stm32h7xx_hal_pwr_ex.o
 .debug_line    0x000000000000891b     0x107c ./Drivers/STM32H7xx_HAL_Driver/Src/stm32h7xx_hal_rcc.o
 .debug_line    0x0000000000009997     0x17f4 ./Drivers/STM32H7xx_HAL_Driver/Src/stm32h7xx_hal_rcc_ex.o
 .debug_line    0x000000000000b18b     0x3c55 ./Drivers/STM32H7xx_HAL_Driver/Src/stm32h7xx_hal_tim.o
 .debug_line    0x000000000000ede0     0x1c16 ./Drivers/STM32H7xx_HAL_Driver/Src/stm32h7xx_hal_tim_ex.o
 .debug_line    0x00000000000109f6     0x3c48 ./Drivers/STM32H7xx_HAL_Driver/Src/stm32h7xx_hal_uart.o
 .debug_line    0x000000000001463e      0xc4d ./Drivers/STM32H7xx_HAL_Driver/Src/stm32h7xx_hal_uart_ex.o
 .debug_line    0x000000000001528b      0xa60 ./ECUAL/STEPPER/STEPPER.o
 .debug_line    0x0000000000015ceb      0x5a8 ./ECUAL/STEPPER/STEPPER_cfg.o
 .debug_line    0x0000000000016293      0x5e2 ./util/DWT_Delay.o
 .debug_line    0x0000000000016875      0x130 /usr/lib/gcc/arm-none-eabi/12.2.0/../../../../arm-none-eabi/lib/thumb/v7e-m+dp/hard/libc_nano.a(lib_a-errno.o)
 .debug_line    0x00000000000169a5      0x10e /usr/lib/gcc/arm-none-eabi/12.2.0/../../../../arm-none-eabi/lib/thumb/v7e-m+dp/hard/libc_nano.a(lib_a-impure.o)
 .debug_line    0x0000000000016ab3      0x13b /usr/lib/gcc/arm-none-eabi/12.2.0/../../../../arm-none-eabi/lib/thumb/v7e-m+dp/hard/libc_nano.a(lib_a-init.o)
 .debug_line    0x0000000000016bee      0x129 /usr/lib/gcc/arm-none-eabi/12.2.0/../../../../arm-none-eabi/lib/thumb/v7e-m+dp/hard/libc_nano.a(lib_a-memset.o)
 .debug_line    0x0000000000016d17      0x252 /usr/lib/gcc/arm-none-eabi/12.2.0/../../../../arm-none-eabi/lib/thumb/v7e-m+dp/hard/libc_nano.a(lib_a-sprintf.o)
 .debug_line    0x0000000000016f69       0xeb /usr/lib/gcc/arm-none-eabi/12.2.0/../../../../arm-none-eabi/lib/thumb/v7e-m+dp/hard/libc_nano.a(lib_a-lock.o)
 .debug_line    0x0000000000017054      0x7fd /usr/lib/gcc/arm-none-eabi/12.2.0/../../../../arm-none-eabi/lib/thumb/v7e-m+dp/hard/libc_nano.a(lib_a-nano-svfprintf.o)
 .debug_line    0x0000000000017851      0x6d8 /usr/lib/gcc/arm-none-eabi/12.2.0/../../../../arm-none-eabi/lib/thumb/v7e-m+dp/hard/libc_nano.a(lib_a-nano-vfprintf_i.o)
 .debug_line    0x0000000000017f29       0x82 /usr/lib/gcc/arm-none-eabi/12.2.0/../../../../arm-none-eabi/lib/thumb/v7e-m+dp/hard/libc_nano.a(lib_a-memchr.o)
 .debug_line    0x0000000000017fab      0x147 /usr/lib/gcc/arm-none-eabi/12.2.0/../../../../arm-none-eabi/lib/thumb/v7e-m+dp/hard/libc_nano.a(lib_a-memcpy-stub.o)
 .debug_line    0x00000000000180f2      0x167 /usr/lib/gcc/arm-none-eabi/12.2.0/../../../../arm-none-eabi/lib/thumb/v7e-m+dp/hard/libc_nano.a(lib_a-memmove.o)
 .debug_line    0x0000000000018259      0x2b8 /usr/lib/gcc/arm-none-eabi/12.2.0/../../../../arm-none-eabi/lib/thumb/v7e-m+dp/hard/libc_nano.a(lib_a-nano-freer.o)
 .debug_line    0x0000000000018511      0x437 /usr/lib/gcc/arm-none-eabi/12.2.0/../../../../arm-none-eabi/lib/thumb/v7e-m+dp/hard/libc_nano.a(lib_a-nano-mallocr.o)
 .debug_line    0x0000000000018948      0x207 /usr/lib/gcc/arm-none-eabi/12.2.0/../../../../arm-none-eabi/lib/thumb/v7e-m+dp/hard/libc_nano.a(lib_a-nano-reallocr.o)
 .debug_line    0x0000000000018b4f      0x1be /usr/lib/gcc/arm-none-eabi/12.2.0/../../../../arm-none-eabi/lib/thumb/v7e-m+dp/hard/libc_nano.a(lib_a-sbrkr.o)
 .debug_line    0x0000000000018d0d      0x190 /usr/lib/gcc/arm-none-eabi/12.2.0/../../../../arm-none-eabi/lib/thumb/v7e-m+dp/hard/libc_nano.a(lib_a-mlock.o)
 .debug_line    0x0000000000018e9d      0x19a /usr/lib/gcc/arm-none-eabi/12.2.0/../../../../arm-none-eabi/lib/thumb/v7e-m+dp/hard/libc_nano.a(lib_a-nano-msizer.o)
 .debug_line    0x0000000000019037      0x2c3 /usr/lib/gcc/arm-none-eabi/12.2.0/../../../../arm-none-eabi/lib/thumb/v7e-m+dp/hard/libc_nano.a(lib_a-reent.o)
 .debug_line    0x00000000000192fa       0x4e /usr/lib/gcc/arm-none-eabi/12.2.0/thumb/v7e-m+dp/hard/libgcc.a(_aeabi_uldivmod.o)
 .debug_line    0x0000000000019348      0x561 /usr/lib/gcc/arm-none-eabi/12.2.0/thumb/v7e-m+dp/hard/libgcc.a(_udivmoddi4.o)
 .debug_line    0x00000000000198a9       0x4a /usr/lib/gcc/arm-none-eabi/12.2.0/thumb/v7e-m+dp/hard/libgcc.a(_dvmd_tls.o)

.debug_str      0x0000000000000000   0x15582d
 .debug_str     0x0000000000000000   0x14da32 ./Core/Src/main.o
                                     0x14e2af (size before relaxing)
 .debug_str     0x000000000014da32      0xacc ./Core/Src/stm32h7xx_hal_msp.o
                                     0x14d82b (size before relaxing)
 .debug_str     0x000000000014e4fe       0xed ./Core/Src/stm32h7xx_it.o
                                     0x14c50a (size before relaxing)
 .debug_str     0x000000000014e5eb      0x4da ./Core/Src/sysmem.o
                                       0x5f38 (size before relaxing)
 .debug_str     0x000000000014eac5      0x30e ./Core/Src/system_stm32h7xx.o
                                     0x14c04d (size before relaxing)
 .debug_str     0x000000000014edd3       0x43 ./Core/Startup/startup_stm32h7a3zitxq.o
                                         0x70 (size before relaxing)
 .debug_str     0x000000000014ee16      0x7ed ./Drivers/STM32H7xx_HAL_Driver/Src/stm32h7xx_hal.o
                                     0x14cf21 (size before relaxing)
 .debug_str     0x000000000014f603      0xaea ./Drivers/STM32H7xx_HAL_Driver/Src/stm32h7xx_hal_adc.o