../Core/Src/main.c:95:5:main	8	static
../Core/Src/main.c:222:6:SystemClock_Config	120	static
../Core/Src/main.c:289:13:MX_ADC1_Init	48	static
../Core/Src/main.c:357:13:MX_TIM16_Init	8	static
../Core/Src/main.c:389:13:MX_TIM17_Init	8	static
../Core/Src/main.c:421:13:MX_USART3_UART_Init	8	static
../Core/Src/main.c:469:13:MX_USB_OTG_HS_USB_Init	4	static
../Core/Src/main.c:490:13:MX_GPIO_Init	64	static
../Core/Src/main.c:591:6:HAL_TIM_PeriodElapsedCallback	16	static
../Core/Src/main.c:595:6:measure	40	static
../Core/Src/main.c:641:6:analyse	48	static
../Core/Src/main.c:688:6:uart_transmit_analog	16	static
../Core/Src/main.c:695:6:uart_transmit_digital	16	static
../Core/Src/main.c:704:6:uart_transmit_info	8	static
../Core/Src/main.c:722:6:Error_Handler	4	static,ignoring_inline_asm
