../Core/Src/main.c:95:5:main	16	static
../Core/Src/main.c:229:6:SystemClock_Config	120	static
../Core/Src/main.c:296:13:MX_ADC1_Init	48	static
../Core/Src/main.c:364:13:MX_TIM16_Init	8	static
../Core/Src/main.c:396:13:MX_TIM17_Init	8	static
../Core/Src/main.c:428:13:MX_USART3_UART_Init	8	static
../Core/Src/main.c:476:13:MX_USB_OTG_HS_USB_Init	4	static
../Core/Src/main.c:497:13:MX_GPIO_Init	64	static
../Core/Src/main.c:598:6:HAL_TIM_PeriodElapsedCallback	16	static
../Core/Src/main.c:602:6:measure	40	static
../Core/Src/main.c:648:6:analyse	48	static
../Core/Src/main.c:695:6:uart_transmit_analog	16	static
../Core/Src/main.c:702:6:uart_transmit_digital	16	static
../Core/Src/main.c:711:6:uart_transmit_info	8	static
../Core/Src/main.c:729:6:Error_Handler	4	static,ignoring_inline_asm
